Component: ARM Compiler 5.06 update 7 (build 960) Tool: armlink [4d3601]

==============================================================================

Section Cross References

    startup_stm32f103xe.o(STACK) refers (Special) to heapauxi.o(.text) for __use_two_region_memory
    startup_stm32f103xe.o(HEAP) refers (Special) to heapauxi.o(.text) for __use_two_region_memory
    startup_stm32f103xe.o(RESET) refers (Special) to heapauxi.o(.text) for __use_two_region_memory
    startup_stm32f103xe.o(RESET) refers to startup_stm32f103xe.o(STACK) for __initial_sp
    startup_stm32f103xe.o(RESET) refers to startup_stm32f103xe.o(.text) for Reset_Handler
    startup_stm32f103xe.o(RESET) refers to stm32f1xx_it.o(i.NMI_Handler) for NMI_Handler
    startup_stm32f103xe.o(RESET) refers to stm32f1xx_it.o(i.HardFault_Handler) for HardFault_Handler
    startup_stm32f103xe.o(RESET) refers to stm32f1xx_it.o(i.MemManage_Handler) for MemManage_Handler
    startup_stm32f103xe.o(RESET) refers to stm32f1xx_it.o(i.BusFault_Handler) for BusFault_Handler
    startup_stm32f103xe.o(RESET) refers to stm32f1xx_it.o(i.UsageFault_Handler) for UsageFault_Handler
    startup_stm32f103xe.o(RESET) refers to port.o(.emb_text) for SVC_Handler
    startup_stm32f103xe.o(RESET) refers to stm32f1xx_it.o(i.DebugMon_Handler) for DebugMon_Handler
    startup_stm32f103xe.o(RESET) refers to port.o(i.SysTick_Handler) for SysTick_Handler
    startup_stm32f103xe.o(RESET) refers to stm32f1xx_it.o(i.TIM2_IRQHandler) for TIM2_IRQHandler
    startup_stm32f103xe.o(.text) refers (Special) to heapauxi.o(.text) for __use_two_region_memory
    startup_stm32f103xe.o(.text) refers to system_stm32f1xx.o(i.SystemInit) for SystemInit
    startup_stm32f103xe.o(.text) refers to __main.o(!!!main) for __main
    startup_stm32f103xe.o(.text) refers to startup_stm32f103xe.o(HEAP) for Heap_Mem
    startup_stm32f103xe.o(.text) refers to startup_stm32f103xe.o(STACK) for Stack_Mem
    main.o(i.HAL_TIM_PeriodElapsedCallback) refers to stm32f1xx_hal.o(i.HAL_IncTick) for HAL_IncTick
    main.o(i.SystemClock_Config) refers to rt_memclr_w.o(.text) for __aeabi_memclr4
    main.o(i.SystemClock_Config) refers to stm32f1xx_hal_rcc.o(i.HAL_RCC_OscConfig) for HAL_RCC_OscConfig
    main.o(i.SystemClock_Config) refers to stm32f1xx_hal_rcc.o(i.HAL_RCC_ClockConfig) for HAL_RCC_ClockConfig
    main.o(i.main) refers to stm32f1xx_hal.o(i.HAL_Init) for HAL_Init
    main.o(i.main) refers to main.o(i.SystemClock_Config) for SystemClock_Config
    main.o(i.main) refers to i2c.o(i.MX_I2C2_Init) for MX_I2C2_Init
    main.o(i.main) refers to tim.o(i.MX_TIM1_Init) for MX_TIM1_Init
    main.o(i.main) refers to stm32f1xx_hal_tim_ex.o(i.HAL_TIMEx_PWMN_Start) for HAL_TIMEx_PWMN_Start
    main.o(i.main) refers to cmsis_os2.o(i.osKernelInitialize) for osKernelInitialize
    main.o(i.main) refers to freertos.o(i.MX_FREERTOS_Init) for MX_FREERTOS_Init
    main.o(i.main) refers to cmsis_os2.o(i.osKernelStart) for osKernelStart
    main.o(i.main) refers to tim.o(.bss) for htim1
    gpio.o(i.GPIO_Init_Universal) refers to stm32f1xx_hal_gpio.o(i.HAL_GPIO_Init) for HAL_GPIO_Init
    gpio.o(i.GPIO_Read_Pin) refers to stm32f1xx_hal_gpio.o(i.HAL_GPIO_ReadPin) for HAL_GPIO_ReadPin
    gpio.o(i.GPIO_Toggle_Pin) refers to stm32f1xx_hal_gpio.o(i.HAL_GPIO_TogglePin) for HAL_GPIO_TogglePin
    gpio.o(i.GPIO_Write_High) refers to stm32f1xx_hal_gpio.o(i.HAL_GPIO_WritePin) for HAL_GPIO_WritePin
    gpio.o(i.GPIO_Write_Low) refers to stm32f1xx_hal_gpio.o(i.HAL_GPIO_WritePin) for HAL_GPIO_WritePin
    freertos.o(i.MX_FREERTOS_Init) refers to oled.o(i.oled_initialize) for oled_initialize
    freertos.o(i.MX_FREERTOS_Init) refers to temperature.o(i.gxht3l_init) for gxht3l_init
    freertos.o(i.MX_FREERTOS_Init) refers to dc_motor.o(i.dc_motor_init) for dc_motor_init
    freertos.o(i.MX_FREERTOS_Init) refers to step_motor.o(i.step_motor_init) for step_motor_init
    freertos.o(i.MX_FREERTOS_Init) refers to gpio.o(i.GPIO_Init_Universal) for GPIO_Init_Universal
    freertos.o(i.MX_FREERTOS_Init) refers to oled.o(i.oled_show_string) for oled_show_string
    freertos.o(i.MX_FREERTOS_Init) refers to cmsis_os2.o(i.osMessageQueueNew) for osMessageQueueNew
    freertos.o(i.MX_FREERTOS_Init) refers to cmsis_os2.o(i.osThreadNew) for osThreadNew
    freertos.o(i.MX_FREERTOS_Init) refers to led.o(.data) for led1
    freertos.o(i.MX_FREERTOS_Init) refers to key.o(.data) for key1
    freertos.o(i.MX_FREERTOS_Init) refers to freertos.o(.data) for .data
    freertos.o(i.MX_FREERTOS_Init) refers to freertos.o(.constdata) for .constdata
    freertos.o(i.MX_FREERTOS_Init) refers to freertos.o(i.key_task) for key_task
    freertos.o(i.MX_FREERTOS_Init) refers to freertos.o(i.dip_task) for dip_task
    freertos.o(i.MX_FREERTOS_Init) refers to freertos.o(i.env_collect_task) for env_collect_task
    freertos.o(i.MX_FREERTOS_Init) refers to freertos.o(i.control_task) for control_task
[...]
    xSchedulerRunning                        0x200001b0   Data           4  tasks.o(.data)
    uxPendedTicks                            0x200001b4   Data           4  tasks.o(.data)
    xYieldPending                            0x200001b8   Data           4  tasks.o(.data)
    xNumOfOverflows                          0x200001bc   Data           4  tasks.o(.data)
    uxTaskNumber                             0x200001c0   Data           4  tasks.o(.data)
    xNextTaskUnblockTime                     0x200001c4   Data           4  tasks.o(.data)
    xIdleTaskHandle                          0x200001c8   Data           4  tasks.o(.data)
    uxSchedulerSuspended                     0x200001cc   Data           4  tasks.o(.data)
    .data                                    0x200001d0   Section       20  timers.o(.data)
    pxCurrentTimerList                       0x200001d0   Data           4  timers.o(.data)
    pxOverflowTimerList                      0x200001d4   Data           4  timers.o(.data)
    xTimerQueue                              0x200001d8   Data           4  timers.o(.data)
    xTimerTaskHandle                         0x200001dc   Data           4  timers.o(.data)
    xLastTime                                0x200001e0   Data           4  timers.o(.data)
    .data                                    0x200001e4   Section        4  cmsis_os2.o(.data)
    KernelState                              0x200001e4   Data           4  cmsis_os2.o(.data)
    .data                                    0x200001e8   Section       24  heap_4.o(.data)
    pxEnd                                    0x200001e8   Data           4  heap_4.o(.data)
    xFreeBytesRemaining                      0x200001ec   Data           4  heap_4.o(.data)
    xMinimumEverFreeBytesRemaining           0x200001f0   Data           4  heap_4.o(.data)
    xBlockAllocatedBit                       0x200001f4   Data           4  heap_4.o(.data)
    xStart                                   0x200001f8   Data           8  heap_4.o(.data)
    .data                                    0x20000200   Section       12  port.o(.data)
    ucMaxSysCallPriority                     0x20000200   Data           1  port.o(.data)
    uxCriticalNesting                        0x20000204   Data           4  port.o(.data)
    ulMaxPRIGROUPValue                       0x20000208   Data           4  port.o(.data)
    .bss                                     0x2000020c   Section       72  stm32f1xx_hal_timebase_tim.o(.bss)
    .bss                                     0x20000254   Section       88  spi.o(.bss)
    hspi3                                    0x20000254   Data          88  spi.o(.bss)
    .bss                                     0x200002ac   Section       84  i2c.o(.bss)
    .bss                                     0x20000300   Section       72  tim.o(.bss)
    .bss                                     0x20000348   Section       64  queue.o(.bss)
    .bss                                     0x20000388   Section     1220  tasks.o(.bss)
    pxReadyTasksLists                        0x20000388   Data        1120  tasks.o(.bss)
    xDelayedTaskList1                        0x200007e8   Data          20  tasks.o(.bss)
    xDelayedTaskList2                        0x200007fc   Data          20  tasks.o(.bss)
    xPendingReadyList                        0x20000810   Data          20  tasks.o(.bss)
    xTasksWaitingTermination                 0x20000824   Data          20  tasks.o(.bss)
    xSuspendedTaskList                       0x20000838   Data          20  tasks.o(.bss)
    .bss                                     0x2000084c   Section      280  timers.o(.bss)
    xActiveTimerList1                        0x2000084c   Data          20  timers.o(.bss)
    xActiveTimerList2                        0x20000860   Data          20  timers.o(.bss)
    xStaticTimerQueue                        0x20000874   Data          80  timers.o(.bss)
    ucStaticTimerQueueStorage                0x200008c4   Data         160  timers.o(.bss)
    .bss                                     0x20000964   Section     1720  cmsis_os2.o(.bss)
    Idle_TCB                                 0x20000964   Data          92  cmsis_os2.o(.bss)
    Idle_Stack                               0x200009c0   Data         512  cmsis_os2.o(.bss)
    Timer_TCB                                0x20000bc0   Data          92  cmsis_os2.o(.bss)
    Timer_Stack                              0x20000c1c   Data        1024  cmsis_os2.o(.bss)
    .bss                                     0x2000101c   Section     3072  heap_4.o(.bss)
    ucHeap                                   0x2000101c   Data        3072  heap_4.o(.bss)
    .bss                                     0x20001c1c   Section       96  libspace.o(.bss)
    HEAP                                     0x20001c80   Section      512  startup_stm32f103xe.o(HEAP)
    Heap_Mem                                 0x20001c80   Data         512  startup_stm32f103xe.o(HEAP)
    STACK                                    0x20001e80   Section     1024  startup_stm32f103xe.o(STACK)
    Stack_Mem                                0x20001e80   Data        1024  startup_stm32f103xe.o(STACK)
    __initial_sp                             0x20002280   Data           0  startup_stm32f103xe.o(STACK)

    Global Symbols

    Symbol Name                              Value     Ov Type        Size  Object(Section)

    BuildAttributes$$THM_ISAv4$P$D$K$B$S$PE$A:L22UL41UL21$X:L11$S22US41US21$IEEE1$IW$USESV6$~STKCKD$USESV7$~SHL$OTIME$ROPI$IEEEJ$EBA8$UX$STANDARDLIB$REQ8$PRES8$EABIv2 0x00000000   Number         0  anon$$obj.o ABSOLUTE
    __ARM_use_no_argv                        0x00000000   Number         0  main.o ABSOLUTE
    _printf_flags                            0x00000000   Number         0  printf_stubs.o ABSOLUTE
    _printf_return_value                     0x00000000   Number         0  printf_stubs.o ABSOLUTE
    _printf_sizespec                         0x00000000   Number         0  printf_stubs.o ABSOLUTE
    _printf_widthprec                        0x00000000   Number         0  printf_stubs.o ABSOLUTE
    __ARM_exceptions_init                     - Undefined Weak Reference
    __alloca_initialize                       - Undefined Weak Reference
    __arm_fini_                               - Undefined Weak Reference
    __arm_preinit_                            - Undefined Weak Reference
    __cpp_initialize__aeabi_                  - Undefined Weak Reference
    __cxa_finalize                            - Undefined Weak Reference
    __sigvec_lookup                           - Undefined Weak Reference
    _atexit_init                              - Undefined Weak Reference
    _call_atexit_fns                          - Undefined Weak Reference
    _clock_init                               - Undefined Weak Reference
    _fp_trap_init                             - Undefined Weak Reference
    _fp_trap_shutdown                         - Undefined Weak Reference
    _get_lc_collate                           - Undefined Weak Reference
    _get_lc_ctype                             - Undefined Weak Reference
    _get_lc_monetary                          - Undefined Weak Reference
    _get_lc_time                              - Undefined Weak Reference
    _getenv_init                              - Undefined Weak Reference
    _handle_redirection                       - Undefined Weak Reference
    _init_alloc                               - Undefined Weak Reference
    _init_user_alloc                          - Undefined Weak Reference
    _initio                                   - Undefined Weak Reference
    _printf_post_padding                      - Undefined Weak Reference
    _printf_pre_padding                       - Undefined Weak Reference
    _rand_init                                - Undefined Weak Reference
    _signal_finish                            - Undefined Weak Reference
    _signal_init                              - Undefined Weak Reference
    _terminate_alloc                          - Undefined Weak Reference
    _terminate_user_alloc                     - Undefined Weak Reference
    _terminateio                              - Undefined Weak Reference
    __Vectors_Size                           0x00000130   Number         0  startup_stm32f103xe.o ABSOLUTE
    __Vectors                                0x08000000   Data           4  startup_stm32f103xe.o(RESET)
    __Vectors_End                            0x08000130   Data           0  startup_stm32f103xe.o(RESET)
    __main                                   0x08000131   Thumb Code     8  __main.o(!!!main)
    __scatterload                            0x08000139   Thumb Code     0  __scatter.o(!!!scatter)
    __scatterload_rt2                        0x08000139   Thumb Code    44  __scatter.o(!!!scatter)
    __scatterload_rt2_thumb_only             0x08000139   Thumb Code     0  __scatter.o(!!!scatter)
    __scatterload_null                       0x08000147   Thumb Code     0  __scatter.o(!!!scatter)
    __decompress                             0x0800016d   Thumb Code    90  __dczerorl2.o(!!dczerorl2)
    __decompress1                            0x0800016d   Thumb Code     0  __dczerorl2.o(!!dczerorl2)
    __scatterload_zeroinit                   0x080001c9   Thumb Code    28  __scatter_zi.o(!!handler_zi)
    _printf_f                                0x080001e5   Thumb Code     0  _printf_f.o(.ARM.Collect$$_printf_percent$$00000003)
    _printf_percent                          0x080001e5   Thumb Code     0  _printf_percent.o(.ARM.Collect$$_printf_percent$$00000000)
    _printf_percent_end                      0x080001eb   Thumb Code     0  _printf_percent_end.o(.ARM.Collect$$_printf_percent$$00000017)
    __rt_lib_init                            0x080001ef   Thumb Code     0  libinit.o(.ARM.Collect$$libinit$$00000000)
    __rt_lib_init_fp_1                       0x080001f1   Thumb Code     0  libinit2.o(.ARM.Collect$$libinit$$00000002)
    __rt_lib_init_heap_1                     0x080001f1   Thumb Code     0  libinit2.o(.ARM.Collect$$libinit$$0000000A)
    __rt_lib_init_lc_common                  0x080001f1   Thumb Code     0  libinit2.o(.ARM.Collect$$libinit$$0000000F)
    __rt_lib_init_preinit_1                  0x080001f1   Thumb Code     0  libinit2.o(.ARM.Collect$$libinit$$00000004)
    __rt_lib_init_rand_1                     0x080001f1   Thumb Code     0  libinit2.o(.ARM.Collect$$libinit$$0000000E)
    __rt_lib_init_user_alloc_1               0x080001f1   Thumb Code     0  libinit2.o(.ARM.Collect$$libinit$$0000000C)
    __rt_lib_init_lc_collate_1               0x080001f7   Thumb Code     0  libinit2.o(.ARM.Collect$$libinit$$00000011)
    __rt_lib_init_lc_ctype_1                 0x080001f7   Thumb Code     0  libinit2.o(.ARM.Collect$$libinit$$00000013)
    __rt_lib_init_lc_monetary_1              0x080001f7   Thumb Code     0  libinit2.o(.ARM.Collect$$libinit$$00000015)
    __rt_lib_init_lc_numeric_2               0x080001f7   Thumb Code     0  libinit2.o(.ARM.Collect$$libinit$$00000016)
    __rt_lib_init_alloca_1                   0x08000201   Thumb Code     0  libinit2.o(.ARM.Collect$$libinit$$0000002E)
    __rt_lib_init_argv_1                     0x08000201   Thumb Code     0  libinit2.o(.ARM.Collect$$libinit$$0000002C)
    __rt_lib_init_atexit_1                   0x08000201   Thumb Code     0  libinit2.o(.ARM.Collect$$libinit$$0000001B)
    __rt_lib_init_clock_1                    0x08000201   Thumb Code     0  libinit2.o(.ARM.Collect$$libinit$$00000021)
    __rt_lib_init_cpp_1                      0x08000201   Thumb Code     0  libinit2.o(.ARM.Collect$$libinit$$00000032)
    __rt_lib_init_exceptions_1               0x08000201   Thumb Code     0  libinit2.o(.ARM.Collect$$libinit$$00000030)
    __rt_lib_init_fp_trap_1                  0x08000201   Thumb Code     0  libinit2.o(.ARM.Collect$$libinit$$0000001F)
    __rt_lib_init_getenv_1                   0x08000201   Thumb Code     0  libinit2.o(.ARM.Collect$$libinit$$00000023)
    __rt_lib_init_lc_numeric_1               0x08000201   Thumb Code     0  libinit2.o(.ARM.Collect$$libinit$$00000017)
    __rt_lib_init_lc_time_1                  0x08000201   Thumb Code     0  libinit2.o(.ARM.Collect$$libinit$$00000019)
    __rt_lib_init_return                     0x08000201   Thumb Code     0  libinit2.o(.ARM.Collect$$libinit$$00000033)
    __rt_lib_init_signal_1                   0x08000201   Thumb Code     0  libinit2.o(.ARM.Collect$$libinit$$0000001D)
    __rt_lib_init_stdio_1                    0x08000201   Thumb Code     0  libinit2.o(.ARM.Collect$$libinit$$00000025)
    __rt_lib_shutdown                        0x08000203   Thumb Code     0  libshutdown.o(.ARM.Collect$$libshutdown$$00000000)
    __rt_lib_shutdown_cpp_1                  0x08000205   Thumb Code     0  libshutdown2.o(.ARM.Collect$$libshutdown$$00000004)
    __rt_lib_shutdown_fini_1                 0x08000205   Thumb Code     0  libshutdown2.o(.ARM.Collect$$libshutdown$$00000002)
    __rt_lib_shutdown_fp_trap_1              0x08000205   Thumb Code     0  libshutdown2.o(.ARM.Collect$$libshutdown$$00000009)
    __rt_lib_shutdown_heap_1                 0x08000205   Thumb Code     0  libshutdown2.o(.ARM.Collect$$libshutdown$$00000011)
    __rt_lib_shutdown_return                 0x08000205   Thumb Code     0  libshutdown2.o(.ARM.Collect$$libshutdown$$00000012)
    __rt_lib_shutdown_signal_1               0x08000205   Thumb Code     0  libshutdown2.o(.ARM.Collect$$libshutdown$$0000000C)
    __rt_lib_shutdown_stdio_1                0x08000205   Thumb Code     0  libshutdown2.o(.ARM.Collect$$libshutdown$$00000006)
    __rt_lib_shutdown_user_alloc_1           0x08000205   Thumb Code     0  libshutdown2.o(.ARM.Collect$$libshutdown$$0000000E)
    __rt_entry                               0x08000207   Thumb Code     0  __rtentry.o(.ARM.Collect$$rtentry$$00000000)
    __rt_entry_presh_1                       0x08000207   Thumb Code     0  __rtentry2.o(.ARM.Collect$$rtentry$$00000002)
    __rt_entry_sh                            0x08000207   Thumb Code     0  __rtentry4.o(.ARM.Collect$$rtentry$$00000004)
    __rt_entry_li                            0x0800020d   Thumb Code     0  __rtentry2.o(.ARM.Collect$$rtentry$$0000000A)
    __rt_entry_postsh_1                      0x0800020d   Thumb Code     0  __rtentry2.o(.ARM.Collect$$rtentry$$00000009)
    __rt_entry_main                          0x08000211   Thumb Code     0  __rtentry2.o(.ARM.Collect$$rtentry$$0000000D)
    __rt_entry_postli_1                      0x08000211   Thumb Code     0  __rtentry2.o(.ARM.Collect$$rtentry$$0000000C)
    __rt_exit                                0x08000219   Thumb Code     0  rtexit.o(.ARM.Collect$$rtexit$$00000000)
    __rt_exit_ls                             0x0800021b   Thumb Code     0  rtexit2.o(.ARM.Collect$$rtexit$$00000003)
    __rt_exit_prels_1                        0x0800021b   Thumb Code     0  rtexit2.o(.ARM.Collect$$rtexit$$00000002)
    __rt_exit_exit                           0x0800021f   Thumb Code     0  rtexit2.o(.ARM.Collect$$rtexit$$00000004)
    SVC_Handler                              0x08000225   Thumb Code    32  port.o(.emb_text)
    __asm___6_port_c_39a90d8d__prvStartFirstTask 0x08000249   Thumb Code    28  port.o(.emb_text)
    PendSV_Handler                           0x08000269   Thumb Code    72  port.o(.emb_text)
    vPortGetIPSR                             0x080002b5   Thumb Code     6  port.o(.emb_text)
    Reset_Handler                            0x080002bd   Thumb Code     8  startup_stm32f103xe.o(.text)
    ADC1_2_IRQHandler                        0x080002d7   Thumb Code     0  startup_stm32f103xe.o(.text)
    ADC3_IRQHandler                          0x080002d7   Thumb Code     0  startup_stm32f103xe.o(.text)
    CAN1_RX1_IRQHandler                      0x080002d7   Thumb Code     0  startup_stm32f103xe.o(.text)
    CAN1_SCE_IRQHandler                      0x080002d7   Thumb Code     0  startup_stm32f103xe.o(.text)
    DMA1_Channel1_IRQHandler                 0x080002d7   Thumb Code     0  startup_stm32f103xe.o(.text)
    DMA1_Channel2_IRQHandler                 0x080002d7   Thumb Code     0  startup_stm32f103xe.o(.text)
    DMA1_Channel3_IRQHandler                 0x080002d7   Thumb Code     0  startup_stm32f103xe.o(.text)
    DMA1_Channel4_IRQHandler                 0x080002d7   Thumb Code     0  startup_stm32f103xe.o(.text)
    DMA1_Channel5_IRQHandler                 0x080002d7   Thumb Code     0  startup_stm32f103xe.o(.text)
    DMA1_Channel6_IRQHandler                 0x080002d7   Thumb Code     0  startup_stm32f103xe.o(.text)
    DMA1_Channel7_IRQHandler                 0x080002d7   Thumb Code     0  startup_stm32f103xe.o(.text)
    DMA2_Channel1_IRQHandler                 0x080002d7   Thumb Code     0  startup_stm32f103xe.o(.text)
    DMA2_Channel2_IRQHandler                 0x080002d7   Thumb Code     0  startup_stm32f103xe.o(.text)
    DMA2_Channel3_IRQHandler                 0x080002d7   Thumb Code     0  startup_stm32f103xe.o(.text)
    DMA2_Channel4_5_IRQHandler               0x080002d7   Thumb Code     0  startup_stm32f103xe.o(.text)
    EXTI0_IRQHandler                         0x080002d7   Thumb Code     0  startup_stm32f103xe.o(.text)
    EXTI15_10_IRQHandler                     0x080002d7   Thumb Code     0  startup_stm32f103xe.o(.text)
    EXTI1_IRQHandler                         0x080002d7   Thumb Code     0  startup_stm32f103xe.o(.text)
    EXTI2_IRQHandler                         0x080002d7   Thumb Code     0  startup_stm32f103xe.o(.text)
    EXTI3_IRQHandler                         0x080002d7   Thumb Code     0  startup_stm32f103xe.o(.text)
    EXTI4_IRQHandler                         0x080002d7   Thumb Code     0  startup_stm32f103xe.o(.text)
    EXTI9_5_IRQHandler                       0x080002d7   Thumb Code     0  startup_stm32f103xe.o(.text)
    FLASH_IRQHandler                         0x080002d7   Thumb Code     0  startup_stm32f103xe.o(.text)
    FSMC_IRQHandler                          0x080002d7   Thumb Code     0  startup_stm32f103xe.o(.text)
    I2C1_ER_IRQHandler                       0x080002d7   Thumb Code     0  startup_stm32f103xe.o(.text)
    I2C1_EV_IRQHandler                       0x080002d7   Thumb Code     0  startup_stm32f103xe.o(.text)
    I2C2_ER_IRQHandler                       0x080002d7   Thumb Code     0  startup_stm32f103xe.o(.text)
    I2C2_EV_IRQHandler                       0x080002d7   Thumb Code     0  startup_stm32f103xe.o(.text)
    PVD_IRQHandler                           0x080002d7   Thumb Code     0  startup_stm32f103xe.o(.text)
    RCC_IRQHandler                           0x080002d7   Thumb Code     0  startup_stm32f103xe.o(.text)
    RTC_Alarm_IRQHandler                     0x080002d7   Thumb Code     0  startup_stm32f103xe.o(.text)
    RTC_IRQHandler                           0x080002d7   Thumb Code     0  startup_stm32f103xe.o(.text)
    SDIO_IRQHandler                          0x080002d7   Thumb Code     0  startup_stm32f103xe.o(.text)
    SPI1_IRQHandler                          0x080002d7   Thumb Code     0  startup_stm32f103xe.o(.text)
    SPI2_IRQHandler                          0x080002d7   Thumb Code     0  startup_stm32f103xe.o(.text)
    SPI3_IRQHandler                          0x080002d7   Thumb Code     0  startup_stm32f103xe.o(.text)
    TAMPER_IRQHandler                        0x080002d7   Thumb Code     0  startup_stm32f103xe.o(.text)
    TIM1_BRK_IRQHandler                      0x080002d7   Thumb Code     0  startup_stm32f103xe.o(.text)
    TIM1_CC_IRQHandler                       0x080002d7   Thumb Code     0  startup_stm32f103xe.o(.text)
    TIM1_TRG_COM_IRQHandler                  0x080002d7   Thumb Code     0  startup_stm32f103xe.o(.text)
    TIM1_UP_IRQHandler                       0x080002d7   Thumb Code     0  startup_stm32f103xe.o(.text)
    TIM3_IRQHandler                          0x080002d7   Thumb Code     0  startup_stm32f103xe.o(.text)
    TIM4_IRQHandler                          0x080002d7   Thumb Code     0  startup_stm32f103xe.o(.text)
    TIM5_IRQHandler                          0x080002d7   Thumb Code     0  startup_stm32f103xe.o(.text)
    TIM6_IRQHandler                          0x080002d7   Thumb Code     0  startup_stm32f103xe.o(.text)
    TIM7_IRQHandler                          0x080002d7   Thumb Code     0  startup_stm32f103xe.o(.text)
    TIM8_BRK_IRQHandler                      0x080002d7   Thumb Code     0  startup_stm32f103xe.o(.text)
    TIM8_CC_IRQHandler                       0x080002d7   Thumb Code     0  startup_stm32f103xe.o(.text)
    TIM8_TRG_COM_IRQHandler                  0x080002d7   Thumb Code     0  startup_stm32f103xe.o(.text)
    TIM8_UP_IRQHandler                       0x080002d7   Thumb Code     0  startup_stm32f103xe.o(.text)
    UART4_IRQHandler                         0x080002d7   Thumb Code     0  startup_stm32f103xe.o(.text)
    UART5_IRQHandler                         0x080002d7   Thumb Code     0  startup_stm32f103xe.o(.text)
    USART1_IRQHandler                        0x080002d7   Thumb Code     0  startup_stm32f103xe.o(.text)
    USART2_IRQHandler                        0x080002d7   Thumb Code     0  startup_stm32f103xe.o(.text)
    USART3_IRQHandler                        0x080002d7   Thumb Code     0  startup_stm32f103xe.o(.text)
    USBWakeUp_IRQHandler                     0x080002d7   Thumb Code     0  startup_stm32f103xe.o(.text)
    USB_HP_CAN1_TX_IRQHandler                0x080002d7   Thumb Code     0  startup_stm32f103xe.o(.text)
    USB_LP_CAN1_RX0_IRQHandler               0x080002d7   Thumb Code     0  startup_stm32f103xe.o(.text)
    WWDG_IRQHandler                          0x080002d7   Thumb Code     0  startup_stm32f103xe.o(.text)
    __user_initial_stackheap                 0x080002d9   Thumb Code     0  startup_stm32f103xe.o(.text)
    __2sprintf                               0x080002fd   Thumb Code    34  noretval__2sprintf.o(.text)
    __printf                                 0x08000325   Thumb Code   270  __printf_wp.o(.text)
    __aeabi_memcpy                           0x08000433   Thumb Code     0  rt_memcpy_v6.o(.text)
    __rt_memcpy                              0x08000433   Thumb Code   138  rt_memcpy_v6.o(.text)
    _memcpy_lastbytes                        0x08000499   Thumb Code     0  rt_memcpy_v6.o(.text)
    __aeabi_memset                           0x080004bd   Thumb Code    16  aeabi_memset.o(.text)
    __aeabi_memclr4                          0x080004cd   Thumb Code     0  rt_memclr_w.o(.text)
    __aeabi_memclr8                          0x080004cd   Thumb Code     0  rt_memclr_w.o(.text)
    __rt_memclr_w                            0x080004cd   Thumb Code    78  rt_memclr_w.o(.text)
    _memset_w                                0x080004d1   Thumb Code     0  rt_memclr_w.o(.text)
    __use_two_region_memory                  0x0800051b   Thumb Code     2  heapauxi.o(.text)
    __rt_heap_escrow$2region                 0x0800051d   Thumb Code     2  heapauxi.o(.text)
    __rt_heap_expand$2region                 0x0800051f   Thumb Code     2  heapauxi.o(.text)
    __lib_sel_fp_printf                      0x08000521   Thumb Code     2  _printf_fp_dec.o(.text)
    _printf_fp_dec_real                      0x080006d3   Thumb Code   620  _printf_fp_dec.o(.text)
    _printf_char_common                      0x0800094b   Thumb Code    32  _printf_char_common.o(.text)
    _sputc                                   0x08000971   Thumb Code    10  _sputc.o(.text)
    __aeabi_memcpy4                          0x0800097b   Thumb Code     0  rt_memcpy_w.o(.text)
    __aeabi_memcpy8                          0x0800097b   Thumb Code     0  rt_memcpy_w.o(.text)
    __rt_memcpy_w                            0x0800097b   Thumb Code   100  rt_memcpy_w.o(.text)
    _memcpy_lastbytes_aligned                0x080009c3   Thumb Code     0  rt_memcpy_w.o(.text)
    __aeabi_memclr                           0x080009df   Thumb Code     0  rt_memclr.o(.text)
    __rt_memclr                              0x080009df   Thumb Code    68  rt_memclr.o(.text)
    _memset                                  0x080009e3   Thumb Code     0  rt_memclr.o(.text)
    __rt_locale                              0x08000a25   Thumb Code     8  rt_locale_intlibspace.o(.text)
    _ll_udiv10                               0x08000a2d   Thumb Code   138  lludiv10.o(.text)
    _printf_fp_infnan                        0x08000ab9   Thumb Code   112  _printf_fp_infnan.o(.text)
    _btod_etento                             0x08000b39   Thumb Code   224  bigflt0.o(.text)
    __user_libspace                          0x08000c1d   Thumb Code     8  libspace.o(.text)
    __user_perproc_libspace                  0x08000c1d   Thumb Code     0  libspace.o(.text)
    __user_perthread_libspace                0x08000c1d   Thumb Code     0  libspace.o(.text)
    __user_setup_stackheap                   0x08000c25   Thumb Code    74  sys_stackheap_outer.o(.text)
    exit                                     0x08000c6f   Thumb Code    18  exit.o(.text)
    strcmp                                   0x08000c81   Thumb Code   128  strcmpv7m.o(.text)
    _sys_exit                                0x08000d01   Thumb Code     8  sys_exit.o(.text)
    __I$use$semihosting                      0x08000d0d   Thumb Code     0  use_no_semi.o(.text)
    __use_no_semihosting_swi                 0x08000d0d   Thumb Code     2  use_no_semi.o(.text)
    __semihosting_library_function           0x08000d0f   Thumb Code     0  indicate_semi.o(.text)
    _btod_d2e                                0x08000d0f   Thumb Code    62  btod.o(CL$$btod_d2e)
    _d2e_denorm_low                          0x08000d4d   Thumb Code    70  btod.o(CL$$btod_d2e_denorm_low)
    _d2e_norm_op1                            0x08000d93   Thumb Code    96  btod.o(CL$$btod_d2e_norm_op1)
    __btod_div_common                        0x08000df3   Thumb Code   696  btod.o(CL$$btod_div_common)
    _e2e                                     0x0800112b   Thumb Code   220  btod.o(CL$$btod_e2e)
    _btod_ediv                               0x08001207   Thumb Code    42  btod.o(CL$$btod_ediv)
    _btod_emul                               0x08001231   Thumb Code    42  btod.o(CL$$btod_emul)
    __btod_mult_common                       0x0800125b   Thumb Code   580  btod.o(CL$$btod_mult_common)
    BusFault_Handler                         0x0800149f   Thumb Code     2  stm32f1xx_it.o(i.BusFault_Handler)
    CheckCrc8                                0x080014a1   Thumb Code    48  temperature.o(i.CheckCrc8)
    DebugMon_Handler                         0x080014d1   Thumb Code     2  stm32f1xx_it.o(i.DebugMon_Handler)
    Error_Handler                            0x080014d3   Thumb Code     4  main.o(i.Error_Handler)
    GPIO_Init_Universal                      0x080014d9   Thumb Code   170  gpio.o(i.GPIO_Init_Universal)
    GPIO_Read_Pin                            0x0800159d   Thumb Code    30  gpio.o(i.GPIO_Read_Pin)
    GPIO_Write_High                          0x080015bb   Thumb Code    24  gpio.o(i.GPIO_Write_High)
    GPIO_Write_Low                           0x080015d3   Thumb Code    24  gpio.o(i.GPIO_Write_Low)
    GXHT3L_Dat_To_Float                      0x080015ed   Thumb Code   100  temperature.o(i.GXHT3L_Dat_To_Float)
    HAL_Delay                                0x08001661   Thumb Code    32  stm32f1xx_hal.o(i.HAL_Delay)
    HAL_GPIO_Init                            0x08001685   Thumb Code   462  stm32f1xx_hal_gpio.o(i.HAL_GPIO_Init)
    HAL_GPIO_ReadPin                         0x0800187d   Thumb Code    10  stm32f1xx_hal_gpio.o(i.HAL_GPIO_ReadPin)
    HAL_GPIO_WritePin                        0x08001887   Thumb Code    10  stm32f1xx_hal_gpio.o(i.HAL_GPIO_WritePin)
    HAL_GetTick                              0x08001891   Thumb Code     6  stm32f1xx_hal.o(i.HAL_GetTick)
    HAL_I2C_Init                             0x0800189d   Thumb Code   376  stm32f1xx_hal_i2c.o(i.HAL_I2C_Init)
    HAL_I2C_Master_Receive                   0x08001a25   Thumb Code   576  stm32f1xx_hal_i2c.o(i.HAL_I2C_Master_Receive)
    HAL_I2C_Master_Transmit                  0x08001c75   Thumb Code   290  stm32f1xx_hal_i2c.o(i.HAL_I2C_Master_Transmit)
    HAL_I2C_MspInit                          0x08001da1   Thumb Code    82  i2c.o(i.HAL_I2C_MspInit)
    HAL_IncTick                              0x08001e01   Thumb Code    12  stm32f1xx_hal.o(i.HAL_IncTick)
    HAL_Init                                 0x08001e11   Thumb Code    32  stm32f1xx_hal.o(i.HAL_Init)
    HAL_InitTick                             0x08001e35   Thumb Code   102  stm32f1xx_hal_timebase_tim.o(i.HAL_InitTick)
    HAL_MspInit                              0x08001ea9   Thumb Code    62  stm32f1xx_hal_msp.o(i.HAL_MspInit)
    HAL_NVIC_EnableIRQ                       0x08001ef1   Thumb Code    26  stm32f1xx_hal_cortex.o(i.HAL_NVIC_EnableIRQ)
    HAL_NVIC_SetPriority                     0x08001f0d   Thumb Code    60  stm32f1xx_hal_cortex.o(i.HAL_NVIC_SetPriority)
    HAL_NVIC_SetPriorityGrouping             0x08001f4d   Thumb Code    26  stm32f1xx_hal_cortex.o(i.HAL_NVIC_SetPriorityGrouping)
    HAL_RCC_ClockConfig                      0x08001f71   Thumb Code   280  stm32f1xx_hal_rcc.o(i.HAL_RCC_ClockConfig)
    HAL_RCC_GetClockConfig                   0x0800209d   Thumb Code    54  stm32f1xx_hal_rcc.o(i.HAL_RCC_GetClockConfig)
    HAL_RCC_GetPCLK1Freq                     0x080020dd   Thumb Code    20  stm32f1xx_hal_rcc.o(i.HAL_RCC_GetPCLK1Freq)
    HAL_RCC_GetSysClockFreq                  0x080020fd   Thumb Code    58  stm32f1xx_hal_rcc.o(i.HAL_RCC_GetSysClockFreq)
    HAL_RCC_OscConfig                        0x08002149   Thumb Code   778  stm32f1xx_hal_rcc.o(i.HAL_RCC_OscConfig)
    HAL_SPI_Init                             0x08002469   Thumb Code   178  stm32f1xx_hal_spi.o(i.HAL_SPI_Init)
    HAL_SPI_MspInit                          0x0800251b   Thumb Code     2  stm32f1xx_hal_spi.o(i.HAL_SPI_MspInit)
    HAL_SPI_Transmit                         0x0800251d   Thumb Code   366  stm32f1xx_hal_spi.o(i.HAL_SPI_Transmit)
    HAL_TIMEx_BreakCallback                  0x0800268b   Thumb Code     2  stm32f1xx_hal_tim_ex.o(i.HAL_TIMEx_BreakCallback)
    HAL_TIMEx_CommutCallback                 0x0800268d   Thumb Code     2  stm32f1xx_hal_tim_ex.o(i.HAL_TIMEx_CommutCallback)
    HAL_TIMEx_ConfigBreakDeadTime            0x0800268f   Thumb Code    84  stm32f1xx_hal_tim_ex.o(i.HAL_TIMEx_ConfigBreakDeadTime)
    HAL_TIMEx_MasterConfigSynchronization    0x080026e5   Thumb Code   104  stm32f1xx_hal_tim_ex.o(i.HAL_TIMEx_MasterConfigSynchronization)
    HAL_TIMEx_PWMN_Start                     0x08002761   Thumb Code   152  stm32f1xx_hal_tim_ex.o(i.HAL_TIMEx_PWMN_Start)
    HAL_TIM_Base_Init                        0x0800280d   Thumb Code    90  stm32f1xx_hal_tim.o(i.HAL_TIM_Base_Init)
    HAL_TIM_Base_MspInit                     0x08002869   Thumb Code    30  tim.o(i.HAL_TIM_Base_MspInit)
    HAL_TIM_Base_Start_IT                    0x08002891   Thumb Code    88  stm32f1xx_hal_tim.o(i.HAL_TIM_Base_Start_IT)
    HAL_TIM_ConfigClockSource                0x080028fd   Thumb Code   220  stm32f1xx_hal_tim.o(i.HAL_TIM_ConfigClockSource)
    HAL_TIM_IC_CaptureCallback               0x080029d9   Thumb Code     2  stm32f1xx_hal_tim.o(i.HAL_TIM_IC_CaptureCallback)
    HAL_TIM_IRQHandler                       0x080029db   Thumb Code   358  stm32f1xx_hal_tim.o(i.HAL_TIM_IRQHandler)
    HAL_TIM_MspPostInit                      0x08002b41   Thumb Code    64  tim.o(i.HAL_TIM_MspPostInit)
    HAL_TIM_OC_DelayElapsedCallback          0x08002b8d   Thumb Code     2  stm32f1xx_hal_tim.o(i.HAL_TIM_OC_DelayElapsedCallback)
    HAL_TIM_PWM_ConfigChannel                0x08002b8f   Thumb Code   204  stm32f1xx_hal_tim.o(i.HAL_TIM_PWM_ConfigChannel)
    HAL_TIM_PWM_Init                         0x08002c5b   Thumb Code    90  stm32f1xx_hal_tim.o(i.HAL_TIM_PWM_Init)
    HAL_TIM_PWM_MspInit                      0x08002cb5   Thumb Code     2  stm32f1xx_hal_tim.o(i.HAL_TIM_PWM_MspInit)
    HAL_TIM_PWM_PulseFinishedCallback        0x08002cb7   Thumb Code     2  stm32f1xx_hal_tim.o(i.HAL_TIM_PWM_PulseFinishedCallback)
    HAL_TIM_PeriodElapsedCallback            0x08002cb9   Thumb Code    14  main.o(i.HAL_TIM_PeriodElapsedCallback)
    HAL_TIM_TriggerCallback                  0x08002cc7   Thumb Code     2  stm32f1xx_hal_tim.o(i.HAL_TIM_TriggerCallback)
    HardFault_Handler                        0x08002cc9   Thumb Code     2  stm32f1xx_it.o(i.HardFault_Handler)
    MX_FREERTOS_Init                         0x080030ed   Thumb Code   184  freertos.o(i.MX_FREERTOS_Init)
    MX_I2C2_Init                             0x08003205   Thumb Code    50  i2c.o(i.MX_I2C2_Init)
    MX_TIM1_Init                             0x08003245   Thumb Code   194  tim.o(i.MX_TIM1_Init)
    MemManage_Handler                        0x08003311   Thumb Code     2  stm32f1xx_it.o(i.MemManage_Handler)
    NMI_Handler                              0x08003313   Thumb Code     2  stm32f1xx_it.o(i.NMI_Handler)
    SysTick_Handler                          0x080033ed   Thumb Code    38  port.o(i.SysTick_Handler)
    SystemClock_Config                       0x08003419   Thumb Code    94  main.o(i.SystemClock_Config)
    SystemInit                               0x08003477   Thumb Code     2  system_stm32f1xx.o(i.SystemInit)
    TIM2_IRQHandler                          0x08003479   Thumb Code     6  stm32f1xx_it.o(i.TIM2_IRQHandler)
    TIM_Base_SetConfig                       0x08003485   Thumb Code   120  stm32f1xx_hal_tim.o(i.TIM_Base_SetConfig)
    TIM_ETR_SetConfig                        0x0800352b   Thumb Code    20  stm32f1xx_hal_tim.o(i.TIM_ETR_SetConfig)
    TIM_OC2_SetConfig                        0x080035b1   Thumb Code    98  stm32f1xx_hal_tim.o(i.TIM_OC2_SetConfig)
    UsageFault_Handler                       0x0800371b   Thumb Code     2  stm32f1xx_it.o(i.UsageFault_Handler)
    __ARM_fpclassify                         0x0800371d   Thumb Code    40  fpclassify.o(i.__ARM_fpclassify)
    _is_digit                                0x08003765   Thumb Code    14  __printf_wp.o(i._is_digit)
    control_task                             0x08003775   Thumb Code    76  freertos.o(i.control_task)
    dc_motor_init                            0x080037c5   Thumb Code    24  dc_motor.o(i.dc_motor_init)
    dc_motor_set_speed                       0x080037e1   Thumb Code    18  dc_motor.o(i.dc_motor_set_speed)
    dc_motor_stop                            0x080037f9   Thumb Code    10  dc_motor.o(i.dc_motor_stop)
    dip_task                                 0x08003809   Thumb Code   160  freertos.o(i.dip_task)
    env_collect_task                         0x080038ad   Thumb Code    48  freertos.o(i.env_collect_task)
    gxht3l_get_temp_humi                     0x080038e1   Thumb Code    72  temperature.o(i.gxht3l_get_temp_humi)
    gxht3l_init                              0x08003931   Thumb Code    42  temperature.o(i.gxht3l_init)
    key_is_pressed                           0x08003965   Thumb Code    24  key.o(i.key_is_pressed)
    key_task                                 0x0800397d   Thumb Code   116  freertos.o(i.key_task)
    main                                     0x080039f9   Thumb Code    38  main.o(i.main)
    oled_clear_screen                        0x08003a25   Thumb Code    54  oled.o(i.oled_clear_screen)
    oled_initialize                          0x08003a61   Thumb Code   258  oled.o(i.oled_initialize)
    oled_set_cursor                          0x08003b69   Thumb Code    40  oled.o(i.oled_set_cursor)
    oled_show_char                           0x08003b95   Thumb Code   268  oled.o(i.oled_show_char)
    oled_show_humidity                       0x08003cb5   Thumb Code    40  oled.o(i.oled_show_humidity)
    oled_show_string                         0x08003ce5   Thumb Code    68  oled.o(i.oled_show_string)
    oled_show_temperature                    0x08003d29   Thumb Code    40  oled.o(i.oled_show_temperature)
    osDelay                                  0x08003d59   Thumb Code    46  cmsis_os2.o(i.osDelay)
    osKernelInitialize                       0x08003d8d   Thumb Code    50  cmsis_os2.o(i.osKernelInitialize)
    osKernelStart                            0x08003dc5   Thumb Code    58  cmsis_os2.o(i.osKernelStart)
    osMessageQueueGet                        0x08003e05   Thumb Code   116  cmsis_os2.o(i.osMessageQueueGet)
    osMessageQueueNew                        0x08003e81   Thumb Code   110  cmsis_os2.o(i.osMessageQueueNew)
    osMessageQueuePut                        0x08003ef5   Thumb Code   120  cmsis_os2.o(i.osMessageQueuePut)
    osThreadFlagsSet                         0x08003f75   Thumb Code   130  cmsis_os2.o(i.osThreadFlagsSet)
    osThreadFlagsWait                        0x08004001   Thumb Code   170  cmsis_os2.o(i.osThreadFlagsWait)
    osThreadNew                              0x080040b1   Thumb Code   160  cmsis_os2.o(i.osThreadNew)
    pvPortMalloc                             0x08004899   Thumb Code   210  heap_4.o(i.pvPortMalloc)
    pxPortInitialiseStack                    0x08004971   Thumb Code    32  port.o(i.pxPortInitialiseStack)
    spi_initialize                           0x08004995   Thumb Code   208  spi.o(i.spi_initialize)
    spi_reset                                0x08004a75   Thumb Code    44  spi.o(i.spi_reset)
    spi_transmit                             0x08004aa1   Thumb Code    26  spi.o(i.spi_transmit)
    spi_write_cmd                            0x08004abb   Thumb Code    24  spi.o(i.spi_write_cmd)
    spi_write_datas                          0x08004ad3   Thumb Code    30  spi.o(i.spi_write_datas)
    step_motor_init                          0x08004af1   Thumb Code    36  step_motor.o(i.step_motor_init)
    step_motor_run                           0x08004b19   Thumb Code   150  step_motor.o(i.step_motor_run)
    step_motor_stop                          0x08004bb5   Thumb Code    36  step_motor.o(i.step_motor_stop)
    uxListRemove                             0x08004bdd   Thumb Code    38  list.o(i.uxListRemove)
    vApplicationGetIdleTaskMemory            0x08004c05   Thumb Code    16  cmsis_os2.o(i.vApplicationGetIdleTaskMemory)
    vApplicationGetTimerTaskMemory           0x08004c19   Thumb Code    18  cmsis_os2.o(i.vApplicationGetTimerTaskMemory)
    vListInitialise                          0x08004c31   Thumb Code    22  list.o(i.vListInitialise)
    vListInitialiseItem                      0x08004c47   Thumb Code     6  list.o(i.vListInitialiseItem)
    vListInsert                              0x08004c4d   Thumb Code    48  list.o(i.vListInsert)
    vListInsertEnd                           0x08004c7d   Thumb Code    24  list.o(i.vListInsertEnd)
    vPortEnterCritical                       0x08004c95   Thumb Code    54  port.o(i.vPortEnterCritical)
    vPortExitCritical                        0x08004cd5   Thumb Code    34  port.o(i.vPortExitCritical)
    vPortFree                                0x08004cfd   Thumb Code    88  heap_4.o(i.vPortFree)
    vPortSetupTimerInterrupt                 0x08004d59   Thumb Code    32  port.o(i.vPortSetupTimerInterrupt)
    vPortValidateInterruptPriority           0x08004d7d   Thumb Code    74  port.o(i.vPortValidateInterruptPriority)
    vQueueAddToRegistry                      0x08004dd1   Thumb Code    34  queue.o(i.vQueueAddToRegistry)
    vQueueWaitForMessageRestricted           0x08004df9   Thumb Code    68  queue.o(i.vQueueWaitForMessageRestricted)
    vTaskDelay                               0x08004e3d   Thumb Code    66  tasks.o(i.vTaskDelay)
    vTaskInternalSetTimeOutState             0x08004e89   Thumb Code    12  tasks.o(i.vTaskInternalSetTimeOutState)
    vTaskMissedYield                         0x08004e99   Thumb Code     8  tasks.o(i.vTaskMissedYield)
    vTaskPlaceOnEventList                    0x08004ea5   Thumb Code    44  tasks.o(i.vTaskPlaceOnEventList)
    vTaskPlaceOnEventListRestricted          0x08004ed5   Thumb Code    52  tasks.o(i.vTaskPlaceOnEventListRestricted)
    vTaskStartScheduler                      0x08004f0d   Thumb Code   118  tasks.o(i.vTaskStartScheduler)
    vTaskSuspendAll                          0x08004f95   Thumb Code    10  tasks.o(i.vTaskSuspendAll)
    vTaskSwitchContext                       0x08004fa5   Thumb Code    90  tasks.o(i.vTaskSwitchContext)
    xPortStartScheduler                      0x08005009   Thumb Code   154  port.o(i.xPortStartScheduler)
    xQueueGenericCreate                      0x080050b1   Thumb Code    72  queue.o(i.xQueueGenericCreate)
    xQueueGenericCreateStatic                0x080050f9   Thumb Code   102  queue.o(i.xQueueGenericCreateStatic)
    xQueueGenericReset                       0x08005161   Thumb Code   132  queue.o(i.xQueueGenericReset)
    xQueueGenericSend                        0x080051e9   Thumb Code   346  queue.o(i.xQueueGenericSend)
    xQueueGenericSendFromISR                 0x08005349   Thumb Code   188  queue.o(i.xQueueGenericSendFromISR)
    xQueueReceive                            0x08005405   Thumb Code   308  queue.o(i.xQueueReceive)
    xQueueReceiveFromISR                     0x0800553d   Thumb Code   154  queue.o(i.xQueueReceiveFromISR)
    xTaskCheckForTimeOut                     0x080055d9   Thumb Code   112  tasks.o(i.xTaskCheckForTimeOut)
    xTaskCreate                              0x0800564d   Thumb Code    90  tasks.o(i.xTaskCreate)
    xTaskCreateStatic                        0x080056a7   Thumb Code    86  tasks.o(i.xTaskCreateStatic)
    xTaskGenericNotify                       0x080056fd   Thumb Code   188  tasks.o(i.xTaskGenericNotify)
    xTaskGenericNotifyFromISR                0x080057c5   Thumb Code   226  tasks.o(i.xTaskGenericNotifyFromISR)
    xTaskGetSchedulerState                   0x080058b5   Thumb Code    22  tasks.o(i.xTaskGetSchedulerState)
    xTaskGetTickCount                        0x080058d1   Thumb Code     6  tasks.o(i.xTaskGetTickCount)
    xTaskIncrementTick                       0x080058dd   Thumb Code   190  tasks.o(i.xTaskIncrementTick)
    xTaskNotifyWait                          0x080059a5   Thumb Code   130  tasks.o(i.xTaskNotifyWait)
    xTaskPriorityDisinherit                  0x08005a31   Thumb Code   118  tasks.o(i.xTaskPriorityDisinherit)
    xTaskRemoveFromEventList                 0x08005ab1   Thumb Code    98  tasks.o(i.xTaskRemoveFromEventList)
    xTaskResumeAll                           0x08005b21   Thumb Code   182  tasks.o(i.xTaskResumeAll)
    xTimerCreateTimerTask                    0x08005be5   Thumb Code    78  timers.o(i.xTimerCreateTimerTask)
    xTimerGenericCommand                     0x08005c45   Thumb Code    98  timers.o(i.xTimerGenericCommand)
    _get_lc_numeric                          0x08005cad   Thumb Code    44  lc_numeric_c.o(locale$$code)
    __fpl_dretinf                            0x08005cd9   Thumb Code    12  dretinf.o(x$fpl$dretinf)
    __aeabi_f2d                              0x08005ce5   Thumb Code     0  f2d.o(x$fpl$f2d)
    _f2d                                     0x08005ce5   Thumb Code    86  f2d.o(x$fpl$f2d)
    __aeabi_fadd                             0x08005d3d   Thumb Code     0  faddsub_clz.o(x$fpl$fadd)
    _fadd                                    0x08005d3d   Thumb Code   196  faddsub_clz.o(x$fpl$fadd)
    __aeabi_fdiv                             0x08005e01   Thumb Code     0  fdiv.o(x$fpl$fdiv)
    _fdiv                                    0x08005e01   Thumb Code   384  fdiv.o(x$fpl$fdiv)
    __aeabi_ui2f                             0x08005f85   Thumb Code     0  fflt_clz.o(x$fpl$ffltu)
    _ffltu                                   0x08005f85   Thumb Code    38  fflt_clz.o(x$fpl$ffltu)
    __aeabi_fmul                             0x08005fad   Thumb Code     0  fmul.o(x$fpl$fmul)
    _fmul                                    0x08005fad   Thumb Code   258  fmul.o(x$fpl$fmul)
    __fpl_fnaninf                            0x080060af   Thumb Code   140  fnaninf.o(x$fpl$fnaninf)
    __fpl_fretinf                            0x0800613b   Thumb Code    10  fretinf.o(x$fpl$fretinf)
    __aeabi_fsub                             0x08006145   Thumb Code     0  faddsub_clz.o(x$fpl$fsub)
    _fsub                                    0x08006145   Thumb Code   234  faddsub_clz.o(x$fpl$fsub)
    _printf_fp_dec                           0x0800622f   Thumb Code     4  printf1.o(x$fpl$printf1)
    __I$use$fp                               0x08006232   Number         0  usenofp.o(x$fpl$usenofp)
    keyTask_attributes                       0x08006234   Data          36  freertos.o(.constdata)
    dipTask_attributes                       0x08006258   Data          36  freertos.o(.constdata)
    envCollectTask_attributes                0x0800627c   Data          36  freertos.o(.constdata)
    controlTask_attributes                   0x080062a0   Data          36  freertos.o(.constdata)
    asc2_0806                                0x080062d0   Data         552  oled.o(.constdata)
    asc2_1206                                0x080064f8   Data        1140  oled.o(.constdata)
    asc2_1608                                0x0800696c   Data        1520  oled.o(.constdata)
    asc2_2412                                0x08006f5c   Data        3420  oled.o(.constdata)
    Hzk1                                     0x08007cb8   Data         256  oled.o(.constdata)
    Hzk2                                     0x08007db8   Data          72  oled.o(.constdata)
    Hzk3                                     0x08007e00   Data         128  oled.o(.constdata)
    Hzk4                                     0x08007e80   Data         512  oled.o(.constdata)
    AHBPrescTable                            0x08008092   Data          16  system_stm32f1xx.o(.constdata)
    APBPrescTable                            0x080080a2   Data           8  system_stm32f1xx.o(.constdata)
    Region$$Table$$Base                      0x0800816c   Number         0  anon$$obj.o(Region$$Table)
    Region$$Table$$Limit                     0x0800818c   Number         0  anon$$obj.o(Region$$Table)
    led1                                     0x20000000   Data          24  led.o(.data)
    temperature                              0x20000018   Data           4  freertos.o(.data)
    humidity                                 0x2000001c   Data           4  freertos.o(.data)
    key_task_handle                          0x20000020   Data           4  freertos.o(.data)
    dip_task_handle                          0x20000024   Data           4  freertos.o(.data)
    env_collect_task_handle                  0x20000028   Data           4  freertos.o(.data)
    control_task_handle                      0x2000002c   Data           4  freertos.o(.data)
    sensor_queue                             0x20000030   Data           4  freertos.o(.data)
    sda_config                               0x20000034   Data          24  spi.o(.data)
    clk_config                               0x2000004c   Data          24  spi.o(.data)
    dc_config                                0x20000064   Data          24  spi.o(.data)
    res_config                               0x2000007c   Data          24  spi.o(.data)
    user_spi3                                0x20000094   Data          24  spi.o(.data)
    key1                                     0x200000c4   Data          24  key.o(.data)
    key2                                     0x200000dc   Data          24  key.o(.data)
    key3                                     0x200000f4   Data          24  key.o(.data)
    dc_motor_gpio                            0x2000010c   Data          24  dc_motor.o(.data)
    an1                                      0x20000124   Data          24  step_motor.o(.data)
    an2                                      0x2000013c   Data          24  step_motor.o(.data)
    bn1                                      0x20000154   Data          24  step_motor.o(.data)
    bn2                                      0x2000016c   Data          24  step_motor.o(.data)
    uwTickFreq                               0x20000184   Data           1  stm32f1xx_hal.o(.data)
    uwTickPrio                               0x20000188   Data           4  stm32f1xx_hal.o(.data)
    uwTick                                   0x2000018c   Data           4  stm32f1xx_hal.o(.data)
    SystemCoreClock                          0x20000190   Data           4  system_stm32f1xx.o(.data)
    pxCurrentTCB                             0x20000194   Data           4  tasks.o(.data)
    htim2                                    0x2000020c   Data          72  stm32f1xx_hal_timebase_tim.o(.bss)
    hi2c2                                    0x200002ac   Data          84  i2c.o(.bss)
    htim1                                    0x20000300   Data          72  tim.o(.bss)
    xQueueRegistry                           0x20000348   Data          64  queue.o(.bss)
    __libspace_start                         0x20001c1c   Data          96  libspace.o(.bss)
    __temporary_stack_top$libspace           0x20001c7c   Data           0  libspace.o(.bss)



==============================================================================

Memory Map of the image

  Image Entry point : 0x08000131

  Load Region LR_IROM1 (Base: 0x08000000, Size: 0x000083b4, Max: 0x00040000, ABSOLUTE, COMPRESSED[0x0000821c])

    Execution Region ER_IROM1 (Exec base: 0x08000000, Load base: 0x08000000, Size: 0x000081a8, Max: 0x00040000, ABSOLUTE)

    Exec Addr    Load Addr    Size         Type   Attr      Idx    E Section Name        Object

    0x08000000   0x08000000   0x00000130   Data   RO            3    RESET               startup_stm32f103xe.o
    0x08000130   0x08000130   0x00000008   Code   RO         5748  * !!!main             c_w.l(__main.o)
    0x08000138   0x08000138   0x00000034   Code   RO         5994    !!!scatter          c_w.l(__scatter.o)
    0x0800016c   0x0800016c   0x0000005a   Code   RO         5992    !!dczerorl2         c_w.l(__dczerorl2.o)
    0x080001c6   0x080001c6   0x00000002   PAD
    0x080001c8   0x080001c8   0x0000001c   Code   RO         5996    !!handler_zi        c_w.l(__scatter_zi.o)
    0x080001e4   0x080001e4   0x00000000   Code   RO         5737    .ARM.Collect$$_printf_percent$$00000000  c_w.l(_printf_percent.o)
    0x080001e4   0x080001e4   0x00000006   Code   RO         5736    .ARM.Collect$$_printf_percent$$00000003  c_w.l(_printf_f.o)
    0x080001ea   0x080001ea   0x00000004   Code   RO         5779    .ARM.Collect$$_printf_percent$$00000017  c_w.l(_printf_percent_end.o)
    0x080001ee   0x080001ee   0x00000002   Code   RO         5863    .ARM.Collect$$libinit$$00000000  c_w.l(libinit.o)
    0x080001f0   0x080001f0   0x00000000   Code   RO         5865    .ARM.Collect$$libinit$$00000002  c_w.l(libinit2.o)
    0x080001f0   0x080001f0   0x00000000   Code   RO         5867    .ARM.Collect$$libinit$$00000004  c_w.l(libinit2.o)
    0x080001f0   0x080001f0   0x00000000   Code   RO         5870    .ARM.Collect$$libinit$$0000000A  c_w.l(libinit2.o)
    0x080001f0   0x080001f0   0x00000000   Code   RO         5872    .ARM.Collect$$libinit$$0000000C  c_w.l(libinit2.o)
    0x080001f0   0x080001f0   0x00000000   Code   RO         5874    .ARM.Collect$$libinit$$0000000E  c_w.l(libinit2.o)
    0x080001f0   0x080001f0   0x00000006   Code   RO         5875    .ARM.Collect$$libinit$$0000000F  c_w.l(libinit2.o)
    0x080001f6   0x080001f6   0x00000000   Code   RO         5877    .ARM.Collect$$libinit$$00000011  c_w.l(libinit2.o)
    0x080001f6   0x080001f6   0x00000000   Code   RO         5879    .ARM.Collect$$libinit$$00000013  c_w.l(libinit2.o)
    0x080001f6   0x080001f6   0x00000000   Code   RO         5881    .ARM.Collect$$libinit$$00000015  c_w.l(libinit2.o)
    0x080001f6   0x080001f6   0x0000000a   Code   RO         5882    .ARM.Collect$$libinit$$00000016  c_w.l(libinit2.o)
    0x08000200   0x08000200   0x00000000   Code   RO         5883    .ARM.Collect$$libinit$$00000017  c_w.l(libinit2.o)
    0x08000200   0x08000200   0x00000000   Code   RO         5885    .ARM.Collect$$libinit$$00000019  c_w.l(libinit2.o)
    0x08000200   0x08000200   0x00000000   Code   RO         5887    .ARM.Collect$$libinit$$0000001B  c_w.l(libinit2.o)
    0x08000200   0x08000200   0x00000000   Code   RO         5889    .ARM.Collect$$libinit$$0000001D  c_w.l(libinit2.o)
    0x08000200   0x08000200   0x00000000   Code   RO         5891    .ARM.Collect$$libinit$$0000001F  c_w.l(libinit2.o)
    0x08000200   0x08000200   0x00000000   Code   RO         5893    .ARM.Collect$$libinit$$00000021  c_w.l(libinit2.o)
    0x08000200   0x08000200   0x00000000   Code   RO         5895    .ARM.Collect$$libinit$$00000023  c_w.l(libinit2.o)
    0x08000200   0x08000200   0x00000000   Code   RO         5897    .ARM.Collect$$libinit$$00000025  c_w.l(libinit2.o)
    0x08000200   0x08000200   0x00000000   Code   RO         5901    .ARM.Collect$$libinit$$0000002C  c_w.l(libinit2.o)
    0x08000200   0x08000200   0x00000000   Code   RO         5903    .ARM.Collect$$libinit$$0000002E  c_w.l(libinit2.o)
    0x08000200   0x08000200   0x00000000   Code   RO         5905    .ARM.Collect$$libinit$$00000030  c_w.l(libinit2.o)
    0x08000200   0x08000200   0x00000000   Code   RO         5907    .ARM.Collect$$libinit$$00000032  c_w.l(libinit2.o)
    0x08000200   0x08000200   0x00000002   Code   RO         5908    .ARM.Collect$$libinit$$00000033  c_w.l(libinit2.o)
    0x08000202   0x08000202   0x00000002   Code   RO         5938    .ARM.Collect$$libshutdown$$00000000  c_w.l(libshutdown.o)
    0x08000204   0x08000204   0x00000000   Code   RO         5949    .ARM.Collect$$libshutdown$$00000002  c_w.l(libshutdown2.o)
    0x08000204   0x08000204   0x00000000   Code   RO         5951    .ARM.Collect$$libshutdown$$00000004  c_w.l(libshutdown2.o)
    0x08000204   0x08000204   0x00000000   Code   RO         5953    .ARM.Collect$$libshutdown$$00000006  c_w.l(libshutdown2.o)
    0x08000204   0x08000204   0x00000000   Code   RO         5956    .ARM.Collect$$libshutdown$$00000009  c_w.l(libshutdown2.o)
    0x08000204   0x08000204   0x00000000   Code   RO         5959    .ARM.Collect$$libshutdown$$0000000C  c_w.l(libshutdown2.o)
    0x08000204   0x08000204   0x00000000   Code   RO         5961    .ARM.Collect$$libshutdown$$0000000E  c_w.l(libshutdown2.o)
    0x08000204   0x08000204   0x00000000   Code   RO         5964    .ARM.Collect$$libshutdown$$00000011  c_w.l(libshutdown2.o)
    0x08000204   0x08000204   0x00000002   Code   RO         5965    .ARM.Collect$$libshutdown$$00000012  c_w.l(libshutdown2.o)
    0x08000206   0x08000206   0x00000000   Code   RO         5772    .ARM.Collect$$rtentry$$00000000  c_w.l(__rtentry.o)
    0x08000206   0x08000206   0x00000000   Code   RO         5792    .ARM.Collect$$rtentry$$00000002  c_w.l(__rtentry2.o)
    0x08000206   0x08000206   0x00000006   Code   RO         5804    .ARM.Collect$$rtentry$$00000004  c_w.l(__rtentry4.o)
    0x0800020c   0x0800020c   0x00000000   Code   RO         5794    .ARM.Collect$$rtentry$$00000009  c_w.l(__rtentry2.o)
    0x0800020c   0x0800020c   0x00000004   Code   RO         5795    .ARM.Collect$$rtentry$$0000000A  c_w.l(__rtentry2.o)
    0x08000210   0x08000210   0x00000000   Code   RO         5797    .ARM.Collect$$rtentry$$0000000C  c_w.l(__rtentry2.o)
    0x08000210   0x08000210   0x00000008   Code   RO         5798    .ARM.Collect$$rtentry$$0000000D  c_w.l(__rtentry2.o)
    0x08000218   0x08000218   0x00000002   Code   RO         5909    .ARM.Collect$$rtexit$$00000000  c_w.l(rtexit.o)
    0x0800021a   0x0800021a   0x00000000   Code   RO         5916    .ARM.Collect$$rtexit$$00000002  c_w.l(rtexit2.o)
    0x0800021a   0x0800021a   0x00000004   Code   RO         5917    .ARM.Collect$$rtexit$$00000003  c_w.l(rtexit2.o)
    0x0800021e   0x0800021e   0x00000006   Code   RO         5918    .ARM.Collect$$rtexit$$00000004  c_w.l(rtexit2.o)
    0x08000224   0x08000224   0x00000096   Code   RO         5629    .emb_text           port.o
    0x080002ba   0x080002ba   0x00000002   PAD
    0x080002bc   0x080002bc   0x00000040   Code   RO            4    .text               startup_stm32f103xe.o
    0x080002fc   0x080002fc   0x00000028   Code   RO         5712    .text               c_w.l(noretval__2sprintf.o)
    0x08000324   0x08000324   0x0000010e   Code   RO         5724    .text               c_w.l(__printf_wp.o)
    0x08000432   0x08000432   0x0000008a   Code   RO         5738    .text               c_w.l(rt_memcpy_v6.o)
    0x080004bc   0x080004bc   0x00000010   Code   RO         5742    .text               c_w.l(aeabi_memset.o)
    0x080004cc   0x080004cc   0x0000004e   Code   RO         5744    .text               c_w.l(rt_memclr_w.o)
    0x0800051a   0x0800051a   0x00000006   Code   RO         5746    .text               c_w.l(heapauxi.o)
    0x08000520   0x08000520   0x0000041e   Code   RO         5773    .text               c_w.l(_printf_fp_dec.o)
    0x0800093e   0x0800093e   0x00000002   PAD
    0x08000940   0x08000940   0x00000030   Code   RO         5775    .text               c_w.l(_printf_char_common.o)
    0x08000970   0x08000970   0x0000000a   Code   RO         5777    .text               c_w.l(_sputc.o)
    0x0800097a   0x0800097a   0x00000064   Code   RO         5780    .text               c_w.l(rt_memcpy_w.o)
    0x080009de   0x080009de   0x00000044   Code   RO         5782    .text               c_w.l(rt_memclr.o)
    0x08000a22   0x08000a22   0x00000002   PAD
    0x08000a24   0x08000a24   0x00000008   Code   RO         5809    .text               c_w.l(rt_locale_intlibspace.o)
    0x08000a2c   0x08000a2c   0x0000008a   Code   RO         5811    .text               c_w.l(lludiv10.o)
    0x08000ab6   0x08000ab6   0x00000002   PAD
    0x08000ab8   0x08000ab8   0x00000080   Code   RO         5813    .text               c_w.l(_printf_fp_infnan.o)
    0x08000b38   0x08000b38   0x000000e4   Code   RO         5817    .text               c_w.l(bigflt0.o)
    0x08000c1c   0x08000c1c   0x00000008   Code   RO         5849    .text               c_w.l(libspace.o)
    0x08000c24   0x08000c24   0x0000004a   Code   RO         5852    .text               c_w.l(sys_stackheap_outer.o)
    0x08000c6e   0x08000c6e   0x00000012   Code   RO         5854    .text               c_w.l(exit.o)
    0x08000c80   0x08000c80   0x00000080   Code   RO         5856    .text               c_w.l(strcmpv7m.o)
    0x08000d00   0x08000d00   0x0000000c   Code   RO         5928    .text               c_w.l(sys_exit.o)
    0x08000d0c   0x08000d0c   0x00000002   Code   RO         5939    .text               c_w.l(use_no_semi.o)
    0x08000d0e   0x08000d0e   0x00000000   Code   RO         5941    .text               c_w.l(indicate_semi.o)
    0x08000d0e   0x08000d0e   0x0000003e   Code   RO         5820    CL$$btod_d2e        c_w.l(btod.o)
    0x08000d4c   0x08000d4c   0x00000046   Code   RO         5822    CL$$btod_d2e_denorm_low  c_w.l(btod.o)
    0x08000d92   0x08000d92   0x00000060   Code   RO         5821    CL$$btod_d2e_norm_op1  c_w.l(btod.o)
    0x08000df2   0x08000df2   0x00000338   Code   RO         5830    CL$$btod_div_common  c_w.l(btod.o)
    0x0800112a   0x0800112a   0x000000dc   Code   RO         5827    CL$$btod_e2e        c_w.l(btod.o)
    0x08001206   0x08001206   0x0000002a   Code   RO         5824    CL$$btod_ediv       c_w.l(btod.o)
    0x08001230   0x08001230   0x0000002a   Code   RO         5823    CL$$btod_emul       c_w.l(btod.o)
    0x0800125a   0x0800125a   0x00000244   Code   RO         5829    CL$$btod_mult_common  c_w.l(btod.o)
    0x0800149e   0x0800149e   0x00000002   Code   RO          348    i.BusFault_Handler  stm32f1xx_it.o
    0x080014a0   0x080014a0   0x00000030   Code   RO          688    i.CheckCrc8         temperature.o
    0x080014d0   0x080014d0   0x00000002   Code   RO          349    i.DebugMon_Handler  stm32f1xx_it.o
    0x080014d2   0x080014d2   0x00000004   Code   RO          136    i.Error_Handler     main.o
    0x080014d6   0x080014d6   0x00000002   PAD
    0x080014d8   0x080014d8   0x000000c4   Code   RO          217    i.GPIO_Init_Universal  gpio.o
    0x0800159c   0x0800159c   0x0000001e   Code   RO          218    i.GPIO_Read_Pin     gpio.o
    0x080015ba   0x080015ba   0x00000018   Code   RO          220    i.GPIO_Write_High   gpio.o
    0x080015d2   0x080015d2   0x00000018   Code   RO          221    i.GPIO_Write_Low    gpio.o
    0x080015ea   0x080015ea   0x00000002   PAD
    0x080015ec   0x080015ec   0x00000074   Code   RO          689    i.GXHT3L_Dat_To_Float  temperature.o
    0x08001660   0x08001660   0x00000024   Code   RO          987    i.HAL_Delay         stm32f1xx_hal.o
    0x08001684   0x08001684   0x000001f8   Code   RO         1297    i.HAL_GPIO_Init     stm32f1xx_hal_gpio.o
    0x0800187c   0x0800187c   0x0000000a   Code   RO         1299    i.HAL_GPIO_ReadPin  stm32f1xx_hal_gpio.o
    0x08001886   0x08001886   0x0000000a   Code   RO         1301    i.HAL_GPIO_WritePin  stm32f1xx_hal_gpio.o
    0x08001890   0x08001890   0x0000000c   Code   RO          991    i.HAL_GetTick       stm32f1xx_hal.o
    0x0800189c   0x0800189c   0x00000188   Code   RO         3263    i.HAL_I2C_Init      stm32f1xx_hal_i2c.o
    0x08001a24   0x08001a24   0x00000250   Code   RO         3269    i.HAL_I2C_Master_Receive  stm32f1xx_hal_i2c.o
    0x08001c74   0x08001c74   0x0000012c   Code   RO         3276    i.HAL_I2C_Master_Transmit  stm32f1xx_hal_i2c.o
    0x08001da0   0x08001da0   0x00000060   Code   RO          647    i.HAL_I2C_MspInit   i2c.o
    0x08001e00   0x08001e00   0x00000010   Code   RO          997    i.HAL_IncTick       stm32f1xx_hal.o
    0x08001e10   0x08001e10   0x00000024   Code   RO          998    i.HAL_Init          stm32f1xx_hal.o
    0x08001e34   0x08001e34   0x00000074   Code   RO          436    i.HAL_InitTick      stm32f1xx_hal_timebase_tim.o
    0x08001ea8   0x08001ea8   0x00000048   Code   RO          412    i.HAL_MspInit       stm32f1xx_hal_msp.o
    0x08001ef0   0x08001ef0   0x0000001a   Code   RO         1457    i.HAL_NVIC_EnableIRQ  stm32f1xx_hal_cortex.o
    0x08001f0a   0x08001f0a   0x00000002   PAD
    0x08001f0c   0x08001f0c   0x00000040   Code   RO         1463    i.HAL_NVIC_SetPriority  stm32f1xx_hal_cortex.o
    0x08001f4c   0x08001f4c   0x00000024   Code   RO         1464    i.HAL_NVIC_SetPriorityGrouping  stm32f1xx_hal_cortex.o
    0x08001f70   0x08001f70   0x0000012c   Code   RO         1155    i.HAL_RCC_ClockConfig  stm32f1xx_hal_rcc.o
    0x0800209c   0x0800209c   0x00000040   Code   RO         1159    i.HAL_RCC_GetClockConfig  stm32f1xx_hal_rcc.o
    0x080020dc   0x080020dc   0x00000020   Code   RO         1162    i.HAL_RCC_GetPCLK1Freq  stm32f1xx_hal_rcc.o
    0x080020fc   0x080020fc   0x0000004c   Code   RO         1164    i.HAL_RCC_GetSysClockFreq  stm32f1xx_hal_rcc.o
    0x08002148   0x08002148   0x00000320   Code   RO         1167    i.HAL_RCC_OscConfig  stm32f1xx_hal_rcc.o
    0x08002468   0x08002468   0x000000b2   Code   RO         2941    i.HAL_SPI_Init      stm32f1xx_hal_spi.o
    0x0800251a   0x0800251a   0x00000002   Code   RO         2943    i.HAL_SPI_MspInit   stm32f1xx_hal_spi.o
    0x0800251c   0x0800251c   0x0000016e   Code   RO         2949    i.HAL_SPI_Transmit  stm32f1xx_hal_spi.o
    0x0800268a   0x0800268a   0x00000002   Code   RO         2663    i.HAL_TIMEx_BreakCallback  stm32f1xx_hal_tim_ex.o
    0x0800268c   0x0800268c   0x00000002   Code   RO         2664    i.HAL_TIMEx_CommutCallback  stm32f1xx_hal_tim_ex.o
    0x0800268e   0x0800268e   0x00000054   Code   RO         2666    i.HAL_TIMEx_ConfigBreakDeadTime  stm32f1xx_hal_tim_ex.o
    0x080026e2   0x080026e2   0x00000002   PAD
    0x080026e4   0x080026e4   0x0000007c   Code   RO         2682    i.HAL_TIMEx_MasterConfigSynchronization  stm32f1xx_hal_tim_ex.o
    0x08002760   0x08002760   0x000000ac   Code   RO         2693    i.HAL_TIMEx_PWMN_Start  stm32f1xx_hal_tim_ex.o
    0x0800280c   0x0800280c   0x0000005a   Code   RO         1959    i.HAL_TIM_Base_Init  stm32f1xx_hal_tim.o
    0x08002866   0x08002866   0x00000002   PAD
    0x08002868   0x08002868   0x00000028   Code   RO          771    i.HAL_TIM_Base_MspInit  tim.o
    0x08002890   0x08002890   0x0000006c   Code   RO         1964    i.HAL_TIM_Base_Start_IT  stm32f1xx_hal_tim.o
    0x080028fc   0x080028fc   0x000000dc   Code   RO         1968    i.HAL_TIM_ConfigClockSource  stm32f1xx_hal_tim.o
    0x080029d8   0x080029d8   0x00000002   Code   RO         1993    i.HAL_TIM_IC_CaptureCallback  stm32f1xx_hal_tim.o
    0x080029da   0x080029da   0x00000166   Code   RO         2007    i.HAL_TIM_IRQHandler  stm32f1xx_hal_tim.o
    0x08002b40   0x08002b40   0x0000004c   Code   RO          772    i.HAL_TIM_MspPostInit  tim.o
    0x08002b8c   0x08002b8c   0x00000002   Code   RO         2010    i.HAL_TIM_OC_DelayElapsedCallback  stm32f1xx_hal_tim.o
    0x08002b8e   0x08002b8e   0x000000cc   Code   RO         2031    i.HAL_TIM_PWM_ConfigChannel  stm32f1xx_hal_tim.o
    0x08002c5a   0x08002c5a   0x0000005a   Code   RO         2034    i.HAL_TIM_PWM_Init  stm32f1xx_hal_tim.o
    0x08002cb4   0x08002cb4   0x00000002   Code   RO         2036    i.HAL_TIM_PWM_MspInit  stm32f1xx_hal_tim.o
    0x08002cb6   0x08002cb6   0x00000002   Code   RO         2037    i.HAL_TIM_PWM_PulseFinishedCallback  stm32f1xx_hal_tim.o
    0x08002cb8   0x08002cb8   0x0000000e   Code   RO          137    i.HAL_TIM_PeriodElapsedCallback  main.o
    0x08002cc6   0x08002cc6   0x00000002   Code   RO         2050    i.HAL_TIM_TriggerCallback  stm32f1xx_hal_tim.o
    0x08002cc8   0x08002cc8   0x00000002   Code   RO          350    i.HardFault_Handler  stm32f1xx_it.o
    0x08002cca   0x08002cca   0x0000002e   Code   RO         3306    i.I2C_IsAcknowledgeFailed  stm32f1xx_hal_i2c.o
    0x08002cf8   0x08002cf8   0x000000ec   Code   RO         3309    i.I2C_MasterRequestRead  stm32f1xx_hal_i2c.o
    0x08002de4   0x08002de4   0x0000009c   Code   RO         3310    i.I2C_MasterRequestWrite  stm32f1xx_hal_i2c.o
    0x08002e80   0x08002e80   0x00000056   Code   RO         3321    i.I2C_WaitOnBTFFlagUntilTimeout  stm32f1xx_hal_i2c.o
    0x08002ed6   0x08002ed6   0x00000002   PAD
    0x08002ed8   0x08002ed8   0x00000090   Code   RO         3322    i.I2C_WaitOnFlagUntilTimeout  stm32f1xx_hal_i2c.o
    0x08002f68   0x08002f68   0x000000bc   Code   RO         3323    i.I2C_WaitOnMasterAddressFlagUntilTimeout  stm32f1xx_hal_i2c.o
    0x08003024   0x08003024   0x00000070   Code   RO         3324    i.I2C_WaitOnRXNEFlagUntilTimeout  stm32f1xx_hal_i2c.o
    0x08003094   0x08003094   0x00000056   Code   RO         3325    i.I2C_WaitOnTXEFlagUntilTimeout  stm32f1xx_hal_i2c.o
    0x080030ea   0x080030ea   0x00000002   PAD
    0x080030ec   0x080030ec   0x00000118   Code   RO          265    i.MX_FREERTOS_Init  freertos.o
    0x08003204   0x08003204   0x00000040   Code   RO          648    i.MX_I2C2_Init      i2c.o
    0x08003244   0x08003244   0x000000cc   Code   RO          773    i.MX_TIM1_Init      tim.o
    0x08003310   0x08003310   0x00000002   Code   RO          351    i.MemManage_Handler  stm32f1xx_it.o
    0x08003312   0x08003312   0x00000002   Code   RO          352    i.NMI_Handler       stm32f1xx_it.o
    0x08003314   0x08003314   0x00000020   Code   RO         2979    i.SPI_EndRxTxTransaction  stm32f1xx_hal_spi.o
    0x08003334   0x08003334   0x000000b8   Code   RO         2984    i.SPI_WaitFlagStateUntilTimeout  stm32f1xx_hal_spi.o
    0x080033ec   0x080033ec   0x0000002c   Code   RO         5630    i.SysTick_Handler   port.o
    0x08003418   0x08003418   0x0000005e   Code   RO          138    i.SystemClock_Config  main.o
    0x08003476   0x08003476   0x00000002   Code   RO         4053    i.SystemInit        system_stm32f1xx.o
    0x08003478   0x08003478   0x0000000c   Code   RO          353    i.TIM2_IRQHandler   stm32f1xx_it.o
    0x08003484   0x08003484   0x0000008c   Code   RO         2052    i.TIM_Base_SetConfig  stm32f1xx_hal_tim.o
    0x08003510   0x08003510   0x0000001a   Code   RO         2702    i.TIM_CCxNChannelCmd  stm32f1xx_hal_tim_ex.o
    0x0800352a   0x0800352a   0x00000014   Code   RO         2063    i.TIM_ETR_SetConfig  stm32f1xx_hal_tim.o
    0x0800353e   0x0800353e   0x00000010   Code   RO         2064    i.TIM_ITRx_SetConfig  stm32f1xx_hal_tim.o
    0x0800354e   0x0800354e   0x00000002   PAD
    0x08003550   0x08003550   0x00000060   Code   RO         2065    i.TIM_OC1_SetConfig  stm32f1xx_hal_tim.o
    0x080035b0   0x080035b0   0x0000006c   Code   RO         2066    i.TIM_OC2_SetConfig  stm32f1xx_hal_tim.o
    0x0800361c   0x0800361c   0x00000068   Code   RO         2067    i.TIM_OC3_SetConfig  stm32f1xx_hal_tim.o
    0x08003684   0x08003684   0x00000050   Code   RO         2068    i.TIM_OC4_SetConfig  stm32f1xx_hal_tim.o
    0x080036d4   0x080036d4   0x00000022   Code   RO         2070    i.TIM_TI1_ConfigInputStage  stm32f1xx_hal_tim.o
    0x080036f6   0x080036f6   0x00000024   Code   RO         2072    i.TIM_TI2_ConfigInputStage  stm32f1xx_hal_tim.o
    0x0800371a   0x0800371a   0x00000002   Code   RO          354    i.UsageFault_Handler  stm32f1xx_it.o
    0x0800371c   0x0800371c   0x00000028   Code   RO         5847    i.__ARM_fpclassify  m_ws.l(fpclassify.o)
    0x08003744   0x08003744   0x00000020   Code   RO         1470    i.__NVIC_SetPriority  stm32f1xx_hal_cortex.o
    0x08003764   0x08003764   0x0000000e   Code   RO         5726    i._is_digit         c_w.l(__printf_wp.o)
    0x08003772   0x08003772   0x00000002   PAD
    0x08003774   0x08003774   0x00000050   Code   RO          266    i.control_task      freertos.o
    0x080037c4   0x080037c4   0x0000001c   Code   RO          818    i.dc_motor_init     dc_motor.o
    0x080037e0   0x080037e0   0x00000018   Code   RO          819    i.dc_motor_set_speed  dc_motor.o
    0x080037f8   0x080037f8   0x00000010   Code   RO          820    i.dc_motor_stop     dc_motor.o
    0x08003808   0x08003808   0x000000a4   Code   RO          267    i.dip_task          freertos.o
    0x080038ac   0x080038ac   0x00000034   Code   RO          268    i.env_collect_task  freertos.o
    0x080038e0   0x080038e0   0x00000050   Code   RO          690    i.gxht3l_get_temp_humi  temperature.o
    0x08003930   0x08003930   0x00000034   Code   RO          691    i.gxht3l_init       temperature.o
    0x08003964   0x08003964   0x00000018   Code   RO          734    i.key_is_pressed    key.o
    0x0800397c   0x0800397c   0x0000007c   Code   RO          269    i.key_task          freertos.o
    0x080039f8   0x080039f8   0x0000002c   Code   RO          139    i.main              main.o
    0x08003a24   0x08003a24   0x0000003c   Code   RO          547    i.oled_clear_screen  oled.o
    0x08003a60   0x08003a60   0x00000108   Code   RO          548    i.oled_initialize   oled.o
    0x08003b68   0x08003b68   0x0000002c   Code   RO          549    i.oled_set_cursor   oled.o
    0x08003b94   0x08003b94   0x00000120   Code   RO          550    i.oled_show_char    oled.o
    0x08003cb4   0x08003cb4   0x00000030   Code   RO          553    i.oled_show_humidity  oled.o
    0x08003ce4   0x08003ce4   0x00000044   Code   RO          555    i.oled_show_string  oled.o
    0x08003d28   0x08003d28   0x00000030   Code   RO          556    i.oled_show_temperature  oled.o
    0x08003d58   0x08003d58   0x00000034   Code   RO         5159    i.osDelay           cmsis_os2.o
    0x08003d8c   0x08003d8c   0x00000038   Code   RO         5173    i.osKernelInitialize  cmsis_os2.o
    0x08003dc4   0x08003dc4   0x00000040   Code   RO         5176    i.osKernelStart     cmsis_os2.o
    0x08003e04   0x08003e04   0x0000007c   Code   RO         5179    i.osMessageQueueGet  cmsis_os2.o
    0x08003e80   0x08003e80   0x00000074   Code   RO         5184    i.osMessageQueueNew  cmsis_os2.o
    0x08003ef4   0x08003ef4   0x00000080   Code   RO         5185    i.osMessageQueuePut  cmsis_os2.o
    0x08003f74   0x08003f74   0x0000008c   Code   RO         5201    i.osThreadFlagsSet  cmsis_os2.o
    0x08004000   0x08004000   0x000000b0   Code   RO         5202    i.osThreadFlagsWait  cmsis_os2.o
    0x080040b0   0x080040b0   0x000000a4   Code   RO         5210    i.osThreadNew       cmsis_os2.o
    0x08004154   0x08004154   0x0000005c   Code   RO         4655    i.prvAddCurrentTaskToDelayedList  tasks.o
    0x080041b0   0x080041b0   0x000000d0   Code   RO         4656    i.prvAddNewTaskToReadyList  tasks.o
    0x08004280   0x08004280   0x00000058   Code   RO         5005    i.prvCheckForValidListAndQueue  timers.o
    0x080042d8   0x080042d8   0x00000026   Code   RO         4258    i.prvCopyDataFromQueue  queue.o
    0x080042fe   0x080042fe   0x0000006c   Code   RO         4259    i.prvCopyDataToQueue  queue.o
    0x0800436a   0x0800436a   0x00000034   Code   RO         4657    i.prvDeleteTCB      tasks.o
    0x0800439e   0x0800439e   0x00000002   PAD
    0x080043a0   0x080043a0   0x0000004c   Code   RO         5580    i.prvHeapInit       heap_4.o
    0x080043ec   0x080043ec   0x00000060   Code   RO         4658    i.prvIdleTask       tasks.o
    0x0800444c   0x0800444c   0x00000022   Code   RO         4261    i.prvInitialiseNewQueue  queue.o
    0x0800446e   0x0800446e   0x0000009c   Code   RO         4659    i.prvInitialiseNewTask  tasks.o
    0x0800450a   0x0800450a   0x00000002   PAD
    0x0800450c   0x0800450c   0x0000004c   Code   RO         5581    i.prvInsertBlockIntoFreeList  heap_4.o
    0x08004558   0x08004558   0x00000038   Code   RO         5007    i.prvInsertTimerInActiveList  timers.o
    0x08004590   0x08004590   0x0000001c   Code   RO         4262    i.prvIsQueueEmpty   queue.o
    0x080045ac   0x080045ac   0x000000cc   Code   RO         5008    i.prvProcessReceivedCommands  timers.o
    0x08004678   0x08004678   0x000000b4   Code   RO         5009    i.prvProcessTimerOrBlockTask  timers.o
    0x0800472c   0x0800472c   0x00000020   Code   RO         4661    i.prvResetNextTaskUnblockTime  tasks.o
    0x0800474c   0x0800474c   0x00000028   Code   RO         5010    i.prvSampleTimeNow  timers.o
    0x08004774   0x08004774   0x0000006c   Code   RO         5011    i.prvSwitchTimerLists  timers.o
    0x080047e0   0x080047e0   0x00000028   Code   RO         5631    i.prvTaskExitError  port.o
    0x08004808   0x08004808   0x00000024   Code   RO         5012    i.prvTimerTask      timers.o
    0x0800482c   0x0800482c   0x0000006a   Code   RO         4263    i.prvUnlockQueue    queue.o
    0x08004896   0x08004896   0x00000002   PAD
    0x08004898   0x08004898   0x000000d8   Code   RO         5582    i.pvPortMalloc      heap_4.o
    0x08004970   0x08004970   0x00000024   Code   RO         5632    i.pxPortInitialiseStack  port.o
    0x08004994   0x08004994   0x000000e0   Code   RO          475    i.spi_initialize    spi.o
    0x08004a74   0x08004a74   0x0000002c   Code   RO          476    i.spi_reset         spi.o
    0x08004aa0   0x08004aa0   0x0000001a   Code   RO          477    i.spi_transmit      spi.o
    0x08004aba   0x08004aba   0x00000018   Code   RO          478    i.spi_write_cmd     spi.o
    0x08004ad2   0x08004ad2   0x0000001e   Code   RO          481    i.spi_write_datas   spi.o
    0x08004af0   0x08004af0   0x00000028   Code   RO          857    i.step_motor_init   step_motor.o
    0x08004b18   0x08004b18   0x0000009c   Code   RO          858    i.step_motor_run    step_motor.o
    0x08004bb4   0x08004bb4   0x00000028   Code   RO          859    i.step_motor_stop   step_motor.o
    0x08004bdc   0x08004bdc   0x00000026   Code   RO         4218    i.uxListRemove      list.o
    0x08004c02   0x08004c02   0x00000002   PAD
    0x08004c04   0x08004c04   0x00000014   Code   RO         5222    i.vApplicationGetIdleTaskMemory  cmsis_os2.o
    0x08004c18   0x08004c18   0x00000018   Code   RO         5223    i.vApplicationGetTimerTaskMemory  cmsis_os2.o
    0x08004c30   0x08004c30   0x00000016   Code   RO         4219    i.vListInitialise   list.o
    0x08004c46   0x08004c46   0x00000006   Code   RO         4220    i.vListInitialiseItem  list.o
    0x08004c4c   0x08004c4c   0x00000030   Code   RO         4221    i.vListInsert       list.o
    0x08004c7c   0x08004c7c   0x00000018   Code   RO         4222    i.vListInsertEnd    list.o
    0x08004c94   0x08004c94   0x00000040   Code   RO         5634    i.vPortEnterCritical  port.o
    0x08004cd4   0x08004cd4   0x00000028   Code   RO         5635    i.vPortExitCritical  port.o
    0x08004cfc   0x08004cfc   0x0000005c   Code   RO         5583    i.vPortFree         heap_4.o
    0x08004d58   0x08004d58   0x00000024   Code   RO         5636    i.vPortSetupTimerInterrupt  port.o
    0x08004d7c   0x08004d7c   0x00000054   Code   RO         5637    i.vPortValidateInterruptPriority  port.o
    0x08004dd0   0x08004dd0   0x00000028   Code   RO         4269    i.vQueueAddToRegistry  queue.o
    0x08004df8   0x08004df8   0x00000044   Code   RO         4273    i.vQueueWaitForMessageRestricted  queue.o
    0x08004e3c   0x08004e3c   0x0000004c   Code   RO         4673    i.vTaskDelay        tasks.o
    0x08004e88   0x08004e88   0x00000010   Code   RO         4678    i.vTaskInternalSetTimeOutState  tasks.o
    0x08004e98   0x08004e98   0x0000000c   Code   RO         4679    i.vTaskMissedYield  tasks.o
    0x08004ea4   0x08004ea4   0x00000030   Code   RO         4681    i.vTaskPlaceOnEventList  tasks.o
    0x08004ed4   0x08004ed4   0x00000038   Code   RO         4682    i.vTaskPlaceOnEventListRestricted  tasks.o
    0x08004f0c   0x08004f0c   0x00000088   Code   RO         4690    i.vTaskStartScheduler  tasks.o
    0x08004f94   0x08004f94   0x00000010   Code   RO         4692    i.vTaskSuspendAll   tasks.o
    0x08004fa4   0x08004fa4   0x00000064   Code   RO         4693    i.vTaskSwitchContext  tasks.o
    0x08005008   0x08005008   0x000000a8   Code   RO         5638    i.xPortStartScheduler  port.o
    0x080050b0   0x080050b0   0x00000048   Code   RO         4278    i.xQueueGenericCreate  queue.o
    0x080050f8   0x080050f8   0x00000066   Code   RO         4279    i.xQueueGenericCreateStatic  queue.o
    0x0800515e   0x0800515e   0x00000002   PAD
    0x08005160   0x08005160   0x00000088   Code   RO         4280    i.xQueueGenericReset  queue.o
    0x080051e8   0x080051e8   0x00000160   Code   RO         4281    i.xQueueGenericSend  queue.o
    0x08005348   0x08005348   0x000000bc   Code   RO         4282    i.xQueueGenericSendFromISR  queue.o
    0x08005404   0x08005404   0x00000138   Code   RO         4291    i.xQueueReceive     queue.o
    0x0800553c   0x0800553c   0x0000009a   Code   RO         4292    i.xQueueReceiveFromISR  queue.o
    0x080055d6   0x080055d6   0x00000002   PAD
    0x080055d8   0x080055d8   0x00000074   Code   RO         4694    i.xTaskCheckForTimeOut  tasks.o
    0x0800564c   0x0800564c   0x0000005a   Code   RO         4695    i.xTaskCreate       tasks.o
    0x080056a6   0x080056a6   0x00000056   Code   RO         4696    i.xTaskCreateStatic  tasks.o
    0x080056fc   0x080056fc   0x000000c8   Code   RO         4697    i.xTaskGenericNotify  tasks.o
    0x080057c4   0x080057c4   0x000000f0   Code   RO         4698    i.xTaskGenericNotifyFromISR  tasks.o
    0x080058b4   0x080058b4   0x0000001c   Code   RO         4700    i.xTaskGetSchedulerState  tasks.o
    0x080058d0   0x080058d0   0x0000000c   Code   RO         4701    i.xTaskGetTickCount  tasks.o
    0x080058dc   0x080058dc   0x000000c8   Code   RO         4703    i.xTaskIncrementTick  tasks.o
    0x080059a4   0x080059a4   0x0000008c   Code   RO         4705    i.xTaskNotifyWait   tasks.o
    0x08005a30   0x08005a30   0x00000080   Code   RO         4706    i.xTaskPriorityDisinherit  tasks.o
    0x08005ab0   0x08005ab0   0x00000070   Code   RO         4708    i.xTaskRemoveFromEventList  tasks.o
    0x08005b20   0x08005b20   0x000000c4   Code   RO         4709    i.xTaskResumeAll    tasks.o
    0x08005be4   0x08005be4   0x00000060   Code   RO         5019    i.xTimerCreateTimerTask  timers.o
    0x08005c44   0x08005c44   0x00000068   Code   RO         5020    i.xTimerGenericCommand  timers.o
    0x08005cac   0x08005cac   0x0000002c   Code   RO         5843    locale$$code        c_w.l(lc_numeric_c.o)
    0x08005cd8   0x08005cd8   0x0000000c   Code   RO         5784    x$fpl$dretinf       fz_ws.l(dretinf.o)
    0x08005ce4   0x08005ce4   0x00000056   Code   RO         5750    x$fpl$f2d           fz_ws.l(f2d.o)
    0x08005d3a   0x08005d3a   0x00000002   PAD
    0x08005d3c   0x08005d3c   0x000000c4   Code   RO         5752    x$fpl$fadd          fz_ws.l(faddsub_clz.o)
    0x08005e00   0x08005e00   0x00000184   Code   RO         5759    x$fpl$fdiv          fz_ws.l(fdiv.o)
    0x08005f84   0x08005f84   0x00000026   Code   RO         5762    x$fpl$ffltu         fz_ws.l(fflt_clz.o)
    0x08005faa   0x08005faa   0x00000002   PAD
    0x08005fac   0x08005fac   0x00000102   Code   RO         5768    x$fpl$fmul          fz_ws.l(fmul.o)
    0x080060ae   0x080060ae   0x0000008c   Code   RO         5786    x$fpl$fnaninf       fz_ws.l(fnaninf.o)
    0x0800613a   0x0800613a   0x0000000a   Code   RO         5788    x$fpl$fretinf       fz_ws.l(fretinf.o)
    0x08006144   0x08006144   0x000000ea   Code   RO         5754    x$fpl$fsub          fz_ws.l(faddsub_clz.o)
    0x0800622e   0x0800622e   0x00000004   Code   RO         5770    x$fpl$printf1       fz_ws.l(printf1.o)
    0x08006232   0x08006232   0x00000000   Code   RO         5790    x$fpl$usenofp       fz_ws.l(usenofp.o)
    0x08006232   0x08006232   0x00000002   PAD
    0x08006234   0x08006234   0x0000009c   Data   RO          270    .constdata          freertos.o
    0x080062d0   0x080062d0   0x00001db0   Data   RO          557    .constdata          oled.o
    0x08008080   0x08008080   0x00000012   Data   RO         1168    .constdata          stm32f1xx_hal_rcc.o
    0x08008092   0x08008092   0x00000010   Data   RO         4054    .constdata          system_stm32f1xx.o
    0x080080a2   0x080080a2   0x00000008   Data   RO         4055    .constdata          system_stm32f1xx.o
    0x080080aa   0x080080aa   0x00000002   PAD
    0x080080ac   0x080080ac   0x00000094   Data   RO         5818    .constdata          c_w.l(bigflt0.o)
    0x08008140   0x08008140   0x0000002c   Data   RO          271    .conststring        freertos.o
    0x0800816c   0x0800816c   0x00000020   Data   RO         5990    Region$$Table       anon$$obj.o
    0x0800818c   0x0800818c   0x0000001c   Data   RO         5842    locale$$data        c_w.l(lc_numeric_c.o)


    Execution Region RW_IRAM1 (Exec base: 0x20000000, Load base: 0x080081a8, Size: 0x00002280, Max: 0x0000c000, ABSOLUTE, COMPRESSED[0x00000074])

    Exec Addr    Load Addr    Size         Type   Attr      Idx    E Section Name        Object

    0x20000000   COMPRESSED   0x00000018   Data   RW           13    .data               led.o
    0x20000018   COMPRESSED   0x0000001c   Data   RW          272    .data               freertos.o
    0x20000034   COMPRESSED   0x00000018   Data   RW          483    .data               spi.o
    0x2000004c   COMPRESSED   0x00000018   Data   RW          484    .data               spi.o
    0x20000064   COMPRESSED   0x00000018   Data   RW          485    .data               spi.o
    0x2000007c   COMPRESSED   0x00000018   Data   RW          486    .data               spi.o
    0x20000094   COMPRESSED   0x00000018   Data   RW          487    .data               spi.o
    0x200000ac   COMPRESSED   0x00000060   Data   RW          736    .data               key.o
    0x2000010c   COMPRESSED   0x00000018   Data   RW          821    .data               dc_motor.o
    0x20000124   COMPRESSED   0x00000060   Data   RW          860    .data               step_motor.o
    0x20000184   COMPRESSED   0x0000000c   Data   RW         1005    .data               stm32f1xx_hal.o
    0x20000190   COMPRESSED   0x00000004   Data   RW         4056    .data               system_stm32f1xx.o
    0x20000194   COMPRESSED   0x0000003c   Data   RW         4712    .data               tasks.o
    0x200001d0   COMPRESSED   0x00000014   Data   RW         5028    .data               timers.o
    0x200001e4   COMPRESSED   0x00000004   Data   RW         5225    .data               cmsis_os2.o
    0x200001e8   COMPRESSED   0x00000018   Data   RW         5588    .data               heap_4.o
    0x20000200   COMPRESSED   0x0000000c   Data   RW         5639    .data               port.o
    0x2000020c        -       0x00000048   Zero   RW          439    .bss                stm32f1xx_hal_timebase_tim.o
    0x20000254        -       0x00000058   Zero   RW          482    .bss                spi.o
    0x200002ac        -       0x00000054   Zero   RW          649    .bss                i2c.o
    0x20000300        -       0x00000048   Zero   RW          774    .bss                tim.o
    0x20000348        -       0x00000040   Zero   RW         4295    .bss                queue.o
    0x20000388        -       0x000004c4   Zero   RW         4711    .bss                tasks.o
    0x2000084c        -       0x00000118   Zero   RW         5027    .bss                timers.o
    0x20000964        -       0x000006b8   Zero   RW         5224    .bss                cmsis_os2.o
    0x2000101c        -       0x00000c00   Zero   RW         5587    .bss                heap_4.o
    0x20001c1c        -       0x00000060   Zero   RW         5850    .bss                c_w.l(libspace.o)
    0x20001c7c   COMPRESSED   0x00000004   PAD
    0x20001c80        -       0x00000200   Zero   RW            2    HEAP                startup_stm32f103xe.o
    0x20001e80        -       0x00000400   Zero   RW            1    STACK               startup_stm32f103xe.o


==============================================================================

Image component sizes


      Code (inc. data)   RO Data    RW Data    ZI Data      Debug   Object Name

      1064         70          0          4       1720      20013   cmsis_os2.o
        68         16          0         24          0       1901   dc_motor.o
         0          0          0          0          0      20152   event_groups.o
       700        116        200         28          0       7134   freertos.o
       274         26          0          0          0       2785   gpio.o
       460         24          0         24       3072       4643   heap_4.o
       160         28          0          0         84       1613   i2c.o
        24          0          0         96          0       1638   key.o
         0          0          0         24          0     492253   led.o
       138          0          0          0          0       3370   list.o
       156          6          0          0          0      10993   main.o
       820         52       7600          0          0       6456   oled.o
       662         70          0         12          0      10761   port.o
      1738         20          0          0         64      19317   queue.o
       348         16          0        120         88       4189   spi.o
        64         26        304          0       1536        808   startup_stm32f103xe.o
       236         14          0         96          0       1767   step_motor.o
       100         18          0         12          0       5822   stm32f1xx_hal.o
       158         14          0          0          0      28162   stm32f1xx_hal_cortex.o
       524         42          0          0          0       3519   stm32f1xx_hal_gpio.o
      2338         54          0          0          0      12530   stm32f1xx_hal_i2c.o
        72         10          0          0          0        862   stm32f1xx_hal_msp.o
      1272         82         18          0          0       5150   stm32f1xx_hal_rcc.o
       762          4          0          0          0       4852   stm32f1xx_hal_spi.o
      1714         76          0          0          0      14722   stm32f1xx_hal_tim.o
       410         40          0          0          0       4564   stm32f1xx_hal_tim_ex.o
       116         14          0          0         72       1411   stm32f1xx_hal_timebase_tim.o
        24          6          0          0          0       2987   stm32f1xx_it.o
         0          0          0          0          0       8896   stream_buffer.o
         2          0         24          4          0       1107   system_stm32f1xx.o
      2644        218          0         60       1220      26875   tasks.o
       296         34          0          0          0       3654   temperature.o
       320         32          0          0         72       2340   tim.o
       912         82          0         20        280      25931   timers.o

    ----------------------------------------------------------------------
     18606       1210       8180        524       8208     763177   Object Totals
         0          0         32          0          0          0   (incl. Generated)
        30          0          2          0          0          0   (incl. Padding)

    ----------------------------------------------------------------------

      Code (inc. data)   RO Data    RW Data    ZI Data      Debug   Library Member Name

        90          0          0          0          0          0   __dczerorl2.o
         8          0          0          0          0         68   __main.o
       284          0          0          0          0        156   __printf_wp.o
         0          0          0          0          0          0   __rtentry.o
        12          0          0          0          0          0   __rtentry2.o
         6          0          0          0          0          0   __rtentry4.o
        52          8          0          0          0          0   __scatter.o
        28          0          0          0          0          0   __scatter_zi.o
        48          6          0          0          0         96   _printf_char_common.o
         6          0          0          0          0          0   _printf_f.o
      1054          0          0          0          0        216   _printf_fp_dec.o
       128         16          0          0          0         84   _printf_fp_infnan.o
         0          0          0          0          0          0   _printf_percent.o
         4          0          0          0          0          0   _printf_percent_end.o
        10          0          0          0          0         68   _sputc.o
        16          0          0          0          0         68   aeabi_memset.o
       228          4        148          0          0         96   bigflt0.o
      1936        128          0          0          0        672   btod.o
        18          0          0          0          0         80   exit.o
         6          0          0          0          0        152   heapauxi.o
         0          0          0          0          0          0   indicate_semi.o
        44         10         28          0          0         76   lc_numeric_c.o
         2          0          0          0          0          0   libinit.o
        18          0          0          0          0          0   libinit2.o
         2          0          0          0          0          0   libshutdown.o
         2          0          0          0          0          0   libshutdown2.o
         8          4          0          0         96         68   libspace.o
       138          0          0          0          0         80   lludiv10.o
        40          6          0          0          0         84   noretval__2sprintf.o
         8          4          0          0          0         68   rt_locale_intlibspace.o
        68          0          0          0          0         68   rt_memclr.o
        78          0          0          0          0         80   rt_memclr_w.o
       138          0          0          0          0         68   rt_memcpy_v6.o
       100          0          0          0          0         80   rt_memcpy_w.o
         2          0          0          0          0          0   rtexit.o
        10          0          0          0          0          0   rtexit2.o
       128          0          0          0          0         68   strcmpv7m.o
        12          4          0          0          0         68   sys_exit.o
        74          0          0          0          0         80   sys_stackheap_outer.o
         2          0          0          0          0         68   use_no_semi.o
        12          0          0          0          0         68   dretinf.o
        86          4          0          0          0         84   f2d.o
       430          8          0          0          0        168   faddsub_clz.o
       388         76          0          0          0         96   fdiv.o
        38          0          0          0          0         68   fflt_clz.o
       258          4          0          0          0         84   fmul.o
       140          4          0          0          0         84   fnaninf.o
        10          0          0          0          0         68   fretinf.o
         4          0          0          0          0         68   printf1.o
         0          0          0          0          0          0   usenofp.o
        40          0          0          0          0         68   fpclassify.o

    ----------------------------------------------------------------------
      6230        286        176          0        100       3568   Library Totals
        16          0          0          0          4          0   (incl. Padding)

    ----------------------------------------------------------------------

      Code (inc. data)   RO Data    RW Data    ZI Data      Debug   Library Name

      4808        190        176          0         96       2712   c_w.l
      1366         96          0          0          0        788   fz_ws.l
        40          0          0          0          0         68   m_ws.l

    ----------------------------------------------------------------------
      6230        286        176          0        100       3568   Library Totals

    ----------------------------------------------------------------------

==============================================================================


      Code (inc. data)   RO Data    RW Data    ZI Data      Debug   

     24836       1496       8356        524       8308     755249   Grand Totals
     24836       1496       8356        116       8308     755249   ELF Image Totals (compressed)
     24836       1496       8356        116          0          0   ROM Totals

==============================================================================

    Total RO  Size (Code + RO Data)                33192 (  32.41kB)
    Total RW  Size (RW Data + ZI Data)              8832 (   8.63kB)
    Total ROM Size (Code + RO Data + RW Data)      33308 (  32.53kB)

==============================================================================

