Component: ARM Compiler 5.06 update 7 (build 960) Tool: armlink [4d3601]

==============================================================================

Section Cross References

    startup_stm32f103xe.o(RESET) refers to startup_stm32f103xe.o(STACK) for __initial_sp
    startup_stm32f103xe.o(RESET) refers to startup_stm32f103xe.o(.text) for Reset_Handler
    startup_stm32f103xe.o(RESET) refers to stm32f1xx_it.o(i.NMI_Handler) for NMI_Handler
    startup_stm32f103xe.o(RESET) refers to stm32f1xx_it.o(i.HardFault_Handler) for HardFault_Handler
    startup_stm32f103xe.o(RESET) refers to stm32f1xx_it.o(i.MemManage_Handler) for MemManage_Handler
    startup_stm32f103xe.o(RESET) refers to stm32f1xx_it.o(i.BusFault_Handler) for BusFault_Handler
    startup_stm32f103xe.o(RESET) refers to stm32f1xx_it.o(i.UsageFault_Handler) for UsageFault_Handler
    startup_stm32f103xe.o(RESET) refers to port.o(.emb_text) for SVC_Handler
    startup_stm32f103xe.o(RESET) refers to stm32f1xx_it.o(i.DebugMon_Handler) for DebugMon_Handler
    startup_stm32f103xe.o(RESET) refers to port.o(i.SysTick_Handler) for SysTick_Handler
    startup_stm32f103xe.o(RESET) refers to stm32f1xx_it.o(i.TIM2_IRQHandler) for TIM2_IRQHandler
    startup_stm32f103xe.o(.text) refers to system_stm32f1xx.o(i.SystemInit) for SystemInit
    startup_stm32f103xe.o(.text) refers to entry.o(.ARM.Collect$$$$00000000) for __main
    main.o(i.HAL_TIM_PeriodElapsedCallback) refers to stm32f1xx_hal.o(i.HAL_IncTick) for HAL_IncTick
    main.o(i.SystemClock_Config) refers to memseta.o(.text) for __aeabi_memclr4
    main.o(i.SystemClock_Config) refers to stm32f1xx_hal_rcc.o(i.HAL_RCC_OscConfig) for HAL_RCC_OscConfig
    main.o(i.SystemClock_Config) refers to stm32f1xx_hal_rcc.o(i.HAL_RCC_ClockConfig) for HAL_RCC_ClockConfig
    main.o(i.main) refers to stm32f1xx_hal.o(i.HAL_Init) for HAL_Init
    main.o(i.main) refers to main.o(i.SystemClock_Config) for SystemClock_Config
    main.o(i.main) refers to uart.o(i.Uart1_Initialize) for Uart1_Initialize
    main.o(i.main) refers to printfa.o(i.__0printf) for __2printf
    main.o(i.main) refers to rtos_main.o(i.Start_Task) for Start_Task
    gpio.o(i.GPIO_Init_Universal) refers to stm32f1xx_hal_gpio.o(i.HAL_GPIO_Init) for HAL_GPIO_Init
    gpio.o(i.GPIO_Read_Pin) refers to stm32f1xx_hal_gpio.o(i.HAL_GPIO_ReadPin) for HAL_GPIO_ReadPin
    gpio.o(i.GPIO_Toggle_Pin) refers to stm32f1xx_hal_gpio.o(i.HAL_GPIO_TogglePin) for HAL_GPIO_TogglePin
    gpio.o(i.GPIO_Write_High) refers to stm32f1xx_hal_gpio.o(i.HAL_GPIO_WritePin) for HAL_GPIO_WritePin
    gpio.o(i.GPIO_Write_Low) refers to stm32f1xx_hal_gpio.o(i.HAL_GPIO_WritePin) for HAL_GPIO_WritePin
    stm32f1xx_it.o(i.TIM2_IRQHandler) refers to stm32f1xx_hal_tim.o(i.HAL_TIM_IRQHandler) for HAL_TIM_IRQHandler
    stm32f1xx_it.o(i.TIM2_IRQHandler) refers to stm32f1xx_hal_timebase_tim.o(.bss) for htim2
    stm32f1xx_hal_timebase_tim.o(i.HAL_InitTick) refers to stm32f1xx_hal_cortex.o(i.HAL_NVIC_SetPriority) for HAL_NVIC_SetPriority
    stm32f1xx_hal_timebase_tim.o(i.HAL_InitTick) refers to stm32f1xx_hal_cortex.o(i.HAL_NVIC_EnableIRQ) for HAL_NVIC_EnableIRQ
    stm32f1xx_hal_timebase_tim.o(i.HAL_InitTick) refers to stm32f1xx_hal_rcc.o(i.HAL_RCC_GetClockConfig) for HAL_RCC_GetClockConfig
    stm32f1xx_hal_timebase_tim.o(i.HAL_InitTick) refers to stm32f1xx_hal_rcc.o(i.HAL_RCC_GetPCLK1Freq) for HAL_RCC_GetPCLK1Freq
    stm32f1xx_hal_timebase_tim.o(i.HAL_InitTick) refers to stm32f1xx_hal_tim.o(i.HAL_TIM_Base_Init) for HAL_TIM_Base_Init
    stm32f1xx_hal_timebase_tim.o(i.HAL_InitTick) refers to stm32f1xx_hal_tim.o(i.HAL_TIM_Base_Start_IT) for HAL_TIM_Base_Start_IT
    stm32f1xx_hal_timebase_tim.o(i.HAL_InitTick) refers to stm32f1xx_hal_timebase_tim.o(.bss) for .bss
    stm32f1xx_hal_timebase_tim.o(i.HAL_ResumeTick) refers to stm32f1xx_hal_timebase_tim.o(.bss) for .bss
    stm32f1xx_hal_timebase_tim.o(i.HAL_SuspendTick) refers to stm32f1xx_hal_timebase_tim.o(.bss) for .bss
    rtos_main.o(i.Key_Task) refers to gpio.o(i.GPIO_Init_Universal) for GPIO_Init_Universal
    rtos_main.o(i.Key_Task) refers to key.o(i.key_scan) for key_scan
    rtos_main.o(i.Key_Task) refers to tasks.o(i.xTaskGenericNotify) for xTaskGenericNotify
    rtos_main.o(i.Key_Task) refers to tasks.o(i.pcTaskGetName) for pcTaskGetName
    rtos_main.o(i.Key_Task) refers to log.o(i.log_print) for log_print
    rtos_main.o(i.Key_Task) refers to tasks.o(i.vTaskDelay) for vTaskDelay
    rtos_main.o(i.Key_Task) refers to rtos_main.o(.data) for .data
    rtos_main.o(i.Key_Task) refers to key.o(.data) for key1
    rtos_main.o(i.Led_Task) refers to gpio.o(i.GPIO_Init_Universal) for GPIO_Init_Universal
    rtos_main.o(i.Led_Task) refers to gpio.o(i.GPIO_Write_High) for GPIO_Write_High
    rtos_main.o(i.Led_Task) refers to tasks.o(i.ulTaskGenericNotifyTake) for ulTaskGenericNotifyTake
    rtos_main.o(i.Led_Task) refers to tasks.o(i.pcTaskGetName) for pcTaskGetName
    rtos_main.o(i.Led_Task) refers to log.o(i.log_print) for log_print
[...]
    Removing event_groups.o(i.xEventGroupSetBits), (188 bytes).
    Removing event_groups.o(i.xEventGroupSync), (236 bytes).
    Removing event_groups.o(i.xEventGroupWaitBits), (300 bytes).
    Removing list.o(.rev16_text), (4 bytes).
    Removing list.o(.revsh_text), (4 bytes).
    Removing list.o(.rrx_text), (6 bytes).
    Removing queue.o(.rev16_text), (4 bytes).
    Removing queue.o(.revsh_text), (4 bytes).
    Removing queue.o(.rrx_text), (6 bytes).
    Removing queue.o(i.pcQueueGetName), (40 bytes).
    Removing queue.o(i.uxQueueMessagesWaiting), (80 bytes).
    Removing queue.o(i.uxQueueMessagesWaitingFromISR), (72 bytes).
    Removing queue.o(i.uxQueueSpacesAvailable), (84 bytes).
    Removing queue.o(i.vQueueAddToRegistry), (36 bytes).
    Removing queue.o(i.vQueueDelete), (84 bytes).
    Removing queue.o(i.vQueueUnregisterQueue), (40 bytes).
    Removing queue.o(i.xQueueGenericSendFromISR), (240 bytes).
    Removing queue.o(i.xQueueGiveFromISR), (208 bytes).
    Removing queue.o(i.xQueueIsQueueEmptyFromISR), (80 bytes).
    Removing queue.o(i.xQueueIsQueueFullFromISR), (84 bytes).
    Removing queue.o(i.xQueuePeek), (348 bytes).
    Removing queue.o(i.xQueuePeekFromISR), (152 bytes).
    Removing queue.o(i.xQueueReceiveFromISR), (208 bytes).
    Removing queue.o(i.xQueueSemaphoreTake), (332 bytes).
    Removing queue.o(.bss), (80 bytes).
    Removing stream_buffer.o(.rev16_text), (4 bytes).
    Removing stream_buffer.o(.revsh_text), (4 bytes).
    Removing stream_buffer.o(.rrx_text), (6 bytes).
    Removing stream_buffer.o(i.prvBytesInBuffer), (18 bytes).
    Removing stream_buffer.o(i.prvInitialiseNewStreamBuffer), (120 bytes).
    Removing stream_buffer.o(i.prvReadBytesFromBuffer), (192 bytes).
    Removing stream_buffer.o(i.prvReadMessageFromBuffer), (58 bytes).
    Removing stream_buffer.o(i.prvWriteBytesToBuffer), (180 bytes).
    Removing stream_buffer.o(i.prvWriteMessageToBuffer), (60 bytes).
    Removing stream_buffer.o(i.vStreamBufferDelete), (104 bytes).
    Removing stream_buffer.o(i.xStreamBufferBytesAvailable), (84 bytes).
    Removing stream_buffer.o(i.xStreamBufferGenericCreate), (152 bytes).
    Removing stream_buffer.o(i.xStreamBufferIsEmpty), (92 bytes).
    Removing stream_buffer.o(i.xStreamBufferIsFull), (108 bytes).
    Removing stream_buffer.o(i.xStreamBufferNextMessageLengthBytes), (128 bytes).
    Removing stream_buffer.o(i.xStreamBufferReceive), (268 bytes).
    Removing stream_buffer.o(i.xStreamBufferReceiveCompletedFromISR), (132 bytes).
    Removing stream_buffer.o(i.xStreamBufferReceiveFromISR), (192 bytes).
    Removing stream_buffer.o(i.xStreamBufferReset), (116 bytes).
    Removing stream_buffer.o(i.xStreamBufferSend), (324 bytes).
    Removing stream_buffer.o(i.xStreamBufferSendCompletedFromISR), (132 bytes).
    Removing stream_buffer.o(i.xStreamBufferSendFromISR), (196 bytes).
    Removing stream_buffer.o(i.xStreamBufferSetTriggerLevel), (96 bytes).
    Removing stream_buffer.o(i.xStreamBufferSpacesAvailable), (96 bytes).
    Removing tasks.o(.rev16_text), (4 bytes).
    Removing tasks.o(.revsh_text), (4 bytes).
    Removing tasks.o(.rrx_text), (6 bytes).
    Removing tasks.o(i.prvTaskIsTaskSuspended), (96 bytes).
    Removing tasks.o(i.ulTaskGenericNotifyValueClear), (44 bytes).
    Removing tasks.o(i.uxTaskGetNumberOfTasks), (12 bytes).
    Removing tasks.o(i.uxTaskPriorityGet), (28 bytes).
    Removing tasks.o(i.uxTaskPriorityGetFromISR), (44 bytes).
    Removing tasks.o(i.uxTaskResetEventItemValue), (24 bytes).
    Removing tasks.o(i.vTaskDelete), (216 bytes).
    Removing tasks.o(i.vTaskEndScheduler), (28 bytes).
    Removing tasks.o(i.vTaskGenericNotifyGiveFromISR), (240 bytes).
    Removing tasks.o(i.vTaskPlaceOnUnorderedEventList), (124 bytes).
    Removing tasks.o(i.vTaskPrioritySet), (232 bytes).
    Removing tasks.o(i.vTaskRemoveFromUnorderedEventList), (160 bytes).
    Removing tasks.o(i.vTaskResume), (172 bytes).
    Removing tasks.o(i.vTaskSetTimeOutState), (92 bytes).
    Removing tasks.o(i.vTaskSuspend), (240 bytes).
    Removing tasks.o(i.xTaskCatchUpTicks), (92 bytes).
    Removing tasks.o(i.xTaskDelayUntil), (184 bytes).
    Removing tasks.o(i.xTaskGenericNotifyFromISR), (328 bytes).
    Removing tasks.o(i.xTaskGenericNotifyStateClear), (112 bytes).
    Removing tasks.o(i.xTaskGenericNotifyWait), (228 bytes).
    Removing tasks.o(i.xTaskGetCurrentTaskHandle), (12 bytes).
    Removing tasks.o(i.xTaskGetTickCount), (12 bytes).
    Removing tasks.o(i.xTaskGetTickCountFromISR), (16 bytes).
    Removing tasks.o(i.xTaskResumeFromISR), (192 bytes).
    Removing timers.o(.rev16_text), (4 bytes).
    Removing timers.o(.revsh_text), (4 bytes).
    Removing timers.o(.rrx_text), (6 bytes).
    Removing port.o(.rev16_text), (4 bytes).
    Removing port.o(.revsh_text), (4 bytes).
    Removing port.o(.rrx_text), (6 bytes).
    Removing port.o(i.vPortEndScheduler), (96 bytes).
    Removing port.o(i.vPortValidateInterruptPriority), (148 bytes).
    Removing heap_4.o(.rev16_text), (4 bytes).
    Removing heap_4.o(.revsh_text), (4 bytes).
    Removing heap_4.o(.rrx_text), (6 bytes).
    Removing heap_4.o(i.vPortGetHeapStats), (108 bytes).
    Removing heap_4.o(i.vPortInitialiseBlocks), (2 bytes).
    Removing heap_4.o(i.xPortGetFreeHeapSize), (12 bytes).
    Removing heap_4.o(i.xPortGetMinimumEverFreeHeapSize), (12 bytes).

510 unused section(s) (total 38578 bytes) removed from the image.

==============================================================================

Image Symbol Table

    Local Symbols

    Symbol Name                              Value     Ov Type        Size  Object(Section)

    ../Core/Src/gpio.c                       0x00000000   Number         0  gpio.o ABSOLUTE
    ../Core/Src/main.c                       0x00000000   Number         0  main.o ABSOLUTE
    ../Core/Src/stm32f1xx_hal_msp.c          0x00000000   Number         0  stm32f1xx_hal_msp.o ABSOLUTE
    ../Core/Src/stm32f1xx_hal_timebase_tim.c 0x00000000   Number         0  stm32f1xx_hal_timebase_tim.o ABSOLUTE
    ../Core/Src/stm32f1xx_it.c               0x00000000   Number         0  stm32f1xx_it.o ABSOLUTE
    ../Core/Src/system_stm32f1xx.c           0x00000000   Number         0  system_stm32f1xx.o ABSOLUTE
    ../Drivers/STM32F1xx_HAL_Driver/Src/stm32f1xx_hal.c 0x00000000   Number         0  stm32f1xx_hal.o ABSOLUTE
    ../Drivers/STM32F1xx_HAL_Driver/Src/stm32f1xx_hal_cortex.c 0x00000000   Number         0  stm32f1xx_hal_cortex.o ABSOLUTE
    ../Drivers/STM32F1xx_HAL_Driver/Src/stm32f1xx_hal_dma.c 0x00000000   Number         0  stm32f1xx_hal_dma.o ABSOLUTE
    ../Drivers/STM32F1xx_HAL_Driver/Src/stm32f1xx_hal_exti.c 0x00000000   Number         0  stm32f1xx_hal_exti.o ABSOLUTE
    ../Drivers/STM32F1xx_HAL_Driver/Src/stm32f1xx_hal_flash.c 0x00000000   Number         0  stm32f1xx_hal_flash.o ABSOLUTE
    ../Drivers/STM32F1xx_HAL_Driver/Src/stm32f1xx_hal_flash_ex.c 0x00000000   Number         0  stm32f1xx_hal_flash_ex.o ABSOLUTE
    ../Drivers/STM32F1xx_HAL_Driver/Src/stm32f1xx_hal_gpio.c 0x00000000   Number         0  stm32f1xx_hal_gpio.o ABSOLUTE
    ../Drivers/STM32F1xx_HAL_Driver/Src/stm32f1xx_hal_gpio_ex.c 0x00000000   Number         0  stm32f1xx_hal_gpio_ex.o ABSOLUTE
    ../Drivers/STM32F1xx_HAL_Driver/Src/stm32f1xx_hal_pwr.c 0x00000000   Number         0  stm32f1xx_hal_pwr.o ABSOLUTE
    ../Drivers/STM32F1xx_HAL_Driver/Src/stm32f1xx_hal_rcc.c 0x00000000   Number         0  stm32f1xx_hal_rcc.o ABSOLUTE
    ../Drivers/STM32F1xx_HAL_Driver/Src/stm32f1xx_hal_rcc_ex.c 0x00000000   Number         0  stm32f1xx_hal_rcc_ex.o ABSOLUTE
    ../Drivers/STM32F1xx_HAL_Driver/Src/stm32f1xx_hal_tim.c 0x00000000   Number         0  stm32f1xx_hal_tim.o ABSOLUTE
    ../Drivers/STM32F1xx_HAL_Driver/Src/stm32f1xx_hal_tim_ex.c 0x00000000   Number         0  stm32f1xx_hal_tim_ex.o ABSOLUTE
    ../clib/../cmprslib/zerorunl2.c          0x00000000   Number         0  __dczerorl2.o ABSOLUTE
    ../clib/microlib/division.c              0x00000000   Number         0  uldiv.o ABSOLUTE
    ../clib/microlib/division.c              0x00000000   Number         0  uidiv.o ABSOLUTE
    ../clib/microlib/init/entry.s            0x00000000   Number         0  entry.o ABSOLUTE
    ../clib/microlib/init/entry.s            0x00000000   Number         0  entry11a.o ABSOLUTE
    ../clib/microlib/init/entry.s            0x00000000   Number         0  entry12b.o ABSOLUTE
    ../clib/microlib/init/entry.s            0x00000000   Number         0  entry10a.o ABSOLUTE
    ../clib/microlib/init/entry.s            0x00000000   Number         0  entry11b.o ABSOLUTE
    ../clib/microlib/init/entry.s            0x00000000   Number         0  entry2.o ABSOLUTE
    ../clib/microlib/init/entry.s            0x00000000   Number         0  entry10b.o ABSOLUTE
    ../clib/microlib/init/entry.s            0x00000000   Number         0  entry5.o ABSOLUTE
    ../clib/microlib/init/entry.s            0x00000000   Number         0  entry7b.o ABSOLUTE
    ../clib/microlib/init/entry.s            0x00000000   Number         0  entry9b.o ABSOLUTE
    ../clib/microlib/init/entry.s            0x00000000   Number         0  entry8a.o ABSOLUTE
    ../clib/microlib/init/entry.s            0x00000000   Number         0  entry12a.o ABSOLUTE
    ../clib/microlib/init/entry.s            0x00000000   Number         0  entry7a.o ABSOLUTE
    ../clib/microlib/init/entry.s            0x00000000   Number         0  entry8b.o ABSOLUTE
    ../clib/microlib/init/entry.s            0x00000000   Number         0  entry9a.o ABSOLUTE
    ../clib/microlib/longlong.c              0x00000000   Number         0  llushr.o ABSOLUTE
    ../clib/microlib/longlong.c              0x00000000   Number         0  llshl.o ABSOLUTE
    ../clib/microlib/longlong.c              0x00000000   Number         0  llsshr.o ABSOLUTE
    ../clib/microlib/printf/printf.c         0x00000000   Number         0  printfa.o ABSOLUTE
    ../clib/microlib/printf/printf.c         0x00000000   Number         0  printf8.o ABSOLUTE
    ../clib/microlib/printf/printf.c         0x00000000   Number         0  printf7.o ABSOLUTE
    ../clib/microlib/printf/printf.c         0x00000000   Number         0  printf5.o ABSOLUTE
    ../clib/microlib/printf/printf.c         0x00000000   Number         0  printf4.o ABSOLUTE
    ../clib/microlib/printf/printf.c         0x00000000   Number         0  printf3.o ABSOLUTE
    ../clib/microlib/printf/printf.c         0x00000000   Number         0  printf2.o ABSOLUTE
    ../clib/microlib/printf/printf.c         0x00000000   Number         0  printf6.o ABSOLUTE
    ../clib/microlib/printf/printf.c         0x00000000   Number         0  printf1.o ABSOLUTE
    ../clib/microlib/printf/printf.c         0x00000000   Number         0  printf0.o ABSOLUTE
    ../clib/microlib/printf/printf.c         0x00000000   Number         0  printfb.o ABSOLUTE
    ../clib/microlib/printf/stubs.s          0x00000000   Number         0  stubs.o ABSOLUTE
    ../clib/microlib/stdio/streams.c         0x00000000   Number         0  stdout.o ABSOLUTE
    ../clib/microlib/string/memcpy.c         0x00000000   Number         0  memcpyb.o ABSOLUTE
    ../clib/microlib/string/memcpy.c         0x00000000   Number         0  memcpya.o ABSOLUTE
    ../clib/microlib/string/memset.c         0x00000000   Number         0  memseta.o ABSOLUTE
    ../clib/microlib/string/memset.c         0x00000000   Number         0  memset.o ABSOLUTE
    ../clib/microlib/stubs.s                 0x00000000   Number         0  iusefp.o ABSOLUTE
    ../fplib/microlib/fpadd.c                0x00000000   Number         0  dadd.o ABSOLUTE
    ../fplib/microlib/fpdiv.c                0x00000000   Number         0  ddiv.o ABSOLUTE
    ../fplib/microlib/fpepilogue.c           0x00000000   Number         0  depilogue.o ABSOLUTE
    ../fplib/microlib/fpfix.c                0x00000000   Number         0  dfixul.o ABSOLUTE
    ../fplib/microlib/fpmul.c                0x00000000   Number         0  dmul.o ABSOLUTE
    ..\Core\Src\gpio.c                       0x00000000   Number         0  gpio.o ABSOLUTE
    ..\Core\Src\key.c                        0x00000000   Number         0  key.o ABSOLUTE
    ..\Core\Src\led.c                        0x00000000   Number         0  led.o ABSOLUTE
    ..\Core\Src\log.c                        0x00000000   Number         0  log.o ABSOLUTE
    ..\Core\Src\main.c                       0x00000000   Number         0  main.o ABSOLUTE
    ..\Core\Src\rtos_main.c                  0x00000000   Number         0  rtos_main.o ABSOLUTE
    ..\Core\Src\stm32f1xx_hal_msp.c          0x00000000   Number         0  stm32f1xx_hal_msp.o ABSOLUTE
    ..\Core\Src\stm32f1xx_hal_timebase_tim.c 0x00000000   Number         0  stm32f1xx_hal_timebase_tim.o ABSOLUTE
    ..\Core\Src\stm32f1xx_it.c               0x00000000   Number         0  stm32f1xx_it.o ABSOLUTE
    ..\Core\Src\system_stm32f1xx.c           0x00000000   Number         0  system_stm32f1xx.o ABSOLUTE
    ..\Core\Src\uart.c                       0x00000000   Number         0  uart.o ABSOLUTE
    ..\Drivers\STM32F1xx_HAL_Driver\Src\stm32f1xx_hal.c 0x00000000   Number         0  stm32f1xx_hal.o ABSOLUTE
    ..\Drivers\STM32F1xx_HAL_Driver\Src\stm32f1xx_hal_cortex.c 0x00000000   Number         0  stm32f1xx_hal_cortex.o ABSOLUTE
    ..\Drivers\STM32F1xx_HAL_Driver\Src\stm32f1xx_hal_dma.c 0x00000000   Number         0  stm32f1xx_hal_dma.o ABSOLUTE
    ..\Drivers\STM32F1xx_HAL_Driver\Src\stm32f1xx_hal_exti.c 0x00000000   Number         0  stm32f1xx_hal_exti.o ABSOLUTE
    ..\Drivers\STM32F1xx_HAL_Driver\Src\stm32f1xx_hal_flash.c 0x00000000   Number         0  stm32f1xx_hal_flash.o ABSOLUTE
    ..\Drivers\STM32F1xx_HAL_Driver\Src\stm32f1xx_hal_flash_ex.c 0x00000000   Number         0  stm32f1xx_hal_flash_ex.o ABSOLUTE
    ..\Drivers\STM32F1xx_HAL_Driver\Src\stm32f1xx_hal_gpio.c 0x00000000   Number         0  stm32f1xx_hal_gpio.o ABSOLUTE
    ..\Drivers\STM32F1xx_HAL_Driver\Src\stm32f1xx_hal_gpio_ex.c 0x00000000   Number         0  stm32f1xx_hal_gpio_ex.o ABSOLUTE
    ..\Drivers\STM32F1xx_HAL_Driver\Src\stm32f1xx_hal_pwr.c 0x00000000   Number         0  stm32f1xx_hal_pwr.o ABSOLUTE
    ..\Drivers\STM32F1xx_HAL_Driver\Src\stm32f1xx_hal_rcc.c 0x00000000   Number         0  stm32f1xx_hal_rcc.o ABSOLUTE
    ..\Drivers\STM32F1xx_HAL_Driver\Src\stm32f1xx_hal_rcc_ex.c 0x00000000   Number         0  stm32f1xx_hal_rcc_ex.o ABSOLUTE
    ..\Drivers\STM32F1xx_HAL_Driver\Src\stm32f1xx_hal_tim.c 0x00000000   Number         0  stm32f1xx_hal_tim.o ABSOLUTE
    ..\Drivers\STM32F1xx_HAL_Driver\Src\stm32f1xx_hal_tim_ex.c 0x00000000   Number         0  stm32f1xx_hal_tim_ex.o ABSOLUTE
    ..\Drivers\STM32F1xx_HAL_Driver\Src\stm32f1xx_hal_uart.c 0x00000000   Number         0  stm32f1xx_hal_uart.o ABSOLUTE
    ..\\Core\\Src\\key.c                     0x00000000   Number         0  key.o ABSOLUTE
    ..\\Core\\Src\\led.c                     0x00000000   Number         0  led.o ABSOLUTE
    ..\\Core\\Src\\log.c                     0x00000000   Number         0  log.o ABSOLUTE
    ..\\Core\\Src\\rtos_main.c               0x00000000   Number         0  rtos_main.o ABSOLUTE
    ..\\Core\\Src\\uart.c                    0x00000000   Number         0  uart.o ABSOLUTE
    ..\\Drivers\\STM32F1xx_HAL_Driver\\Src\\stm32f1xx_hal_uart.c 0x00000000   Number         0  stm32f1xx_hal_uart.o ABSOLUTE
    ..\\third_lib\\FreeRTOS\\croutine.c      0x00000000   Number         0  croutine.o ABSOLUTE
    ..\\third_lib\\FreeRTOS\\event_groups.c  0x00000000   Number         0  event_groups.o ABSOLUTE
    ..\\third_lib\\FreeRTOS\\list.c          0x00000000   Number         0  list.o ABSOLUTE
    ..\\third_lib\\FreeRTOS\\portable\\MemMang\\heap_4.c 0x00000000   Number         0  heap_4.o ABSOLUTE
    ..\\third_lib\\FreeRTOS\\portable\\RVDS\\ARM_CM3\\port.c 0x00000000   Number         0  port.o ABSOLUTE
    ..\\third_lib\\FreeRTOS\\queue.c         0x00000000   Number         0  queue.o ABSOLUTE
    ..\\third_lib\\FreeRTOS\\stream_buffer.c 0x00000000   Number         0  stream_buffer.o ABSOLUTE
    ..\\third_lib\\FreeRTOS\\tasks.c         0x00000000   Number         0  tasks.o ABSOLUTE
    ..\\third_lib\\FreeRTOS\\timers.c        0x00000000   Number         0  timers.o ABSOLUTE
    ..\third_lib\FreeRTOS\croutine.c         0x00000000   Number         0  croutine.o ABSOLUTE
    ..\third_lib\FreeRTOS\event_groups.c     0x00000000   Number         0  event_groups.o ABSOLUTE
    ..\third_lib\FreeRTOS\list.c             0x00000000   Number         0  list.o ABSOLUTE
    ..\third_lib\FreeRTOS\portable\MemMang\heap_4.c 0x00000000   Number         0  heap_4.o ABSOLUTE
    ..\third_lib\FreeRTOS\portable\RVDS\ARM_CM3\port.c 0x00000000   Number         0  port.o ABSOLUTE
    ..\third_lib\FreeRTOS\queue.c            0x00000000   Number         0  queue.o ABSOLUTE
    ..\third_lib\FreeRTOS\stream_buffer.c    0x00000000   Number         0  stream_buffer.o ABSOLUTE
    ..\third_lib\FreeRTOS\tasks.c            0x00000000   Number         0  tasks.o ABSOLUTE
    ..\third_lib\FreeRTOS\timers.c           0x00000000   Number         0  timers.o ABSOLUTE
    cdrcmple.s                               0x00000000   Number         0  cdrcmple.o ABSOLUTE
    dc.s                                     0x00000000   Number         0  dc.o ABSOLUTE
    handlers.s                               0x00000000   Number         0  handlers.o ABSOLUTE
    init.s                                   0x00000000   Number         0  init.o ABSOLUTE
    startup_stm32f103xe.s                    0x00000000   Number         0  startup_stm32f103xe.o ABSOLUTE
    RESET                                    0x08000000   Section      304  startup_stm32f103xe.o(RESET)
    .ARM.Collect$$$$00000000                 0x08000130   Section        0  entry.o(.ARM.Collect$$$$00000000)
    .ARM.Collect$$$$00000001                 0x08000130   Section        4  entry2.o(.ARM.Collect$$$$00000001)
    .ARM.Collect$$$$00000004                 0x08000134   Section        4  entry5.o(.ARM.Collect$$$$00000004)
    .ARM.Collect$$$$00000008                 0x08000138   Section        0  entry7b.o(.ARM.Collect$$$$00000008)
    .ARM.Collect$$$$0000000A                 0x08000138   Section        0  entry8b.o(.ARM.Collect$$$$0000000A)
    .ARM.Collect$$$$0000000B                 0x08000138   Section        8  entry9a.o(.ARM.Collect$$$$0000000B)
    .ARM.Collect$$$$0000000E                 0x08000140   Section        4  entry12b.o(.ARM.Collect$$$$0000000E)
    .ARM.Collect$$$$0000000F                 0x08000144   Section        0  entry10a.o(.ARM.Collect$$$$0000000F)
    .ARM.Collect$$$$00000011                 0x08000144   Section        0  entry11a.o(.ARM.Collect$$$$00000011)
    .ARM.Collect$$$$00002712                 0x08000144   Section        4  entry2.o(.ARM.Collect$$$$00002712)
    __lit__00000000                          0x08000144   Data           4  entry2.o(.ARM.Collect$$$$00002712)
    .emb_text                                0x08000148   Section      150  port.o(.emb_text)
    .text                                    0x080001e0   Section       36  startup_stm32f103xe.o(.text)
    .text                                    0x08000204   Section        0  llushr.o(.text)
    .text                                    0x08000224   Section        0  memcpya.o(.text)
    .text                                    0x08000248   Section        0  memseta.o(.text)
    .text                                    0x0800026c   Section        0  uidiv.o(.text)
    .text                                    0x08000298   Section        0  uldiv.o(.text)
    .text                                    0x080002fa   Section        0  dadd.o(.text)
    .text                                    0x080002fa   Section        0  iusefp.o(.text)
    .text                                    0x08000448   Section        0  dmul.o(.text)
    .text                                    0x0800052c   Section        0  ddiv.o(.text)
    .text                                    0x0800060a   Section        0  dfixul.o(.text)
    .text                                    0x0800063c   Section       48  cdrcmple.o(.text)
    .text                                    0x0800066c   Section       36  init.o(.text)
    .text                                    0x08000690   Section        0  llshl.o(.text)
    .text                                    0x080006ae   Section        0  llsshr.o(.text)
    .text                                    0x080006d2   Section        0  depilogue.o(.text)
    .text                                    0x0800078c   Section        0  __dczerorl2.o(.text)
    i.BusFault_Handler                       0x080007e2   Section        0  stm32f1xx_it.o(i.BusFault_Handler)
    i.DebugMon_Handler                       0x080007e4   Section        0  stm32f1xx_it.o(i.DebugMon_Handler)
    i.GPIO_Init_Universal                    0x080007e8   Section        0  gpio.o(i.GPIO_Init_Universal)
    i.GPIO_Read_Pin                          0x080008ac   Section        0  gpio.o(i.GPIO_Read_Pin)
    i.GPIO_Toggle_Pin                        0x080008d2   Section        0  gpio.o(i.GPIO_Toggle_Pin)
    i.GPIO_Write_High                        0x080008ee   Section        0  gpio.o(i.GPIO_Write_High)
    i.HAL_GPIO_Init                          0x0800090c   Section        0  stm32f1xx_hal_gpio.o(i.HAL_GPIO_Init)
    i.HAL_GPIO_ReadPin                       0x08000afc   Section        0  stm32f1xx_hal_gpio.o(i.HAL_GPIO_ReadPin)
    i.HAL_GPIO_TogglePin                     0x08000b06   Section        0  stm32f1xx_hal_gpio.o(i.HAL_GPIO_TogglePin)
    i.HAL_GPIO_WritePin                      0x08000b16   Section        0  stm32f1xx_hal_gpio.o(i.HAL_GPIO_WritePin)
    i.HAL_GetTick                            0x08000b20   Section        0  stm32f1xx_hal.o(i.HAL_GetTick)
    i.HAL_IncTick                            0x08000b2c   Section        0  stm32f1xx_hal.o(i.HAL_IncTick)
    i.HAL_Init                               0x08000b3c   Section        0  stm32f1xx_hal.o(i.HAL_Init)
    i.HAL_InitTick                           0x08000b60   Section        0  stm32f1xx_hal_timebase_tim.o(i.HAL_InitTick)
    i.HAL_MspInit                            0x08000bd4   Section        0  stm32f1xx_hal_msp.o(i.HAL_MspInit)
    i.HAL_NVIC_EnableIRQ                     0x08000c10   Section        0  stm32f1xx_hal_cortex.o(i.HAL_NVIC_EnableIRQ)
    i.HAL_NVIC_SetPriority                   0x08000c2c   Section        0  stm32f1xx_hal_cortex.o(i.HAL_NVIC_SetPriority)
    i.HAL_NVIC_SetPriorityGrouping           0x08000c6c   Section        0  stm32f1xx_hal_cortex.o(i.HAL_NVIC_SetPriorityGrouping)
    i.HAL_RCC_ClockConfig                    0x08000c90   Section        0  stm32f1xx_hal_rcc.o(i.HAL_RCC_ClockConfig)
    i.HAL_RCC_GetClockConfig                 0x08000dc8   Section        0  stm32f1xx_hal_rcc.o(i.HAL_RCC_GetClockConfig)
    i.HAL_RCC_GetPCLK1Freq                   0x08000e08   Section        0  stm32f1xx_hal_rcc.o(i.HAL_RCC_GetPCLK1Freq)
    i.HAL_RCC_GetPCLK2Freq                   0x08000e28   Section        0  stm32f1xx_hal_rcc.o(i.HAL_RCC_GetPCLK2Freq)
    i.HAL_RCC_GetSysClockFreq                0x08000e48   Section        0  stm32f1xx_hal_rcc.o(i.HAL_RCC_GetSysClockFreq)
    i.HAL_RCC_OscConfig                      0x08000e94   Section        0  stm32f1xx_hal_rcc.o(i.HAL_RCC_OscConfig)
    i.HAL_TIMEx_BreakCallback                0x080011ac   Section        0  stm32f1xx_hal_tim_ex.o(i.HAL_TIMEx_BreakCallback)
    i.HAL_TIMEx_CommutCallback               0x080011ae   Section        0  stm32f1xx_hal_tim_ex.o(i.HAL_TIMEx_CommutCallback)
    i.HAL_TIM_Base_Init                      0x080011b0   Section        0  stm32f1xx_hal_tim.o(i.HAL_TIM_Base_Init)
    i.HAL_TIM_Base_MspInit                   0x0800120a   Section        0  stm32f1xx_hal_tim.o(i.HAL_TIM_Base_MspInit)
    i.HAL_TIM_Base_Start_IT                  0x0800120c   Section        0  stm32f1xx_hal_tim.o(i.HAL_TIM_Base_Start_IT)
    i.HAL_TIM_IC_CaptureCallback             0x08001278   Section        0  stm32f1xx_hal_tim.o(i.HAL_TIM_IC_CaptureCallback)
    i.HAL_TIM_IRQHandler                     0x0800127a   Section        0  stm32f1xx_hal_tim.o(i.HAL_TIM_IRQHandler)
    i.HAL_TIM_OC_DelayElapsedCallback        0x080013e0   Section        0  stm32f1xx_hal_tim.o(i.HAL_TIM_OC_DelayElapsedCallback)
    i.HAL_TIM_PWM_PulseFinishedCallback      0x080013e2   Section        0  stm32f1xx_hal_tim.o(i.HAL_TIM_PWM_PulseFinishedCallback)
    i.HAL_TIM_PeriodElapsedCallback          0x080013e4   Section        0  main.o(i.HAL_TIM_PeriodElapsedCallback)
    i.HAL_TIM_TriggerCallback                0x080013f2   Section        0  stm32f1xx_hal_tim.o(i.HAL_TIM_TriggerCallback)
    i.HAL_UART_Init                          0x080013f4   Section        0  stm32f1xx_hal_uart.o(i.HAL_UART_Init)
    i.HAL_UART_MspInit                       0x08001458   Section        0  uart.o(i.HAL_UART_MspInit)
    i.HAL_UART_Transmit                      0x080014c4   Section        0  stm32f1xx_hal_uart.o(i.HAL_UART_Transmit)
    i.HardFault_Handler                      0x0800155e   Section        0  stm32f1xx_it.o(i.HardFault_Handler)
    i.Key_Task                               0x08001560   Section        0  rtos_main.o(i.Key_Task)
    Key_Task                                 0x08001561   Thumb Code   104  rtos_main.o(i.Key_Task)
    i.Led_Task                               0x080015e8   Section        0  rtos_main.o(i.Led_Task)
    Led_Task                                 0x080015e9   Thumb Code    48  rtos_main.o(i.Led_Task)
    i.MemManage_Handler                      0x08001628   Section        0  stm32f1xx_it.o(i.MemManage_Handler)
    i.NMI_Handler                            0x0800162a   Section        0  stm32f1xx_it.o(i.NMI_Handler)
    i.Start_Task                             0x0800162c   Section        0  rtos_main.o(i.Start_Task)
    i.SysTick_Handler                        0x08001774   Section        0  port.o(i.SysTick_Handler)
    i.SystemClock_Config                     0x080017a0   Section        0  main.o(i.SystemClock_Config)
    i.SystemInit                             0x080017fc   Section        0  system_stm32f1xx.o(i.SystemInit)
    i.TIM2_IRQHandler                        0x08001800   Section        0  stm32f1xx_it.o(i.TIM2_IRQHandler)
    i.TIM_Base_SetConfig                     0x0800180c   Section        0  stm32f1xx_hal_tim.o(i.TIM_Base_SetConfig)
    i.UART_SetConfig                         0x08001898   Section        0  stm32f1xx_hal_uart.o(i.UART_SetConfig)
    UART_SetConfig                           0x08001899   Thumb Code   178  stm32f1xx_hal_uart.o(i.UART_SetConfig)
    i.UART_WaitOnFlagUntilTimeout            0x08001950   Section        0  stm32f1xx_hal_uart.o(i.UART_WaitOnFlagUntilTimeout)
    UART_WaitOnFlagUntilTimeout              0x08001951   Thumb Code   118  stm32f1xx_hal_uart.o(i.UART_WaitOnFlagUntilTimeout)
    i.Uart1_Initialize                       0x080019c8   Section        0  uart.o(i.Uart1_Initialize)
    i.UsageFault_Handler                     0x080019fc   Section        0  stm32f1xx_it.o(i.UsageFault_Handler)
    i.__0printf                              0x08001a00   Section        0  printfa.o(i.__0printf)
    i.__0vsnprintf                           0x08001a20   Section        0  printfa.o(i.__0vsnprintf)
    i.__NVIC_SetPriority                     0x08001a54   Section        0  stm32f1xx_hal_cortex.o(i.__NVIC_SetPriority)
    __NVIC_SetPriority                       0x08001a55   Thumb Code    32  stm32f1xx_hal_cortex.o(i.__NVIC_SetPriority)
    i.__scatterload_copy                     0x08001a74   Section       14  handlers.o(i.__scatterload_copy)
    i.__scatterload_null                     0x08001a82   Section        2  handlers.o(i.__scatterload_null)
    i.__scatterload_zeroinit                 0x08001a84   Section       14  handlers.o(i.__scatterload_zeroinit)
    i._fp_digits                             0x08001a94   Section        0  printfa.o(i._fp_digits)
    _fp_digits                               0x08001a95   Thumb Code   366  printfa.o(i._fp_digits)
    i._printf_core                           0x08001c18   Section        0  printfa.o(i._printf_core)
    _printf_core                             0x08001c19   Thumb Code  1704  printfa.o(i._printf_core)
    i._printf_post_padding                   0x080022cc   Section        0  printfa.o(i._printf_post_padding)
    _printf_post_padding                     0x080022cd   Thumb Code    36  printfa.o(i._printf_post_padding)
    i._printf_pre_padding                    0x080022f0   Section        0  printfa.o(i._printf_pre_padding)
    _printf_pre_padding                      0x080022f1   Thumb Code    46  printfa.o(i._printf_pre_padding)
    i._snputc                                0x0800231e   Section        0  printfa.o(i._snputc)
    _snputc                                  0x0800231f   Thumb Code    22  printfa.o(i._snputc)
    i.fputc                                  0x08002334   Section        0  uart.o(i.fputc)
    i.key_scan                               0x0800234c   Section        0  key.o(i.key_scan)
    i.log_init                               0x080023c4   Section        0  log.o(i.log_init)
    i.log_print                              0x08002418   Section        0  log.o(i.log_print)
    i.log_task                               0x08002444   Section        0  rtos_main.o(i.log_task)
    log_task                                 0x08002445   Thumb Code    32  rtos_main.o(i.log_task)
    i.main                                   0x08002470   Section        0  main.o(i.main)
    i.pcTaskGetName                          0x080024a0   Section        0  tasks.o(i.pcTaskGetName)
    i.prvAddCurrentTaskToDelayedList         0x080024f8   Section        0  tasks.o(i.prvAddCurrentTaskToDelayedList)
    prvAddCurrentTaskToDelayedList           0x080024f9   Thumb Code   102  tasks.o(i.prvAddCurrentTaskToDelayedList)
    i.prvAddNewTaskToReadyList               0x08002568   Section        0  tasks.o(i.prvAddNewTaskToReadyList)
    prvAddNewTaskToReadyList                 0x08002569   Thumb Code   190  tasks.o(i.prvAddNewTaskToReadyList)
    i.prvCopyDataFromQueue                   0x08002638   Section        0  queue.o(i.prvCopyDataFromQueue)
    prvCopyDataFromQueue                     0x08002639   Thumb Code    38  queue.o(i.prvCopyDataFromQueue)
    i.prvCopyDataToQueue                     0x0800265e   Section        0  queue.o(i.prvCopyDataToQueue)
    prvCopyDataToQueue                       0x0800265f   Thumb Code    90  queue.o(i.prvCopyDataToQueue)
    i.prvDeleteTCB                           0x080026b8   Section        0  tasks.o(i.prvDeleteTCB)
    prvDeleteTCB                             0x080026b9   Thumb Code    20  tasks.o(i.prvDeleteTCB)
    i.prvHeapInit                            0x080026cc   Section        0  heap_4.o(i.prvHeapInit)
    prvHeapInit                              0x080026cd   Thumb Code    66  heap_4.o(i.prvHeapInit)
    i.prvIdleTask                            0x08002718   Section        0  tasks.o(i.prvIdleTask)
    prvIdleTask                              0x08002719   Thumb Code    80  tasks.o(i.prvIdleTask)
    i.prvInitialiseNewTask                   0x08002774   Section        0  tasks.o(i.prvInitialiseNewTask)
    prvInitialiseNewTask                     0x08002775   Thumb Code   148  tasks.o(i.prvInitialiseNewTask)
    i.prvInsertBlockIntoFreeList             0x08002838   Section        0  heap_4.o(i.prvInsertBlockIntoFreeList)
    prvInsertBlockIntoFreeList               0x08002839   Thumb Code    72  heap_4.o(i.prvInsertBlockIntoFreeList)
    i.prvIsQueueEmpty                        0x08002884   Section        0  queue.o(i.prvIsQueueEmpty)
    prvIsQueueEmpty                          0x08002885   Thumb Code    26  queue.o(i.prvIsQueueEmpty)
    i.prvResetNextTaskUnblockTime            0x080028a0   Section        0  tasks.o(i.prvResetNextTaskUnblockTime)
    prvResetNextTaskUnblockTime              0x080028a1   Thumb Code    24  tasks.o(i.prvResetNextTaskUnblockTime)
    i.prvTaskExitError                       0x080028bc   Section        0  port.o(i.prvTaskExitError)
    prvTaskExitError                         0x080028bd   Thumb Code    34  port.o(i.prvTaskExitError)
    i.prvUnlockQueue                         0x08002928   Section        0  queue.o(i.prvUnlockQueue)
    prvUnlockQueue                           0x08002929   Thumb Code   106  queue.o(i.prvUnlockQueue)
    i.pvPortMalloc                           0x08002994   Section        0  heap_4.o(i.pvPortMalloc)
    i.pxPortInitialiseStack                  0x08002ac0   Section        0  port.o(i.pxPortInitialiseStack)
    i.ulTaskGenericNotifyTake                0x08002ae4   Section        0  tasks.o(i.ulTaskGenericNotifyTake)
    i.uxListRemove                           0x08002ba4   Section        0  list.o(i.uxListRemove)
    i.vListInitialise                        0x08002bca   Section        0  list.o(i.vListInitialise)
    i.vListInitialiseItem                    0x08002be0   Section        0  list.o(i.vListInitialiseItem)
    i.vListInsert                            0x08002be6   Section        0  list.o(i.vListInsert)
    i.vListInsertEnd                         0x08002c16   Section        0  list.o(i.vListInsertEnd)
    i.vPortEnterCritical                     0x08002c30   Section        0  port.o(i.vPortEnterCritical)
    i.vPortExitCritical                      0x08002cb0   Section        0  port.o(i.vPortExitCritical)
    i.vPortFree                              0x08002d1c   Section        0  heap_4.o(i.vPortFree)
    i.vPortSetupTimerInterrupt               0x08002dc4   Section        0  port.o(i.vPortSetupTimerInterrupt)
    i.vTaskDelay                             0x08002de8   Section        0  tasks.o(i.vTaskDelay)
    i.vTaskInternalSetTimeOutState           0x08002e60   Section        0  tasks.o(i.vTaskInternalSetTimeOutState)
    i.vTaskMissedYield                       0x08002e70   Section        0  tasks.o(i.vTaskMissedYield)
    i.vTaskPlaceOnEventList                  0x08002e7c   Section        0  tasks.o(i.vTaskPlaceOnEventList)
    i.vTaskStartScheduler                    0x08002edc   Section        0  tasks.o(i.vTaskStartScheduler)
    i.vTaskSuspendAll                        0x08002f70   Section        0  tasks.o(i.vTaskSuspendAll)
    i.vTaskSwitchContext                     0x08002f80   Section        0  tasks.o(i.vTaskSwitchContext)
    i.xPortStartScheduler                    0x08003008   Section        0  port.o(i.xPortStartScheduler)
    i.xQueueGenericCreate                    0x08003104   Section        0  queue.o(i.xQueueGenericCreate)
    i.xQueueGenericReset                     0x080031a0   Section        0  queue.o(i.xQueueGenericReset)
    i.xQueueGenericSend                      0x08003254   Section        0  queue.o(i.xQueueGenericSend)
    i.xQueueReceive                          0x080033d4   Section        0  queue.o(i.xQueueReceive)
    i.xTaskCheckForTimeOut                   0x08003530   Section        0  tasks.o(i.xTaskCheckForTimeOut)
    i.xTaskCreate                            0x080035d4   Section        0  tasks.o(i.xTaskCreate)
    i.xTaskGenericNotify                     0x0800362c   Section        0  tasks.o(i.xTaskGenericNotify)
    i.xTaskGetSchedulerState                 0x08003758   Section        0  tasks.o(i.xTaskGetSchedulerState)
    i.xTaskIncrementTick                     0x08003774   Section        0  tasks.o(i.xTaskIncrementTick)
    i.xTaskRemoveFromEventList               0x0800386c   Section        0  tasks.o(i.xTaskRemoveFromEventList)
    i.xTaskResumeAll                         0x08003910   Section        0  tasks.o(i.xTaskResumeAll)
    .constdata                               0x08003a00   Section       18  stm32f1xx_hal_rcc.o(.constdata)
    aPredivFactorTable                       0x08003a00   Data           2  stm32f1xx_hal_rcc.o(.constdata)
    aPLLMULFactorTable                       0x08003a02   Data          16  stm32f1xx_hal_rcc.o(.constdata)
    .constdata                               0x08003a12   Section       16  system_stm32f1xx.o(.constdata)
    .constdata                               0x08003a22   Section        8  system_stm32f1xx.o(.constdata)
    .data                                    0x20000000   Section       24  led.o(.data)
    .data                                    0x20000018   Section       24  led.o(.data)
    .data                                    0x20000030   Section       24  led.o(.data)
    .data                                    0x20000048   Section       12  rtos_main.o(.data)
    .data                                    0x20000054   Section        4  log.o(.data)
    .data                                    0x20000058   Section       96  key.o(.data)
    key1_state                               0x20000058   Data           8  key.o(.data)
    key2_state                               0x20000060   Data           8  key.o(.data)
    key3_state                               0x20000068   Data           8  key.o(.data)
    .data                                    0x200000b8   Section       12  stm32f1xx_hal.o(.data)
    .data                                    0x200000c4   Section        4  system_stm32f1xx.o(.data)
    .data                                    0x200000c8   Section       64  tasks.o(.data)
    uxDeletedTasksWaitingCleanUp             0x200000cc   Data           4  tasks.o(.data)
    uxCurrentNumberOfTasks                   0x200000d0   Data           4  tasks.o(.data)
    xTickCount                               0x200000d4   Data           4  tasks.o(.data)
    uxTopReadyPriority                       0x200000d8   Data           4  tasks.o(.data)
    xSchedulerRunning                        0x200000dc   Data           4  tasks.o(.data)
    xPendedTicks                             0x200000e0   Data           4  tasks.o(.data)
    xYieldPending                            0x200000e4   Data           4  tasks.o(.data)
    xNumOfOverflows                          0x200000e8   Data           4  tasks.o(.data)
    uxTaskNumber                             0x200000ec   Data           4  tasks.o(.data)
    xNextTaskUnblockTime                     0x200000f0   Data           4  tasks.o(.data)
    xIdleTaskHandle                          0x200000f4   Data           4  tasks.o(.data)
    uxSchedulerSuspended                     0x200000fc   Data           4  tasks.o(.data)
    pxDelayedTaskList                        0x20000100   Data           4  tasks.o(.data)
    pxOverflowDelayedTaskList                0x20000104   Data           4  tasks.o(.data)
    .data                                    0x20000108   Section       12  port.o(.data)
    ucMaxSysCallPriority                     0x20000108   Data           1  port.o(.data)
    uxCriticalNesting                        0x2000010c   Data           4  port.o(.data)
    ulMaxPRIGROUPValue                       0x20000110   Data           4  port.o(.data)
    .data                                    0x20000114   Section       32  heap_4.o(.data)
    pxEnd                                    0x20000114   Data           4  heap_4.o(.data)
    xFreeBytesRemaining                      0x20000118   Data           4  heap_4.o(.data)
    xMinimumEverFreeBytesRemaining           0x2000011c   Data           4  heap_4.o(.data)
    xNumberOfSuccessfulAllocations           0x20000120   Data           4  heap_4.o(.data)
    xNumberOfSuccessfulFrees                 0x20000124   Data           4  heap_4.o(.data)
    xBlockAllocatedBit                       0x20000128   Data           4  heap_4.o(.data)
    xStart                                   0x2000012c   Data           8  heap_4.o(.data)
    .data                                    0x20000134   Section        4  stdout.o(.data)
    .bss                                     0x20000138   Section       72  stm32f1xx_hal_timebase_tim.o(.bss)
    .bss                                     0x20000180   Section       72  uart.o(.bss)
    .bss                                     0x200001c8   Section      740  tasks.o(.bss)
    pxReadyTasksLists                        0x200001c8   Data         640  tasks.o(.bss)
    xDelayedTaskList1                        0x20000448   Data          20  tasks.o(.bss)
    xDelayedTaskList2                        0x2000045c   Data          20  tasks.o(.bss)
    xPendingReadyList                        0x20000470   Data          20  tasks.o(.bss)
    xTasksWaitingTermination                 0x20000484   Data          20  tasks.o(.bss)
    xSuspendedTaskList                       0x20000498   Data          20  tasks.o(.bss)
    .bss                                     0x200004ac   Section    10240  heap_4.o(.bss)
    ucHeap                                   0x200004ac   Data       10240  heap_4.o(.bss)
    STACK                                    0x20002cb0   Section     1024  startup_stm32f103xe.o(STACK)

    Global Symbols

    Symbol Name                              Value     Ov Type        Size  Object(Section)

    BuildAttributes$$THM_ISAv4$P$D$K$B$S$PE$A:L22UL41UL21$X:L11$S22US41US21$IEEE1$IW$USESV6$~STKCKD$USESV7$~SHL$OSPACE$ROPI$EBA8$MICROLIB$REQ8$PRES8$EABIv2 0x00000000   Number         0  anon$$obj.o ABSOLUTE
    __ARM_use_no_argv                        0x00000000   Number         0  main.o ABSOLUTE
    _printf_a                                0x00000000   Number         0  stubs.o ABSOLUTE
    _printf_c                                0x00000000   Number         0  stubs.o ABSOLUTE
    _printf_charcount                        0x00000000   Number         0  stubs.o ABSOLUTE
    _printf_d                                0x00000000   Number         0  stubs.o ABSOLUTE
    _printf_e                                0x00000000   Number         0  stubs.o ABSOLUTE
    _printf_f                                0x00000000   Number         0  stubs.o ABSOLUTE
    _printf_flags                            0x00000000   Number         0  stubs.o ABSOLUTE
    _printf_fp_dec                           0x00000000   Number         0  stubs.o ABSOLUTE
    _printf_fp_hex                           0x00000000   Number         0  stubs.o ABSOLUTE
    _printf_g                                0x00000000   Number         0  stubs.o ABSOLUTE
    _printf_i                                0x00000000   Number         0  stubs.o ABSOLUTE
    _printf_int_dec                          0x00000000   Number         0  stubs.o ABSOLUTE
    _printf_l                                0x00000000   Number         0  stubs.o ABSOLUTE
    _printf_lc                               0x00000000   Number         0  stubs.o ABSOLUTE
    _printf_ll                               0x00000000   Number         0  stubs.o ABSOLUTE
    _printf_lld                              0x00000000   Number         0  stubs.o ABSOLUTE
    _printf_lli                              0x00000000   Number         0  stubs.o ABSOLUTE
    _printf_llo                              0x00000000   Number         0  stubs.o ABSOLUTE
    _printf_llu                              0x00000000   Number         0  stubs.o ABSOLUTE
    _printf_llx                              0x00000000   Number         0  stubs.o ABSOLUTE
    _printf_longlong_dec                     0x00000000   Number         0  stubs.o ABSOLUTE
    _printf_longlong_hex                     0x00000000   Number         0  stubs.o ABSOLUTE
    _printf_longlong_oct                     0x00000000   Number         0  stubs.o ABSOLUTE
    _printf_ls                               0x00000000   Number         0  stubs.o ABSOLUTE
    _printf_mbtowc                           0x00000000   Number         0  stubs.o ABSOLUTE
    _printf_n                                0x00000000   Number         0  stubs.o ABSOLUTE
    _printf_o                                0x00000000   Number         0  stubs.o ABSOLUTE
    _printf_p                                0x00000000   Number         0  stubs.o ABSOLUTE
    _printf_percent                          0x00000000   Number         0  stubs.o ABSOLUTE
    _printf_pre_padding                      0x00000000   Number         0  stubs.o ABSOLUTE
    _printf_return_value                     0x00000000   Number         0  stubs.o ABSOLUTE
    _printf_s                                0x00000000   Number         0  stubs.o ABSOLUTE
    _printf_sizespec                         0x00000000   Number         0  stubs.o ABSOLUTE
    _printf_str                              0x00000000   Number         0  stubs.o ABSOLUTE
    _printf_truncate_signed                  0x00000000   Number         0  stubs.o ABSOLUTE
    _printf_truncate_unsigned                0x00000000   Number         0  stubs.o ABSOLUTE
    _printf_u                                0x00000000   Number         0  stubs.o ABSOLUTE
    _printf_wc                               0x00000000   Number         0  stubs.o ABSOLUTE
    _printf_wctomb                           0x00000000   Number         0  stubs.o ABSOLUTE
    _printf_widthprec                        0x00000000   Number         0  stubs.o ABSOLUTE
    _printf_x                                0x00000000   Number         0  stubs.o ABSOLUTE
    __arm_fini_                               - Undefined Weak Reference
    __cpp_initialize__aeabi_                  - Undefined Weak Reference
    __cxa_finalize                            - Undefined Weak Reference
    _clock_init                               - Undefined Weak Reference
    _microlib_exit                            - Undefined Weak Reference
    __Vectors_Size                           0x00000130   Number         0  startup_stm32f103xe.o ABSOLUTE
    __Vectors                                0x08000000   Data           4  startup_stm32f103xe.o(RESET)
    __Vectors_End                            0x08000130   Data           0  startup_stm32f103xe.o(RESET)
    __main                                   0x08000131   Thumb Code     0  entry.o(.ARM.Collect$$$$00000000)
    _main_stk                                0x08000131   Thumb Code     0  entry2.o(.ARM.Collect$$$$00000001)
    _main_scatterload                        0x08000135   Thumb Code     0  entry5.o(.ARM.Collect$$$$00000004)
    __main_after_scatterload                 0x08000139   Thumb Code     0  entry5.o(.ARM.Collect$$$$00000004)
    _main_clock                              0x08000139   Thumb Code     0  entry7b.o(.ARM.Collect$$$$00000008)
    _main_cpp_init                           0x08000139   Thumb Code     0  entry8b.o(.ARM.Collect$$$$0000000A)
    _main_init                               0x08000139   Thumb Code     0  entry9a.o(.ARM.Collect$$$$0000000B)
    __rt_lib_shutdown_fini                   0x08000141   Thumb Code     0  entry12b.o(.ARM.Collect$$$$0000000E)
    __rt_final_cpp                           0x08000145   Thumb Code     0  entry10a.o(.ARM.Collect$$$$0000000F)
    __rt_final_exit                          0x08000145   Thumb Code     0  entry11a.o(.ARM.Collect$$$$00000011)
    SVC_Handler                              0x08000149   Thumb Code    32  port.o(.emb_text)
    __asm___6_port_c_39a90d8d__prvStartFirstTask 0x0800016d   Thumb Code    28  port.o(.emb_text)
    PendSV_Handler                           0x0800018d   Thumb Code    72  port.o(.emb_text)
    vPortGetIPSR                             0x080001d9   Thumb Code     6  port.o(.emb_text)
    Reset_Handler                            0x080001e1   Thumb Code     8  startup_stm32f103xe.o(.text)
    ADC1_2_IRQHandler                        0x080001fb   Thumb Code     0  startup_stm32f103xe.o(.text)
    ADC3_IRQHandler                          0x080001fb   Thumb Code     0  startup_stm32f103xe.o(.text)
    CAN1_RX1_IRQHandler                      0x080001fb   Thumb Code     0  startup_stm32f103xe.o(.text)
    CAN1_SCE_IRQHandler                      0x080001fb   Thumb Code     0  startup_stm32f103xe.o(.text)
    DMA1_Channel1_IRQHandler                 0x080001fb   Thumb Code     0  startup_stm32f103xe.o(.text)
    DMA1_Channel2_IRQHandler                 0x080001fb   Thumb Code     0  startup_stm32f103xe.o(.text)
    DMA1_Channel3_IRQHandler                 0x080001fb   Thumb Code     0  startup_stm32f103xe.o(.text)
    DMA1_Channel4_IRQHandler                 0x080001fb   Thumb Code     0  startup_stm32f103xe.o(.text)
    DMA1_Channel5_IRQHandler                 0x080001fb   Thumb Code     0  startup_stm32f103xe.o(.text)
    DMA1_Channel6_IRQHandler                 0x080001fb   Thumb Code     0  startup_stm32f103xe.o(.text)
    DMA1_Channel7_IRQHandler                 0x080001fb   Thumb Code     0  startup_stm32f103xe.o(.text)
    DMA2_Channel1_IRQHandler                 0x080001fb   Thumb Code     0  startup_stm32f103xe.o(.text)
    DMA2_Channel2_IRQHandler                 0x080001fb   Thumb Code     0  startup_stm32f103xe.o(.text)
    DMA2_Channel3_IRQHandler                 0x080001fb   Thumb Code     0  startup_stm32f103xe.o(.text)
    DMA2_Channel4_5_IRQHandler               0x080001fb   Thumb Code     0  startup_stm32f103xe.o(.text)
    EXTI0_IRQHandler                         0x080001fb   Thumb Code     0  startup_stm32f103xe.o(.text)
    EXTI15_10_IRQHandler                     0x080001fb   Thumb Code     0  startup_stm32f103xe.o(.text)
    EXTI1_IRQHandler                         0x080001fb   Thumb Code     0  startup_stm32f103xe.o(.text)
    EXTI2_IRQHandler                         0x080001fb   Thumb Code     0  startup_stm32f103xe.o(.text)
    EXTI3_IRQHandler                         0x080001fb   Thumb Code     0  startup_stm32f103xe.o(.text)
    EXTI4_IRQHandler                         0x080001fb   Thumb Code     0  startup_stm32f103xe.o(.text)
    EXTI9_5_IRQHandler                       0x080001fb   Thumb Code     0  startup_stm32f103xe.o(.text)
    FLASH_IRQHandler                         0x080001fb   Thumb Code     0  startup_stm32f103xe.o(.text)
    FSMC_IRQHandler                          0x080001fb   Thumb Code     0  startup_stm32f103xe.o(.text)
    I2C1_ER_IRQHandler                       0x080001fb   Thumb Code     0  startup_stm32f103xe.o(.text)
    I2C1_EV_IRQHandler                       0x080001fb   Thumb Code     0  startup_stm32f103xe.o(.text)
    I2C2_ER_IRQHandler                       0x080001fb   Thumb Code     0  startup_stm32f103xe.o(.text)
    I2C2_EV_IRQHandler                       0x080001fb   Thumb Code     0  startup_stm32f103xe.o(.text)
    PVD_IRQHandler                           0x080001fb   Thumb Code     0  startup_stm32f103xe.o(.text)
    RCC_IRQHandler                           0x080001fb   Thumb Code     0  startup_stm32f103xe.o(.text)
    RTC_Alarm_IRQHandler                     0x080001fb   Thumb Code     0  startup_stm32f103xe.o(.text)
    RTC_IRQHandler                           0x080001fb   Thumb Code     0  startup_stm32f103xe.o(.text)
    SDIO_IRQHandler                          0x080001fb   Thumb Code     0  startup_stm32f103xe.o(.text)
    SPI1_IRQHandler                          0x080001fb   Thumb Code     0  startup_stm32f103xe.o(.text)
    SPI2_IRQHandler                          0x080001fb   Thumb Code     0  startup_stm32f103xe.o(.text)
    SPI3_IRQHandler                          0x080001fb   Thumb Code     0  startup_stm32f103xe.o(.text)
    TAMPER_IRQHandler                        0x080001fb   Thumb Code     0  startup_stm32f103xe.o(.text)
    TIM1_BRK_IRQHandler                      0x080001fb   Thumb Code     0  startup_stm32f103xe.o(.text)
    TIM1_CC_IRQHandler                       0x080001fb   Thumb Code     0  startup_stm32f103xe.o(.text)
    TIM1_TRG_COM_IRQHandler                  0x080001fb   Thumb Code     0  startup_stm32f103xe.o(.text)
    TIM1_UP_IRQHandler                       0x080001fb   Thumb Code     0  startup_stm32f103xe.o(.text)
    TIM3_IRQHandler                          0x080001fb   Thumb Code     0  startup_stm32f103xe.o(.text)
    TIM4_IRQHandler                          0x080001fb   Thumb Code     0  startup_stm32f103xe.o(.text)
    TIM5_IRQHandler                          0x080001fb   Thumb Code     0  startup_stm32f103xe.o(.text)
    TIM6_IRQHandler                          0x080001fb   Thumb Code     0  startup_stm32f103xe.o(.text)
    TIM7_IRQHandler                          0x080001fb   Thumb Code     0  startup_stm32f103xe.o(.text)
    TIM8_BRK_IRQHandler                      0x080001fb   Thumb Code     0  startup_stm32f103xe.o(.text)
    TIM8_CC_IRQHandler                       0x080001fb   Thumb Code     0  startup_stm32f103xe.o(.text)
    TIM8_TRG_COM_IRQHandler                  0x080001fb   Thumb Code     0  startup_stm32f103xe.o(.text)
    TIM8_UP_IRQHandler                       0x080001fb   Thumb Code     0  startup_stm32f103xe.o(.text)
    UART4_IRQHandler                         0x080001fb   Thumb Code     0  startup_stm32f103xe.o(.text)
    UART5_IRQHandler                         0x080001fb   Thumb Code     0  startup_stm32f103xe.o(.text)
    USART1_IRQHandler                        0x080001fb   Thumb Code     0  startup_stm32f103xe.o(.text)
    USART2_IRQHandler                        0x080001fb   Thumb Code     0  startup_stm32f103xe.o(.text)
    USART3_IRQHandler                        0x080001fb   Thumb Code     0  startup_stm32f103xe.o(.text)
    USBWakeUp_IRQHandler                     0x080001fb   Thumb Code     0  startup_stm32f103xe.o(.text)
    USB_HP_CAN1_TX_IRQHandler                0x080001fb   Thumb Code     0  startup_stm32f103xe.o(.text)
    USB_LP_CAN1_RX0_IRQHandler               0x080001fb   Thumb Code     0  startup_stm32f103xe.o(.text)
    WWDG_IRQHandler                          0x080001fb   Thumb Code     0  startup_stm32f103xe.o(.text)
    __aeabi_llsr                             0x08000205   Thumb Code    32  llushr.o(.text)
    _ll_ushift_r                             0x08000205   Thumb Code     0  llushr.o(.text)
    __aeabi_memcpy                           0x08000225   Thumb Code    36  memcpya.o(.text)
    __aeabi_memcpy4                          0x08000225   Thumb Code     0  memcpya.o(.text)
    __aeabi_memcpy8                          0x08000225   Thumb Code     0  memcpya.o(.text)
    __aeabi_memset                           0x08000249   Thumb Code    14  memseta.o(.text)
    __aeabi_memset4                          0x08000249   Thumb Code     0  memseta.o(.text)
    __aeabi_memset8                          0x08000249   Thumb Code     0  memseta.o(.text)
    __aeabi_memclr                           0x08000257   Thumb Code     4  memseta.o(.text)
    __aeabi_memclr4                          0x08000257   Thumb Code     0  memseta.o(.text)
    __aeabi_memclr8                          0x08000257   Thumb Code     0  memseta.o(.text)
    memset                                   0x0800025b   Thumb Code    18  memseta.o(.text)
    __aeabi_uidiv                            0x0800026d   Thumb Code     0  uidiv.o(.text)
    __aeabi_uidivmod                         0x0800026d   Thumb Code    44  uidiv.o(.text)
    __aeabi_uldivmod                         0x08000299   Thumb Code    98  uldiv.o(.text)
    __I$use$fp                               0x080002fb   Thumb Code     0  iusefp.o(.text)
    __aeabi_dadd                             0x080002fb   Thumb Code   322  dadd.o(.text)
    __aeabi_dsub                             0x0800043d   Thumb Code     6  dadd.o(.text)
    __aeabi_drsub                            0x08000443   Thumb Code     6  dadd.o(.text)
    __aeabi_dmul                             0x08000449   Thumb Code   228  dmul.o(.text)
    __aeabi_ddiv                             0x0800052d   Thumb Code   222  ddiv.o(.text)
    __aeabi_d2ulz                            0x0800060b   Thumb Code    48  dfixul.o(.text)
    __aeabi_cdrcmple                         0x0800063d   Thumb Code    48  cdrcmple.o(.text)
    __scatterload                            0x0800066d   Thumb Code    28  init.o(.text)
    __scatterload_rt2                        0x0800066d   Thumb Code     0  init.o(.text)
    __aeabi_llsl                             0x08000691   Thumb Code    30  llshl.o(.text)
    _ll_shift_l                              0x08000691   Thumb Code     0  llshl.o(.text)
    __aeabi_lasr                             0x080006af   Thumb Code    36  llsshr.o(.text)
    _ll_sshift_r                             0x080006af   Thumb Code     0  llsshr.o(.text)
    _double_round                            0x080006d3   Thumb Code    30  depilogue.o(.text)
    _double_epilogue                         0x080006f1   Thumb Code   156  depilogue.o(.text)
    __decompress                             0x0800078d   Thumb Code     0  __dczerorl2.o(.text)
    __decompress1                            0x0800078d   Thumb Code    86  __dczerorl2.o(.text)
    BusFault_Handler                         0x080007e3   Thumb Code     2  stm32f1xx_it.o(i.BusFault_Handler)
    DebugMon_Handler                         0x080007e5   Thumb Code     2  stm32f1xx_it.o(i.DebugMon_Handler)
    GPIO_Init_Universal                      0x080007e9   Thumb Code   170  gpio.o(i.GPIO_Init_Universal)
    GPIO_Read_Pin                            0x080008ad   Thumb Code    38  gpio.o(i.GPIO_Read_Pin)
    GPIO_Toggle_Pin                          0x080008d3   Thumb Code    28  gpio.o(i.GPIO_Toggle_Pin)
    GPIO_Write_High                          0x080008ef   Thumb Code    30  gpio.o(i.GPIO_Write_High)
    HAL_GPIO_Init                            0x0800090d   Thumb Code   454  stm32f1xx_hal_gpio.o(i.HAL_GPIO_Init)
    HAL_GPIO_ReadPin                         0x08000afd   Thumb Code    10  stm32f1xx_hal_gpio.o(i.HAL_GPIO_ReadPin)
    HAL_GPIO_TogglePin                       0x08000b07   Thumb Code    16  stm32f1xx_hal_gpio.o(i.HAL_GPIO_TogglePin)
    HAL_GPIO_WritePin                        0x08000b17   Thumb Code    10  stm32f1xx_hal_gpio.o(i.HAL_GPIO_WritePin)
    HAL_GetTick                              0x08000b21   Thumb Code     6  stm32f1xx_hal.o(i.HAL_GetTick)
    HAL_IncTick                              0x08000b2d   Thumb Code    12  stm32f1xx_hal.o(i.HAL_IncTick)
    HAL_Init                                 0x08000b3d   Thumb Code    32  stm32f1xx_hal.o(i.HAL_Init)
    HAL_InitTick                             0x08000b61   Thumb Code   102  stm32f1xx_hal_timebase_tim.o(i.HAL_InitTick)
    HAL_MspInit                              0x08000bd5   Thumb Code    52  stm32f1xx_hal_msp.o(i.HAL_MspInit)
    HAL_NVIC_EnableIRQ                       0x08000c11   Thumb Code    26  stm32f1xx_hal_cortex.o(i.HAL_NVIC_EnableIRQ)
    HAL_NVIC_SetPriority                     0x08000c2d   Thumb Code    60  stm32f1xx_hal_cortex.o(i.HAL_NVIC_SetPriority)
    HAL_NVIC_SetPriorityGrouping             0x08000c6d   Thumb Code    26  stm32f1xx_hal_cortex.o(i.HAL_NVIC_SetPriorityGrouping)
    HAL_RCC_ClockConfig                      0x08000c91   Thumb Code   292  stm32f1xx_hal_rcc.o(i.HAL_RCC_ClockConfig)
    HAL_RCC_GetClockConfig                   0x08000dc9   Thumb Code    54  stm32f1xx_hal_rcc.o(i.HAL_RCC_GetClockConfig)
    HAL_RCC_GetPCLK1Freq                     0x08000e09   Thumb Code    20  stm32f1xx_hal_rcc.o(i.HAL_RCC_GetPCLK1Freq)
    HAL_RCC_GetPCLK2Freq                     0x08000e29   Thumb Code    20  stm32f1xx_hal_rcc.o(i.HAL_RCC_GetPCLK2Freq)
    HAL_RCC_GetSysClockFreq                  0x08000e49   Thumb Code    58  stm32f1xx_hal_rcc.o(i.HAL_RCC_GetSysClockFreq)
    HAL_RCC_OscConfig                        0x08000e95   Thumb Code   770  stm32f1xx_hal_rcc.o(i.HAL_RCC_OscConfig)
    HAL_TIMEx_BreakCallback                  0x080011ad   Thumb Code     2  stm32f1xx_hal_tim_ex.o(i.HAL_TIMEx_BreakCallback)
    HAL_TIMEx_CommutCallback                 0x080011af   Thumb Code     2  stm32f1xx_hal_tim_ex.o(i.HAL_TIMEx_CommutCallback)
    HAL_TIM_Base_Init                        0x080011b1   Thumb Code    90  stm32f1xx_hal_tim.o(i.HAL_TIM_Base_Init)
    HAL_TIM_Base_MspInit                     0x0800120b   Thumb Code     2  stm32f1xx_hal_tim.o(i.HAL_TIM_Base_MspInit)
    HAL_TIM_Base_Start_IT                    0x0800120d   Thumb Code    88  stm32f1xx_hal_tim.o(i.HAL_TIM_Base_Start_IT)
    HAL_TIM_IC_CaptureCallback               0x08001279   Thumb Code     2  stm32f1xx_hal_tim.o(i.HAL_TIM_IC_CaptureCallback)
    HAL_TIM_IRQHandler                       0x0800127b   Thumb Code   358  stm32f1xx_hal_tim.o(i.HAL_TIM_IRQHandler)
    HAL_TIM_OC_DelayElapsedCallback          0x080013e1   Thumb Code     2  stm32f1xx_hal_tim.o(i.HAL_TIM_OC_DelayElapsedCallback)
    HAL_TIM_PWM_PulseFinishedCallback        0x080013e3   Thumb Code     2  stm32f1xx_hal_tim.o(i.HAL_TIM_PWM_PulseFinishedCallback)
    HAL_TIM_PeriodElapsedCallback            0x080013e5   Thumb Code    14  main.o(i.HAL_TIM_PeriodElapsedCallback)
    HAL_TIM_TriggerCallback                  0x080013f3   Thumb Code     2  stm32f1xx_hal_tim.o(i.HAL_TIM_TriggerCallback)
    HAL_UART_Init                            0x080013f5   Thumb Code   100  stm32f1xx_hal_uart.o(i.HAL_UART_Init)
    HAL_UART_MspInit                         0x08001459   Thumb Code    94  uart.o(i.HAL_UART_MspInit)
    HAL_UART_Transmit                        0x080014c5   Thumb Code   154  stm32f1xx_hal_uart.o(i.HAL_UART_Transmit)
    HardFault_Handler                        0x0800155f   Thumb Code     2  stm32f1xx_it.o(i.HardFault_Handler)
    MemManage_Handler                        0x08001629   Thumb Code     2  stm32f1xx_it.o(i.MemManage_Handler)
    NMI_Handler                              0x0800162b   Thumb Code     2  stm32f1xx_it.o(i.NMI_Handler)
    Start_Task                               0x0800162d   Thumb Code   158  rtos_main.o(i.Start_Task)
    SysTick_Handler                          0x08001775   Thumb Code    38  port.o(i.SysTick_Handler)
    SystemClock_Config                       0x080017a1   Thumb Code    92  main.o(i.SystemClock_Config)
    SystemInit                               0x080017fd   Thumb Code     2  system_stm32f1xx.o(i.SystemInit)
    TIM2_IRQHandler                          0x08001801   Thumb Code     6  stm32f1xx_it.o(i.TIM2_IRQHandler)
    TIM_Base_SetConfig                       0x0800180d   Thumb Code   120  stm32f1xx_hal_tim.o(i.TIM_Base_SetConfig)
    Uart1_Initialize                         0x080019c9   Thumb Code    42  uart.o(i.Uart1_Initialize)
    UsageFault_Handler                       0x080019fd   Thumb Code     2  stm32f1xx_it.o(i.UsageFault_Handler)
    __0printf                                0x08001a01   Thumb Code    22  printfa.o(i.__0printf)
    __1printf                                0x08001a01   Thumb Code     0  printfa.o(i.__0printf)
    __2printf                                0x08001a01   Thumb Code     0  printfa.o(i.__0printf)
    __c89printf                              0x08001a01   Thumb Code     0  printfa.o(i.__0printf)
    printf                                   0x08001a01   Thumb Code     0  printfa.o(i.__0printf)
    __0vsnprintf                             0x08001a21   Thumb Code    46  printfa.o(i.__0vsnprintf)
    __1vsnprintf                             0x08001a21   Thumb Code     0  printfa.o(i.__0vsnprintf)
    __2vsnprintf                             0x08001a21   Thumb Code     0  printfa.o(i.__0vsnprintf)
    __c89vsnprintf                           0x08001a21   Thumb Code     0  printfa.o(i.__0vsnprintf)
    vsnprintf                                0x08001a21   Thumb Code     0  printfa.o(i.__0vsnprintf)
    __scatterload_copy                       0x08001a75   Thumb Code    14  handlers.o(i.__scatterload_copy)
    __scatterload_null                       0x08001a83   Thumb Code     2  handlers.o(i.__scatterload_null)
    __scatterload_zeroinit                   0x08001a85   Thumb Code    14  handlers.o(i.__scatterload_zeroinit)
    fputc                                    0x08002335   Thumb Code    20  uart.o(i.fputc)
    key_scan                                 0x0800234d   Thumb Code   116  key.o(i.key_scan)
    log_init                                 0x080023c5   Thumb Code    42  log.o(i.log_init)
    log_print                                0x08002419   Thumb Code    38  log.o(i.log_print)
    main                                     0x08002471   Thumb Code    28  main.o(i.main)
    pcTaskGetName                            0x080024a1   Thumb Code    34  tasks.o(i.pcTaskGetName)
    pvPortMalloc                             0x08002995   Thumb Code   232  heap_4.o(i.pvPortMalloc)
    pxPortInitialiseStack                    0x08002ac1   Thumb Code    32  port.o(i.pxPortInitialiseStack)
    ulTaskGenericNotifyTake                  0x08002ae5   Thumb Code   136  tasks.o(i.ulTaskGenericNotifyTake)
    uxListRemove                             0x08002ba5   Thumb Code    38  list.o(i.uxListRemove)
    vListInitialise                          0x08002bcb   Thumb Code    22  list.o(i.vListInitialise)
    vListInitialiseItem                      0x08002be1   Thumb Code     6  list.o(i.vListInitialiseItem)
    vListInsert                              0x08002be7   Thumb Code    48  list.o(i.vListInsert)
    vListInsertEnd                           0x08002c17   Thumb Code    24  list.o(i.vListInsertEnd)
    vPortEnterCritical                       0x08002c31   Thumb Code    50  port.o(i.vPortEnterCritical)
    vPortExitCritical                        0x08002cb1   Thumb Code    34  port.o(i.vPortExitCritical)
    vPortFree                                0x08002d1d   Thumb Code   100  heap_4.o(i.vPortFree)
    vPortSetupTimerInterrupt                 0x08002dc5   Thumb Code    32  port.o(i.vPortSetupTimerInterrupt)
    vTaskDelay                               0x08002de9   Thumb Code    62  tasks.o(i.vTaskDelay)
    vTaskInternalSetTimeOutState             0x08002e61   Thumb Code    12  tasks.o(i.vTaskInternalSetTimeOutState)
    vTaskMissedYield                         0x08002e71   Thumb Code     8  tasks.o(i.vTaskMissedYield)
    vTaskPlaceOnEventList                    0x08002e7d   Thumb Code    44  tasks.o(i.vTaskPlaceOnEventList)
    vTaskStartScheduler                      0x08002edd   Thumb Code    84  tasks.o(i.vTaskStartScheduler)
    vTaskSuspendAll                          0x08002f71   Thumb Code    10  tasks.o(i.vTaskSuspendAll)
    vTaskSwitchContext                       0x08002f81   Thumb Code    80  tasks.o(i.vTaskSwitchContext)
    xPortStartScheduler                      0x08003009   Thumb Code   170  port.o(i.xPortStartScheduler)
    xQueueGenericCreate                      0x08003105   Thumb Code   108  queue.o(i.xQueueGenericCreate)
    xQueueGenericReset                       0x080031a1   Thumb Code   128  queue.o(i.xQueueGenericReset)
    xQueueGenericSend                        0x08003255   Thumb Code   332  queue.o(i.xQueueGenericSend)
    xQueueReceive                            0x080033d5   Thumb Code   294  queue.o(i.xQueueReceive)
    xTaskCheckForTimeOut                     0x08003531   Thumb Code   110  tasks.o(i.xTaskCheckForTimeOut)
    xTaskCreate                              0x080035d5   Thumb Code    86  tasks.o(i.xTaskCreate)
    xTaskGenericNotify                       0x0800362d   Thumb Code   238  tasks.o(i.xTaskGenericNotify)
    xTaskGetSchedulerState                   0x08003759   Thumb Code    22  tasks.o(i.xTaskGetSchedulerState)
    xTaskIncrementTick                       0x08003775   Thumb Code   190  tasks.o(i.xTaskIncrementTick)
    xTaskRemoveFromEventList                 0x0800386d   Thumb Code   102  tasks.o(i.xTaskRemoveFromEventList)
    xTaskResumeAll                           0x08003911   Thumb Code   180  tasks.o(i.xTaskResumeAll)
    AHBPrescTable                            0x08003a12   Data          16  system_stm32f1xx.o(.constdata)
    APBPrescTable                            0x08003a22   Data           8  system_stm32f1xx.o(.constdata)
    Region$$Table$$Base                      0x08003a2c   Number         0  anon$$obj.o(Region$$Table)
    Region$$Table$$Limit                     0x08003a4c   Number         0  anon$$obj.o(Region$$Table)
    led1                                     0x20000000   Data          24  led.o(.data)
    led2                                     0x20000018   Data          24  led.o(.data)
    led3                                     0x20000030   Data          24  led.o(.data)
    Led1_Handle                              0x20000048   Data           4  rtos_main.o(.data)
    Led2_Handle                              0x2000004c   Data           4  rtos_main.o(.data)
    Led3_Handle                              0x20000050   Data           4  rtos_main.o(.data)
    xLogQueue                                0x20000054   Data           4  log.o(.data)
    key1                                     0x20000070   Data          24  key.o(.data)
    key2                                     0x20000088   Data          24  key.o(.data)
    key3                                     0x200000a0   Data          24  key.o(.data)
    uwTickFreq                               0x200000b8   Data           1  stm32f1xx_hal.o(.data)
    uwTickPrio                               0x200000bc   Data           4  stm32f1xx_hal.o(.data)
    uwTick                                   0x200000c0   Data           4  stm32f1xx_hal.o(.data)
    SystemCoreClock                          0x200000c4   Data           4  system_stm32f1xx.o(.data)
    pxCurrentTCB                             0x200000c8   Data           4  tasks.o(.data)
    uxTopUsedPriority                        0x200000f8   Data           4  tasks.o(.data)
    __stdout                                 0x20000134   Data           4  stdout.o(.data)
    htim2                                    0x20000138   Data          72  stm32f1xx_hal_timebase_tim.o(.bss)
    huart1                                   0x20000180   Data          72  uart.o(.bss)
    __initial_sp                             0x200030b0   Data           0  startup_stm32f103xe.o(STACK)



==============================================================================

Memory Map of the image

  Image Entry point : 0x08000131

  Load Region LR_IROM1 (Base: 0x08000000, Size: 0x00003b84, Max: 0x00040000, ABSOLUTE, COMPRESSED[0x00003a88])

    Execution Region ER_IROM1 (Exec base: 0x08000000, Load base: 0x08000000, Size: 0x00003a4c, Max: 0x00040000, ABSOLUTE)

    Exec Addr    Load Addr    Size         Type   Attr      Idx    E Section Name        Object

    0x08000000   0x08000000   0x00000130   Data   RO            3    RESET               startup_stm32f103xe.o
    0x08000130   0x08000130   0x00000000   Code   RO         3968  * .ARM.Collect$$$$00000000  mc_w.l(entry.o)
    0x08000130   0x08000130   0x00000004   Code   RO         4242    .ARM.Collect$$$$00000001  mc_w.l(entry2.o)
    0x08000134   0x08000134   0x00000004   Code   RO         4245    .ARM.Collect$$$$00000004  mc_w.l(entry5.o)
    0x08000138   0x08000138   0x00000000   Code   RO         4247    .ARM.Collect$$$$00000008  mc_w.l(entry7b.o)
    0x08000138   0x08000138   0x00000000   Code   RO         4249    .ARM.Collect$$$$0000000A  mc_w.l(entry8b.o)
    0x08000138   0x08000138   0x00000008   Code   RO         4250    .ARM.Collect$$$$0000000B  mc_w.l(entry9a.o)
    0x08000140   0x08000140   0x00000004   Code   RO         4257    .ARM.Collect$$$$0000000E  mc_w.l(entry12b.o)
    0x08000144   0x08000144   0x00000000   Code   RO         4252    .ARM.Collect$$$$0000000F  mc_w.l(entry10a.o)
    0x08000144   0x08000144   0x00000000   Code   RO         4254    .ARM.Collect$$$$00000011  mc_w.l(entry11a.o)
    0x08000144   0x08000144   0x00000004   Code   RO         4243    .ARM.Collect$$$$00002712  mc_w.l(entry2.o)
    0x08000148   0x08000148   0x00000096   Code   RO         3815    .emb_text           port.o
    0x080001de   0x080001de   0x00000002   PAD
    0x080001e0   0x080001e0   0x00000024   Code   RO            4    .text               startup_stm32f103xe.o
    0x08000204   0x08000204   0x00000020   Code   RO         3971    .text               mc_w.l(llushr.o)
    0x08000224   0x08000224   0x00000024   Code   RO         3973    .text               mc_w.l(memcpya.o)
    0x08000248   0x08000248   0x00000024   Code   RO         3977    .text               mc_w.l(memseta.o)
    0x0800026c   0x0800026c   0x0000002c   Code   RO         4259    .text               mc_w.l(uidiv.o)
    0x08000298   0x08000298   0x00000062   Code   RO         4261    .text               mc_w.l(uldiv.o)
    0x080002fa   0x080002fa   0x00000000   Code   RO         4263    .text               mc_w.l(iusefp.o)
    0x080002fa   0x080002fa   0x0000014e   Code   RO         4264    .text               mf_w.l(dadd.o)
    0x08000448   0x08000448   0x000000e4   Code   RO         4266    .text               mf_w.l(dmul.o)
    0x0800052c   0x0800052c   0x000000de   Code   RO         4268    .text               mf_w.l(ddiv.o)
    0x0800060a   0x0800060a   0x00000030   Code   RO         4270    .text               mf_w.l(dfixul.o)
    0x0800063a   0x0800063a   0x00000002   PAD
    0x0800063c   0x0800063c   0x00000030   Code   RO         4272    .text               mf_w.l(cdrcmple.o)
    0x0800066c   0x0800066c   0x00000024   Code   RO         4274    .text               mc_w.l(init.o)
    0x08000690   0x08000690   0x0000001e   Code   RO         4276    .text               mc_w.l(llshl.o)
    0x080006ae   0x080006ae   0x00000024   Code   RO         4278    .text               mc_w.l(llsshr.o)
    0x080006d2   0x080006d2   0x000000ba   Code   RO         4280    .text               mf_w.l(depilogue.o)
    0x0800078c   0x0800078c   0x00000056   Code   RO         4290    .text               mc_w.l(__dczerorl2.o)
    0x080007e2   0x080007e2   0x00000002   Code   RO          218    i.BusFault_Handler  stm32f1xx_it.o
    0x080007e4   0x080007e4   0x00000002   Code   RO          219    i.DebugMon_Handler  stm32f1xx_it.o
    0x080007e6   0x080007e6   0x00000002   PAD
    0x080007e8   0x080007e8   0x000000c4   Code   RO          170    i.GPIO_Init_Universal  gpio.o
    0x080008ac   0x080008ac   0x00000026   Code   RO          171    i.GPIO_Read_Pin     gpio.o
    0x080008d2   0x080008d2   0x0000001c   Code   RO          172    i.GPIO_Toggle_Pin   gpio.o
    0x080008ee   0x080008ee   0x0000001e   Code   RO          173    i.GPIO_Write_High   gpio.o
    0x0800090c   0x0800090c   0x000001f0   Code   RO         1913    i.HAL_GPIO_Init     stm32f1xx_hal_gpio.o
    0x08000afc   0x08000afc   0x0000000a   Code   RO         1915    i.HAL_GPIO_ReadPin  stm32f1xx_hal_gpio.o
    0x08000b06   0x08000b06   0x00000010   Code   RO         1916    i.HAL_GPIO_TogglePin  stm32f1xx_hal_gpio.o
    0x08000b16   0x08000b16   0x0000000a   Code   RO         1917    i.HAL_GPIO_WritePin  stm32f1xx_hal_gpio.o
    0x08000b20   0x08000b20   0x0000000c   Code   RO         1607    i.HAL_GetTick       stm32f1xx_hal.o
    0x08000b2c   0x08000b2c   0x00000010   Code   RO         1613    i.HAL_IncTick       stm32f1xx_hal.o
    0x08000b3c   0x08000b3c   0x00000024   Code   RO         1614    i.HAL_Init          stm32f1xx_hal.o
    0x08000b60   0x08000b60   0x00000074   Code   RO          306    i.HAL_InitTick      stm32f1xx_hal_timebase_tim.o
    0x08000bd4   0x08000bd4   0x0000003c   Code   RO          282    i.HAL_MspInit       stm32f1xx_hal_msp.o
    0x08000c10   0x08000c10   0x0000001a   Code   RO         2073    i.HAL_NVIC_EnableIRQ  stm32f1xx_hal_cortex.o
    0x08000c2a   0x08000c2a   0x00000002   PAD
    0x08000c2c   0x08000c2c   0x00000040   Code   RO         2079    i.HAL_NVIC_SetPriority  stm32f1xx_hal_cortex.o
    0x08000c6c   0x08000c6c   0x00000024   Code   RO         2080    i.HAL_NVIC_SetPriorityGrouping  stm32f1xx_hal_cortex.o
    0x08000c90   0x08000c90   0x00000138   Code   RO         1771    i.HAL_RCC_ClockConfig  stm32f1xx_hal_rcc.o
    0x08000dc8   0x08000dc8   0x00000040   Code   RO         1775    i.HAL_RCC_GetClockConfig  stm32f1xx_hal_rcc.o
    0x08000e08   0x08000e08   0x00000020   Code   RO         1778    i.HAL_RCC_GetPCLK1Freq  stm32f1xx_hal_rcc.o
    0x08000e28   0x08000e28   0x00000020   Code   RO         1779    i.HAL_RCC_GetPCLK2Freq  stm32f1xx_hal_rcc.o
    0x08000e48   0x08000e48   0x0000004c   Code   RO         1780    i.HAL_RCC_GetSysClockFreq  stm32f1xx_hal_rcc.o
    0x08000e94   0x08000e94   0x00000318   Code   RO         1783    i.HAL_RCC_OscConfig  stm32f1xx_hal_rcc.o
    0x080011ac   0x080011ac   0x00000002   Code   RO         1329    i.HAL_TIMEx_BreakCallback  stm32f1xx_hal_tim_ex.o
    0x080011ae   0x080011ae   0x00000002   Code   RO         1330    i.HAL_TIMEx_CommutCallback  stm32f1xx_hal_tim_ex.o
    0x080011b0   0x080011b0   0x0000005a   Code   RO          625    i.HAL_TIM_Base_Init  stm32f1xx_hal_tim.o
    0x0800120a   0x0800120a   0x00000002   Code   RO          627    i.HAL_TIM_Base_MspInit  stm32f1xx_hal_tim.o
    0x0800120c   0x0800120c   0x0000006c   Code   RO          630    i.HAL_TIM_Base_Start_IT  stm32f1xx_hal_tim.o
    0x08001278   0x08001278   0x00000002   Code   RO          659    i.HAL_TIM_IC_CaptureCallback  stm32f1xx_hal_tim.o
    0x0800127a   0x0800127a   0x00000166   Code   RO          673    i.HAL_TIM_IRQHandler  stm32f1xx_hal_tim.o
    0x080013e0   0x080013e0   0x00000002   Code   RO          676    i.HAL_TIM_OC_DelayElapsedCallback  stm32f1xx_hal_tim.o
    0x080013e2   0x080013e2   0x00000002   Code   RO          703    i.HAL_TIM_PWM_PulseFinishedCallback  stm32f1xx_hal_tim.o
    0x080013e4   0x080013e4   0x0000000e   Code   RO           14    i.HAL_TIM_PeriodElapsedCallback  main.o
    0x080013f2   0x080013f2   0x00000002   Code   RO          716    i.HAL_TIM_TriggerCallback  stm32f1xx_hal_tim.o
    0x080013f4   0x080013f4   0x00000064   Code   RO         2603    i.HAL_UART_Init     stm32f1xx_hal_uart.o
    0x08001458   0x08001458   0x0000006c   Code   RO          455    i.HAL_UART_MspInit  uart.o
    0x080014c4   0x080014c4   0x0000009a   Code   RO         2611    i.HAL_UART_Transmit  stm32f1xx_hal_uart.o
    0x0800155e   0x0800155e   0x00000002   Code   RO          220    i.HardFault_Handler  stm32f1xx_it.o
    0x08001560   0x08001560   0x00000088   Code   RO          374    i.Key_Task          rtos_main.o
    0x080015e8   0x080015e8   0x00000040   Code   RO          375    i.Led_Task          rtos_main.o
    0x08001628   0x08001628   0x00000002   Code   RO          221    i.MemManage_Handler  stm32f1xx_it.o
    0x0800162a   0x0800162a   0x00000002   Code   RO          222    i.NMI_Handler       stm32f1xx_it.o
    0x0800162c   0x0800162c   0x00000148   Code   RO          376    i.Start_Task        rtos_main.o
    0x08001774   0x08001774   0x0000002c   Code   RO         3816    i.SysTick_Handler   port.o
    0x080017a0   0x080017a0   0x0000005c   Code   RO           15    i.SystemClock_Config  main.o
    0x080017fc   0x080017fc   0x00000002   Code   RO         2937    i.SystemInit        system_stm32f1xx.o
    0x080017fe   0x080017fe   0x00000002   PAD
    0x08001800   0x08001800   0x0000000c   Code   RO          223    i.TIM2_IRQHandler   stm32f1xx_it.o
    0x0800180c   0x0800180c   0x0000008c   Code   RO          718    i.TIM_Base_SetConfig  stm32f1xx_hal_tim.o
    0x08001898   0x08001898   0x000000b8   Code   RO         2629    i.UART_SetConfig    stm32f1xx_hal_uart.o
    0x08001950   0x08001950   0x00000076   Code   RO         2632    i.UART_WaitOnFlagUntilTimeout  stm32f1xx_hal_uart.o
    0x080019c6   0x080019c6   0x00000002   PAD
    0x080019c8   0x080019c8   0x00000034   Code   RO          456    i.Uart1_Initialize  uart.o
    0x080019fc   0x080019fc   0x00000002   Code   RO          224    i.UsageFault_Handler  stm32f1xx_it.o
    0x080019fe   0x080019fe   0x00000002   PAD
    0x08001a00   0x08001a00   0x00000020   Code   RO         4214    i.__0printf         mc_w.l(printfa.o)
    0x08001a20   0x08001a20   0x00000034   Code   RO         4219    i.__0vsnprintf      mc_w.l(printfa.o)
    0x08001a54   0x08001a54   0x00000020   Code   RO         2086    i.__NVIC_SetPriority  stm32f1xx_hal_cortex.o
    0x08001a74   0x08001a74   0x0000000e   Code   RO         4284    i.__scatterload_copy  mc_w.l(handlers.o)
    0x08001a82   0x08001a82   0x00000002   Code   RO         4285    i.__scatterload_null  mc_w.l(handlers.o)
    0x08001a84   0x08001a84   0x0000000e   Code   RO         4286    i.__scatterload_zeroinit  mc_w.l(handlers.o)
    0x08001a92   0x08001a92   0x00000002   PAD
    0x08001a94   0x08001a94   0x00000184   Code   RO         4221    i._fp_digits        mc_w.l(printfa.o)
    0x08001c18   0x08001c18   0x000006b4   Code   RO         4222    i._printf_core      mc_w.l(printfa.o)
    0x080022cc   0x080022cc   0x00000024   Code   RO         4223    i._printf_post_padding  mc_w.l(printfa.o)
    0x080022f0   0x080022f0   0x0000002e   Code   RO         4224    i._printf_pre_padding  mc_w.l(printfa.o)
    0x0800231e   0x0800231e   0x00000016   Code   RO         4225    i._snputc           mc_w.l(printfa.o)
    0x08002334   0x08002334   0x00000018   Code   RO          457    i.fputc             uart.o
    0x0800234c   0x0800234c   0x00000078   Code   RO          557    i.key_scan          key.o
    0x080023c4   0x080023c4   0x00000054   Code   RO          502    i.log_init          log.o
    0x08002418   0x08002418   0x0000002c   Code   RO          503    i.log_print         log.o
    0x08002444   0x08002444   0x0000002c   Code   RO          377    i.log_task          rtos_main.o
    0x08002470   0x08002470   0x00000030   Code   RO           16    i.main              main.o
    0x080024a0   0x080024a0   0x00000058   Code   RO         3492    i.pcTaskGetName     tasks.o
    0x080024f8   0x080024f8   0x00000070   Code   RO         3493    i.prvAddCurrentTaskToDelayedList  tasks.o
    0x08002568   0x08002568   0x000000d0   Code   RO         3494    i.prvAddNewTaskToReadyList  tasks.o
    0x08002638   0x08002638   0x00000026   Code   RO         3171    i.prvCopyDataFromQueue  queue.o
    0x0800265e   0x0800265e   0x0000005a   Code   RO         3172    i.prvCopyDataToQueue  queue.o
    0x080026b8   0x080026b8   0x00000014   Code   RO         3495    i.prvDeleteTCB      tasks.o
    0x080026cc   0x080026cc   0x0000004c   Code   RO         3904    i.prvHeapInit       heap_4.o
    0x08002718   0x08002718   0x0000005c   Code   RO         3496    i.prvIdleTask       tasks.o
    0x08002774   0x08002774   0x000000c4   Code   RO         3497    i.prvInitialiseNewTask  tasks.o
    0x08002838   0x08002838   0x0000004c   Code   RO         3905    i.prvInsertBlockIntoFreeList  heap_4.o
    0x08002884   0x08002884   0x0000001a   Code   RO         3173    i.prvIsQueueEmpty   queue.o
    0x0800289e   0x0800289e   0x00000002   PAD
    0x080028a0   0x080028a0   0x0000001c   Code   RO         3498    i.prvResetNextTaskUnblockTime  tasks.o
    0x080028bc   0x080028bc   0x0000006c   Code   RO         3817    i.prvTaskExitError  port.o
    0x08002928   0x08002928   0x0000006a   Code   RO         3174    i.prvUnlockQueue    queue.o
    0x08002992   0x08002992   0x00000002   PAD
    0x08002994   0x08002994   0x0000012c   Code   RO         3906    i.pvPortMalloc      heap_4.o
    0x08002ac0   0x08002ac0   0x00000024   Code   RO         3818    i.pxPortInitialiseStack  port.o
    0x08002ae4   0x08002ae4   0x000000c0   Code   RO         3500    i.ulTaskGenericNotifyTake  tasks.o
    0x08002ba4   0x08002ba4   0x00000026   Code   RO         3119    i.uxListRemove      list.o
    0x08002bca   0x08002bca   0x00000016   Code   RO         3120    i.vListInitialise   list.o
    0x08002be0   0x08002be0   0x00000006   Code   RO         3121    i.vListInitialiseItem  list.o
    0x08002be6   0x08002be6   0x00000030   Code   RO         3122    i.vListInsert       list.o
    0x08002c16   0x08002c16   0x00000018   Code   RO         3123    i.vListInsertEnd    list.o
    0x08002c2e   0x08002c2e   0x00000002   PAD
    0x08002c30   0x08002c30   0x00000080   Code   RO         3820    i.vPortEnterCritical  port.o
    0x08002cb0   0x08002cb0   0x0000006c   Code   RO         3821    i.vPortExitCritical  port.o
    0x08002d1c   0x08002d1c   0x000000a8   Code   RO         3907    i.vPortFree         heap_4.o
    0x08002dc4   0x08002dc4   0x00000024   Code   RO         3822    i.vPortSetupTimerInterrupt  port.o
    0x08002de8   0x08002de8   0x00000078   Code   RO         3506    i.vTaskDelay        tasks.o
    0x08002e60   0x08002e60   0x00000010   Code   RO         3510    i.vTaskInternalSetTimeOutState  tasks.o
    0x08002e70   0x08002e70   0x0000000c   Code   RO         3511    i.vTaskMissedYield  tasks.o
    0x08002e7c   0x08002e7c   0x00000060   Code   RO         3512    i.vTaskPlaceOnEventList  tasks.o
    0x08002edc   0x08002edc   0x00000094   Code   RO         3518    i.vTaskStartScheduler  tasks.o
    0x08002f70   0x08002f70   0x00000010   Code   RO         3520    i.vTaskSuspendAll   tasks.o
    0x08002f80   0x08002f80   0x00000088   Code   RO         3521    i.vTaskSwitchContext  tasks.o
    0x08003008   0x08003008   0x000000fc   Code   RO         3824    i.xPortStartScheduler  port.o
    0x08003104   0x08003104   0x0000009c   Code   RO         3181    i.xQueueGenericCreate  queue.o
    0x080031a0   0x080031a0   0x000000b4   Code   RO         3182    i.xQueueGenericReset  queue.o
    0x08003254   0x08003254   0x00000180   Code   RO         3183    i.xQueueGenericSend  queue.o
    0x080033d4   0x080033d4   0x0000015c   Code   RO         3190    i.xQueueReceive     queue.o
    0x08003530   0x08003530   0x000000a4   Code   RO         3523    i.xTaskCheckForTimeOut  tasks.o
    0x080035d4   0x080035d4   0x00000056   Code   RO         3524    i.xTaskCreate       tasks.o
    0x0800362a   0x0800362a   0x00000002   PAD
    0x0800362c   0x0800362c   0x0000012c   Code   RO         3526    i.xTaskGenericNotify  tasks.o
    0x08003758   0x08003758   0x0000001c   Code   RO         3531    i.xTaskGetSchedulerState  tasks.o
    0x08003774   0x08003774   0x000000f8   Code   RO         3534    i.xTaskIncrementTick  tasks.o
    0x0800386c   0x0800386c   0x000000a4   Code   RO         3535    i.xTaskRemoveFromEventList  tasks.o
    0x08003910   0x08003910   0x000000f0   Code   RO         3536    i.xTaskResumeAll    tasks.o
    0x08003a00   0x08003a00   0x00000012   Data   RO         1784    .constdata          stm32f1xx_hal_rcc.o
    0x08003a12   0x08003a12   0x00000010   Data   RO         2938    .constdata          system_stm32f1xx.o
    0x08003a22   0x08003a22   0x00000008   Data   RO         2939    .constdata          system_stm32f1xx.o
    0x08003a2a   0x08003a2a   0x00000002   PAD
    0x08003a2c   0x08003a2c   0x00000020   Data   RO         4282    Region$$Table       anon$$obj.o


    Execution Region RW_IRAM1 (Exec base: 0x20000000, Load base: 0x08003a4c, Size: 0x000030b0, Max: 0x0000c000, ABSOLUTE, COMPRESSED[0x0000003c])

    Exec Addr    Load Addr    Size         Type   Attr      Idx    E Section Name        Object

    0x20000000   COMPRESSED   0x00000018   Data   RW          348    .data               led.o
    0x20000018   COMPRESSED   0x00000018   Data   RW          349    .data               led.o
    0x20000030   COMPRESSED   0x00000018   Data   RW          350    .data               led.o
    0x20000048   COMPRESSED   0x0000000c   Data   RW          378    .data               rtos_main.o
    0x20000054   COMPRESSED   0x00000004   Data   RW          504    .data               log.o
    0x20000058   COMPRESSED   0x00000060   Data   RW          558    .data               key.o
    0x200000b8   COMPRESSED   0x0000000c   Data   RW         1621    .data               stm32f1xx_hal.o
    0x200000c4   COMPRESSED   0x00000004   Data   RW         2940    .data               system_stm32f1xx.o
    0x200000c8   COMPRESSED   0x00000040   Data   RW         3539    .data               tasks.o
    0x20000108   COMPRESSED   0x0000000c   Data   RW         3825    .data               port.o
    0x20000114   COMPRESSED   0x00000020   Data   RW         3913    .data               heap_4.o
    0x20000134   COMPRESSED   0x00000004   Data   RW         4258    .data               mc_w.l(stdout.o)
    0x20000138        -       0x00000048   Zero   RW          309    .bss                stm32f1xx_hal_timebase_tim.o
    0x20000180        -       0x00000048   Zero   RW          458    .bss                uart.o
    0x200001c8        -       0x000002e4   Zero   RW         3538    .bss                tasks.o
    0x200004ac        -       0x00002800   Zero   RW         3912    .bss                heap_4.o
    0x20002cac   COMPRESSED   0x00000004   PAD
    0x20002cb0        -       0x00000400   Zero   RW            1    STACK               startup_stm32f103xe.o


==============================================================================

Image component sizes


      Code (inc. data)   RO Data    RW Data    ZI Data      Debug   Object Name

         0          0          0          0          0       7588   event_groups.o
       292         26          0          0          0       2910   gpio.o
       620        150          0         32      10240       4231   heap_4.o
       120          4          0         96          0       1876   key.o
         0          0          0         72          0        273   led.o
       138          0          0          0          0       3246   list.o
       128         48          0          4          0       2275   log.o
       154         20          0          0          0     490460   main.o
       862        334          0         12          0       9612   port.o
      1328        206          0          0          0      15699   queue.o
       572        230          0         12          0      16824   rtos_main.o
        36          8        304          0       1024        812   startup_stm32f103xe.o
        64         14          0         12          0       5294   stm32f1xx_hal.o
       158         14          0          0          0      28190   stm32f1xx_hal_cortex.o
       532         42          0          0          0       4140   stm32f1xx_hal_gpio.o
        60          8          0          0          0        894   stm32f1xx_hal_msp.o
      1308         94         18          0          0       5941   stm32f1xx_hal_rcc.o
       706         40          0          0          0       7352   stm32f1xx_hal_tim.o
         4          0          0          0          0       1653   stm32f1xx_hal_tim_ex.o
       116         14          0          0         72       1447   stm32f1xx_hal_timebase_tim.o
       556          6          0          0          0       4004   stm32f1xx_hal_uart.o
        24          6          0          0          0       3071   stm32f1xx_it.o
         2          0         24          4          0       1143   system_stm32f1xx.o
      2710        754          0         64        740      30741   tasks.o
       184         28          0          0         72       2231   uart.o

    ----------------------------------------------------------------------
     10694       2046        380        308      12152     651907   Object Totals
         0          0         32          0          0          0   (incl. Generated)
        20          0          2          0          4          0   (incl. Padding)

    ----------------------------------------------------------------------

      Code (inc. data)   RO Data    RW Data    ZI Data      Debug   Library Member Name

        86          0          0          0          0          0   __dczerorl2.o
         0          0          0          0          0          0   entry.o
         0          0          0          0          0          0   entry10a.o
         0          0          0          0          0          0   entry11a.o
         4          0          0          0          0          0   entry12b.o
         8          4          0          0          0          0   entry2.o
         4          0          0          0          0          0   entry5.o
         0          0          0          0          0          0   entry7b.o
         0          0          0          0          0          0   entry8b.o
         8          4          0          0          0          0   entry9a.o
        30          0          0          0          0          0   handlers.o
        36          8          0          0          0         68   init.o
         0          0          0          0          0          0   iusefp.o
        30          0          0          0          0         68   llshl.o
        36          0          0          0          0         68   llsshr.o
        32          0          0          0          0         68   llushr.o
        36          0          0          0          0         68   memcpya.o
        36          0          0          0          0        108   memseta.o
      2292         96          0          0          0        612   printfa.o
         0          0          0          4          0          0   stdout.o
        44          0          0          0          0         80   uidiv.o
        98          0          0          0          0         92   uldiv.o
        48          0          0          0          0         68   cdrcmple.o
       334          0          0          0          0        148   dadd.o
       222          0          0          0          0        100   ddiv.o
       186          0          0          0          0        176   depilogue.o
        48          0          0          0          0         68   dfixul.o
       228          0          0          0          0         96   dmul.o

    ----------------------------------------------------------------------
      3850        112          0          4          0       1888   Library Totals
         4          0          0          0          0          0   (incl. Padding)

    ----------------------------------------------------------------------

      Code (inc. data)   RO Data    RW Data    ZI Data      Debug   Library Name

      2780        112          0          4          0       1232   mc_w.l
      1066          0          0          0          0        656   mf_w.l

    ----------------------------------------------------------------------
      3850        112          0          4          0       1888   Library Totals

    ----------------------------------------------------------------------

==============================================================================


      Code (inc. data)   RO Data    RW Data    ZI Data      Debug   

     14544       2158        380        312      12152     647735   Grand Totals
     14544       2158        380         60      12152     647735   ELF Image Totals (compressed)
     14544       2158        380         60          0          0   ROM Totals

==============================================================================

    Total RO  Size (Code + RO Data)                14924 (  14.57kB)
    Total RW  Size (RW Data + ZI Data)             12464 (  12.17kB)
    Total ROM Size (Code + RO Data + RW Data)      14984 (  14.63kB)

==============================================================================

