Component: ARM Compiler 5.06 update 7 (build 960) Tool: armlink [4d3601]

==============================================================================

Section Cross References

    startup_stm32f103xe.o(RESET) refers to startup_stm32f103xe.o(STACK) for __initial_sp
    startup_stm32f103xe.o(RESET) refers to startup_stm32f103xe.o(.text) for Reset_Handler
    startup_stm32f103xe.o(RESET) refers to stm32f1xx_it.o(i.NMI_Handler) for NMI_Handler
    startup_stm32f103xe.o(RESET) refers to stm32f1xx_it.o(i.HardFault_Handler) for HardFault_Handler
    startup_stm32f103xe.o(RESET) refers to stm32f1xx_it.o(i.MemManage_Handler) for MemManage_Handler
    startup_stm32f103xe.o(RESET) refers to stm32f1xx_it.o(i.BusFault_Handler) for BusFault_Handler
    startup_stm32f103xe.o(RESET) refers to stm32f1xx_it.o(i.UsageFault_Handler) for UsageFault_Handler
    startup_stm32f103xe.o(RESET) refers to port.o(.emb_text) for SVC_Handler
    startup_stm32f103xe.o(RESET) refers to stm32f1xx_it.o(i.DebugMon_Handler) for DebugMon_Handler
    startup_stm32f103xe.o(RESET) refers to port.o(i.SysTick_Handler) for SysTick_Handler
    startup_stm32f103xe.o(RESET) refers to stm32f1xx_it.o(i.TIM2_IRQHandler) for TIM2_IRQHandler
    startup_stm32f103xe.o(RESET) refers to tim3.o(i.TIM3_IRQHandler) for TIM3_IRQHandler
    startup_stm32f103xe.o(.text) refers to system_stm32f1xx.o(i.SystemInit) for SystemInit
    startup_stm32f103xe.o(.text) refers to entry.o(.ARM.Collect$$$$00000000) for __main
    main.o(i.SystemClock_Config) refers to memseta.o(.text) for __aeabi_memclr4
    main.o(i.SystemClock_Config) refers to stm32f1xx_hal_rcc.o(i.HAL_RCC_OscConfig) for HAL_RCC_OscConfig
    main.o(i.SystemClock_Config) refers to stm32f1xx_hal_rcc.o(i.HAL_RCC_ClockConfig) for HAL_RCC_ClockConfig
    main.o(i.main) refers to stm32f1xx_hal.o(i.HAL_Init) for HAL_Init
    main.o(i.main) refers to main.o(i.SystemClock_Config) for SystemClock_Config
    main.o(i.main) refers to tim3.o(i.TIM3_Init) for TIM3_Init
    main.o(i.main) refers to uart.o(i.Uart1_Initialize) for Uart1_Initialize
    main.o(i.main) refers to printfa.o(i.__0printf) for __2printf
    main.o(i.main) refers to rtos_main.o(i.Start_Task) for Start_Task
    gpio.o(i.GPIO_Init_Universal) refers to stm32f1xx_hal_gpio.o(i.HAL_GPIO_Init) for HAL_GPIO_Init
    gpio.o(i.GPIO_Read_Pin) refers to stm32f1xx_hal_gpio.o(i.HAL_GPIO_ReadPin) for HAL_GPIO_ReadPin
    gpio.o(i.GPIO_Toggle_Pin) refers to stm32f1xx_hal_gpio.o(i.HAL_GPIO_TogglePin) for HAL_GPIO_TogglePin
    gpio.o(i.GPIO_Write_High) refers to stm32f1xx_hal_gpio.o(i.HAL_GPIO_WritePin) for HAL_GPIO_WritePin
    gpio.o(i.GPIO_Write_Low) refers to stm32f1xx_hal_gpio.o(i.HAL_GPIO_WritePin) for HAL_GPIO_WritePin
    stm32f1xx_it.o(i.TIM2_IRQHandler) refers to stm32f1xx_hal_tim.o(i.HAL_TIM_IRQHandler) for HAL_TIM_IRQHandler
    stm32f1xx_it.o(i.TIM2_IRQHandler) refers to stm32f1xx_hal_timebase_tim.o(.bss) for htim2
    stm32f1xx_hal_timebase_tim.o(i.HAL_InitTick) refers to stm32f1xx_hal_cortex.o(i.HAL_NVIC_SetPriority) for HAL_NVIC_SetPriority
    stm32f1xx_hal_timebase_tim.o(i.HAL_InitTick) refers to stm32f1xx_hal_cortex.o(i.HAL_NVIC_EnableIRQ) for HAL_NVIC_EnableIRQ
    stm32f1xx_hal_timebase_tim.o(i.HAL_InitTick) refers to stm32f1xx_hal_rcc.o(i.HAL_RCC_GetClockConfig) for HAL_RCC_GetClockConfig
    stm32f1xx_hal_timebase_tim.o(i.HAL_InitTick) refers to stm32f1xx_hal_rcc.o(i.HAL_RCC_GetPCLK1Freq) for HAL_RCC_GetPCLK1Freq
    stm32f1xx_hal_timebase_tim.o(i.HAL_InitTick) refers to stm32f1xx_hal_tim.o(i.HAL_TIM_Base_Init) for HAL_TIM_Base_Init
    stm32f1xx_hal_timebase_tim.o(i.HAL_InitTick) refers to stm32f1xx_hal_tim.o(i.HAL_TIM_Base_Start_IT) for HAL_TIM_Base_Start_IT
    stm32f1xx_hal_timebase_tim.o(i.HAL_InitTick) refers to stm32f1xx_hal_timebase_tim.o(.bss) for .bss
    stm32f1xx_hal_timebase_tim.o(i.HAL_ResumeTick) refers to stm32f1xx_hal_timebase_tim.o(.bss) for .bss
    stm32f1xx_hal_timebase_tim.o(i.HAL_SuspendTick) refers to stm32f1xx_hal_timebase_tim.o(.bss) for .bss
    rtos_main.o(i.HAL_TIM_PeriodElapsedCallback) refers to stm32f1xx_hal.o(i.HAL_IncTick) for HAL_IncTick
    rtos_main.o(i.HAL_TIM_PeriodElapsedCallback) refers to queue.o(i.xQueueReceiveFromISR) for xQueueReceiveFromISR
    rtos_main.o(i.HAL_TIM_PeriodElapsedCallback) refers to queue.o(i.xQueueGenericSendFromISR) for xQueueGenericSendFromISR
    rtos_main.o(i.HAL_TIM_PeriodElapsedCallback) refers to rand.o(.text) for rand
    rtos_main.o(i.HAL_TIM_PeriodElapsedCallback) refers to log.o(i.log_print) for log_print
    rtos_main.o(i.HAL_TIM_PeriodElapsedCallback) refers to rtos_main.o(.data) for .data
    rtos_main.o(i.HAL_TIM_PeriodElapsedCallback) refers to rtos_main.o(.constdata) for .constdata
    rtos_main.o(i.Start_Task) refers to log.o(i.log_init) for log_init
    rtos_main.o(i.Start_Task) refers to printfa.o(i.__0printf) for __2printf
    rtos_main.o(i.Start_Task) refers to queue.o(i.xQueueGenericCreate) for xQueueGenericCreate
[...]
    .text                                    0x08000224   Section        0  rand.o(.text)
    .text                                    0x08000248   Section        0  memcpya.o(.text)
    .text                                    0x0800026c   Section        0  memseta.o(.text)
    .text                                    0x08000290   Section        0  uidiv.o(.text)
    .text                                    0x080002bc   Section        0  uldiv.o(.text)
    .text                                    0x0800031e   Section        0  iusefp.o(.text)
    .text                                    0x0800031e   Section        0  dadd.o(.text)
    .text                                    0x0800046c   Section        0  dmul.o(.text)
    .text                                    0x08000550   Section        0  ddiv.o(.text)
    .text                                    0x0800062e   Section        0  dfixul.o(.text)
    .text                                    0x08000660   Section       48  cdrcmple.o(.text)
    .text                                    0x08000690   Section       36  init.o(.text)
    .text                                    0x080006b4   Section        0  llshl.o(.text)
    .text                                    0x080006d2   Section        0  llsshr.o(.text)
    .text                                    0x080006f6   Section        0  depilogue.o(.text)
    .text                                    0x080007b0   Section        0  __dczerorl2.o(.text)
    i.BusFault_Handler                       0x08000806   Section        0  stm32f1xx_it.o(i.BusFault_Handler)
    i.DebugMon_Handler                       0x08000808   Section        0  stm32f1xx_it.o(i.DebugMon_Handler)
    i.GPIO_Init_Universal                    0x0800080c   Section        0  gpio.o(i.GPIO_Init_Universal)
    i.GPIO_Read_Pin                          0x080008d0   Section        0  gpio.o(i.GPIO_Read_Pin)
    i.GPIO_Write_High                        0x080008f6   Section        0  gpio.o(i.GPIO_Write_High)
    i.GPIO_Write_Low                         0x08000914   Section        0  gpio.o(i.GPIO_Write_Low)
    i.HAL_Delay                              0x08000934   Section        0  stm32f1xx_hal.o(i.HAL_Delay)
    i.HAL_GPIO_Init                          0x08000958   Section        0  stm32f1xx_hal_gpio.o(i.HAL_GPIO_Init)
    i.HAL_GPIO_ReadPin                       0x08000b48   Section        0  stm32f1xx_hal_gpio.o(i.HAL_GPIO_ReadPin)
    i.HAL_GPIO_WritePin                      0x08000b52   Section        0  stm32f1xx_hal_gpio.o(i.HAL_GPIO_WritePin)
    i.HAL_GetTick                            0x08000b5c   Section        0  stm32f1xx_hal.o(i.HAL_GetTick)
    i.HAL_IncTick                            0x08000b68   Section        0  stm32f1xx_hal.o(i.HAL_IncTick)
    i.HAL_Init                               0x08000b78   Section        0  stm32f1xx_hal.o(i.HAL_Init)
    i.HAL_InitTick                           0x08000b9c   Section        0  stm32f1xx_hal_timebase_tim.o(i.HAL_InitTick)
    i.HAL_MspInit                            0x08000c10   Section        0  stm32f1xx_hal_msp.o(i.HAL_MspInit)
    i.HAL_NVIC_EnableIRQ                     0x08000c4c   Section        0  stm32f1xx_hal_cortex.o(i.HAL_NVIC_EnableIRQ)
    i.HAL_NVIC_SetPriority                   0x08000c68   Section        0  stm32f1xx_hal_cortex.o(i.HAL_NVIC_SetPriority)
    i.HAL_NVIC_SetPriorityGrouping           0x08000ca8   Section        0  stm32f1xx_hal_cortex.o(i.HAL_NVIC_SetPriorityGrouping)
    i.HAL_RCC_ClockConfig                    0x08000ccc   Section        0  stm32f1xx_hal_rcc.o(i.HAL_RCC_ClockConfig)
    i.HAL_RCC_GetClockConfig                 0x08000e04   Section        0  stm32f1xx_hal_rcc.o(i.HAL_RCC_GetClockConfig)
    i.HAL_RCC_GetPCLK1Freq                   0x08000e44   Section        0  stm32f1xx_hal_rcc.o(i.HAL_RCC_GetPCLK1Freq)
    i.HAL_RCC_GetPCLK2Freq                   0x08000e64   Section        0  stm32f1xx_hal_rcc.o(i.HAL_RCC_GetPCLK2Freq)
    i.HAL_RCC_GetSysClockFreq                0x08000e84   Section        0  stm32f1xx_hal_rcc.o(i.HAL_RCC_GetSysClockFreq)
    i.HAL_RCC_OscConfig                      0x08000ed0   Section        0  stm32f1xx_hal_rcc.o(i.HAL_RCC_OscConfig)
    i.HAL_SPI_Init                           0x080011e8   Section        0  stm32f1xx_hal_spi.o(i.HAL_SPI_Init)
    i.HAL_SPI_MspInit                        0x0800129a   Section        0  stm32f1xx_hal_spi.o(i.HAL_SPI_MspInit)
    i.HAL_SPI_Transmit                       0x0800129c   Section        0  stm32f1xx_hal_spi.o(i.HAL_SPI_Transmit)
    i.HAL_TIMEx_BreakCallback                0x08001406   Section        0  stm32f1xx_hal_tim_ex.o(i.HAL_TIMEx_BreakCallback)
    i.HAL_TIMEx_CommutCallback               0x08001408   Section        0  stm32f1xx_hal_tim_ex.o(i.HAL_TIMEx_CommutCallback)
    i.HAL_TIMEx_MasterConfigSynchronization  0x0800140c   Section        0  stm32f1xx_hal_tim_ex.o(i.HAL_TIMEx_MasterConfigSynchronization)
    i.HAL_TIM_Base_Init                      0x08001488   Section        0  stm32f1xx_hal_tim.o(i.HAL_TIM_Base_Init)
    i.HAL_TIM_Base_MspInit                   0x080014e4   Section        0  tim3.o(i.HAL_TIM_Base_MspInit)
    i.HAL_TIM_Base_Start_IT                  0x08001520   Section        0  stm32f1xx_hal_tim.o(i.HAL_TIM_Base_Start_IT)
    i.HAL_TIM_Base_Stop_IT                   0x0800158c   Section        0  stm32f1xx_hal_tim.o(i.HAL_TIM_Base_Stop_IT)
    i.HAL_TIM_ConfigClockSource              0x080015bc   Section        0  stm32f1xx_hal_tim.o(i.HAL_TIM_ConfigClockSource)
    i.HAL_TIM_IC_CaptureCallback             0x08001698   Section        0  stm32f1xx_hal_tim.o(i.HAL_TIM_IC_CaptureCallback)
    i.HAL_TIM_IRQHandler                     0x0800169a   Section        0  stm32f1xx_hal_tim.o(i.HAL_TIM_IRQHandler)
    i.HAL_TIM_OC_DelayElapsedCallback        0x08001800   Section        0  stm32f1xx_hal_tim.o(i.HAL_TIM_OC_DelayElapsedCallback)
    i.HAL_TIM_PWM_PulseFinishedCallback      0x08001802   Section        0  stm32f1xx_hal_tim.o(i.HAL_TIM_PWM_PulseFinishedCallback)
    i.HAL_TIM_PeriodElapsedCallback          0x08001804   Section        0  rtos_main.o(i.HAL_TIM_PeriodElapsedCallback)
    i.HAL_TIM_TriggerCallback                0x08001990   Section        0  stm32f1xx_hal_tim.o(i.HAL_TIM_TriggerCallback)
    i.HAL_UART_Init                          0x08001992   Section        0  stm32f1xx_hal_uart.o(i.HAL_UART_Init)
    i.HAL_UART_MspInit                       0x080019f8   Section        0  uart.o(i.HAL_UART_MspInit)
    i.HAL_UART_Transmit                      0x08001a64   Section        0  stm32f1xx_hal_uart.o(i.HAL_UART_Transmit)
    i.HardFault_Handler                      0x08001afe   Section        0  stm32f1xx_it.o(i.HardFault_Handler)
    i.MemManage_Handler                      0x08001b00   Section        0  stm32f1xx_it.o(i.MemManage_Handler)
    i.NMI_Handler                            0x08001b02   Section        0  stm32f1xx_it.o(i.NMI_Handler)
    i.OLED_ClearPicture                      0x08001b04   Section        0  oled.o(i.OLED_ClearPicture)
    i.OLED_Pow                               0x08001bb4   Section        0  oled.o(i.OLED_Pow)
    i.OLED_ShowCactus1                       0x08001bc4   Section        0  oled.o(i.OLED_ShowCactus1)
    i.OLED_ShowCactus2                       0x08001c94   Section        0  oled.o(i.OLED_ShowCactus2)
    i.OLED_ShowCactus3                       0x08001d64   Section        0  oled.o(i.OLED_ShowCactus3)
    i.OLED_ShowCloud                         0x08001e34   Section        0  oled.o(i.OLED_ShowCloud)
    i.OLED_ShowDino                          0x08001f1c   Section        0  oled.o(i.OLED_ShowDino)
    i.OLED_ShowDino_Jump                     0x08001f84   Section        0  oled.o(i.OLED_ShowDino_Jump)
    i.OLED_ShowGameBegin                     0x08001ff0   Section        0  oled.o(i.OLED_ShowGameBegin)
    i.OLED_ShowGameOver                      0x08002054   Section        0  oled.o(i.OLED_ShowGameOver)
    i.OLED_ShowGroud                         0x080020b8   Section        0  oled.o(i.OLED_ShowGroud)
    i.OLED_ShowNum                           0x08002124   Section        0  oled.o(i.OLED_ShowNum)
    i.SPI_EndRxTxTransaction                 0x0800216c   Section        0  stm32f1xx_hal_spi.o(i.SPI_EndRxTxTransaction)
    SPI_EndRxTxTransaction                   0x0800216d   Thumb Code    32  stm32f1xx_hal_spi.o(i.SPI_EndRxTxTransaction)
    i.SPI_WaitFlagStateUntilTimeout          0x0800218c   Section        0  stm32f1xx_hal_spi.o(i.SPI_WaitFlagStateUntilTimeout)
    SPI_WaitFlagStateUntilTimeout            0x0800218d   Thumb Code   180  stm32f1xx_hal_spi.o(i.SPI_WaitFlagStateUntilTimeout)
    i.Start_Task                             0x08002244   Section        0  rtos_main.o(i.Start_Task)
    i.SysTick_Handler                        0x08002374   Section        0  port.o(i.SysTick_Handler)
    i.SystemClock_Config                     0x080023a0   Section        0  main.o(i.SystemClock_Config)
    i.SystemInit                             0x080023fc   Section        0  system_stm32f1xx.o(i.SystemInit)
    i.TIM2_IRQHandler                        0x08002400   Section        0  stm32f1xx_it.o(i.TIM2_IRQHandler)
    i.TIM3_IRQHandler                        0x0800240c   Section        0  tim3.o(i.TIM3_IRQHandler)
    i.TIM3_Init                              0x08002418   Section        0  tim3.o(i.TIM3_Init)
    i.TIM_Base_SetConfig                     0x08002470   Section        0  stm32f1xx_hal_tim.o(i.TIM_Base_SetConfig)
    i.TIM_ETR_SetConfig                      0x080024fc   Section        0  stm32f1xx_hal_tim.o(i.TIM_ETR_SetConfig)
    i.TIM_ITRx_SetConfig                     0x08002510   Section        0  stm32f1xx_hal_tim.o(i.TIM_ITRx_SetConfig)
    TIM_ITRx_SetConfig                       0x08002511   Thumb Code    16  stm32f1xx_hal_tim.o(i.TIM_ITRx_SetConfig)
    i.TIM_TI1_ConfigInputStage               0x08002520   Section        0  stm32f1xx_hal_tim.o(i.TIM_TI1_ConfigInputStage)
    TIM_TI1_ConfigInputStage                 0x08002521   Thumb Code    34  stm32f1xx_hal_tim.o(i.TIM_TI1_ConfigInputStage)
    i.TIM_TI2_ConfigInputStage               0x08002542   Section        0  stm32f1xx_hal_tim.o(i.TIM_TI2_ConfigInputStage)
    TIM_TI2_ConfigInputStage                 0x08002543   Thumb Code    36  stm32f1xx_hal_tim.o(i.TIM_TI2_ConfigInputStage)
    i.UART_SetConfig                         0x08002568   Section        0  stm32f1xx_hal_uart.o(i.UART_SetConfig)
    UART_SetConfig                           0x08002569   Thumb Code   178  stm32f1xx_hal_uart.o(i.UART_SetConfig)
    i.UART_WaitOnFlagUntilTimeout            0x08002620   Section        0  stm32f1xx_hal_uart.o(i.UART_WaitOnFlagUntilTimeout)
    UART_WaitOnFlagUntilTimeout              0x08002621   Thumb Code   118  stm32f1xx_hal_uart.o(i.UART_WaitOnFlagUntilTimeout)
    i.Uart1_Initialize                       0x08002698   Section        0  uart.o(i.Uart1_Initialize)
    i.UsageFault_Handler                     0x080026cc   Section        0  stm32f1xx_it.o(i.UsageFault_Handler)
    i.__0printf                              0x080026d0   Section        0  printfa.o(i.__0printf)
    i.__0vsnprintf                           0x080026f0   Section        0  printfa.o(i.__0vsnprintf)
    i.__NVIC_SetPriority                     0x08002724   Section        0  stm32f1xx_hal_cortex.o(i.__NVIC_SetPriority)
    __NVIC_SetPriority                       0x08002725   Thumb Code    32  stm32f1xx_hal_cortex.o(i.__NVIC_SetPriority)
    i.__scatterload_copy                     0x08002744   Section       14  handlers.o(i.__scatterload_copy)
    i.__scatterload_null                     0x08002752   Section        2  handlers.o(i.__scatterload_null)
    i.__scatterload_zeroinit                 0x08002754   Section       14  handlers.o(i.__scatterload_zeroinit)
    i._fp_digits                             0x08002764   Section        0  printfa.o(i._fp_digits)
    _fp_digits                               0x08002765   Thumb Code   366  printfa.o(i._fp_digits)
    i._printf_core                           0x080028e8   Section        0  printfa.o(i._printf_core)
    _printf_core                             0x080028e9   Thumb Code  1704  printfa.o(i._printf_core)
    i._printf_post_padding                   0x08002f9c   Section        0  printfa.o(i._printf_post_padding)
    _printf_post_padding                     0x08002f9d   Thumb Code    36  printfa.o(i._printf_post_padding)
    i._printf_pre_padding                    0x08002fc0   Section        0  printfa.o(i._printf_pre_padding)
    _printf_pre_padding                      0x08002fc1   Thumb Code    46  printfa.o(i._printf_pre_padding)
    i._snputc                                0x08002fee   Section        0  printfa.o(i._snputc)
    _snputc                                  0x08002fef   Thumb Code    22  printfa.o(i._snputc)
    i.display_task                           0x08003004   Section        0  rtos_main.o(i.display_task)
    display_task                             0x08003005   Thumb Code   714  rtos_main.o(i.display_task)
    i.fputc                                  0x08003330   Section        0  uart.o(i.fputc)
    i.gameover_task                          0x08003348   Section        0  rtos_main.o(i.gameover_task)
    gameover_task                            0x08003349   Thumb Code   102  rtos_main.o(i.gameover_task)
    i.key_scan                               0x080033bc   Section        0  key.o(i.key_scan)
    i.key_task                               0x08003434   Section        0  rtos_main.o(i.key_task)
    key_task                                 0x08003435   Thumb Code   120  rtos_main.o(i.key_task)
    i.log_init                               0x080034cc   Section        0  log.o(i.log_init)
    i.log_print                              0x08003520   Section        0  log.o(i.log_print)
    i.log_task                               0x0800354c   Section        0  rtos_main.o(i.log_task)
    log_task                                 0x0800354d   Thumb Code    32  rtos_main.o(i.log_task)
    i.main                                   0x08003578   Section        0  main.o(i.main)
    i.oled_bind_spi                          0x080035ac   Section        0  oled.o(i.oled_bind_spi)
    i.oled_clear_screen                      0x080035cc   Section        0  oled.o(i.oled_clear_screen)
    i.oled_initialize                        0x080035fc   Section        0  oled.o(i.oled_initialize)
    i.oled_set_cursor                        0x08003772   Section        0  oled.o(i.oled_set_cursor)
    i.oled_show_char                         0x080037a8   Section        0  oled.o(i.oled_show_char)
    i.oled_show_string                       0x08003824   Section        0  oled.o(i.oled_show_string)
    i.prvAddCurrentTaskToDelayedList         0x08003850   Section        0  tasks.o(i.prvAddCurrentTaskToDelayedList)
    prvAddCurrentTaskToDelayedList           0x08003851   Thumb Code   102  tasks.o(i.prvAddCurrentTaskToDelayedList)
    i.prvAddNewTaskToReadyList               0x080038c0   Section        0  tasks.o(i.prvAddNewTaskToReadyList)
    prvAddNewTaskToReadyList                 0x080038c1   Thumb Code   190  tasks.o(i.prvAddNewTaskToReadyList)
    i.prvCopyDataFromQueue                   0x08003990   Section        0  queue.o(i.prvCopyDataFromQueue)
    prvCopyDataFromQueue                     0x08003991   Thumb Code    38  queue.o(i.prvCopyDataFromQueue)
    i.prvCopyDataToQueue                     0x080039b6   Section        0  queue.o(i.prvCopyDataToQueue)
    prvCopyDataToQueue                       0x080039b7   Thumb Code   108  queue.o(i.prvCopyDataToQueue)
    i.prvDeleteTCB                           0x08003a22   Section        0  tasks.o(i.prvDeleteTCB)
    prvDeleteTCB                             0x08003a23   Thumb Code    20  tasks.o(i.prvDeleteTCB)
    i.prvHeapInit                            0x08003a38   Section        0  heap_4.o(i.prvHeapInit)
    prvHeapInit                              0x08003a39   Thumb Code    66  heap_4.o(i.prvHeapInit)
    i.prvIdleTask                            0x08003a84   Section        0  tasks.o(i.prvIdleTask)
    prvIdleTask                              0x08003a85   Thumb Code    80  tasks.o(i.prvIdleTask)
    i.prvInitialiseNewTask                   0x08003ae0   Section        0  tasks.o(i.prvInitialiseNewTask)
    prvInitialiseNewTask                     0x08003ae1   Thumb Code   154  tasks.o(i.prvInitialiseNewTask)
    i.prvInsertBlockIntoFreeList             0x08003bac   Section        0  heap_4.o(i.prvInsertBlockIntoFreeList)
    prvInsertBlockIntoFreeList               0x08003bad   Thumb Code    72  heap_4.o(i.prvInsertBlockIntoFreeList)
    i.prvIsQueueEmpty                        0x08003bf8   Section        0  queue.o(i.prvIsQueueEmpty)
    prvIsQueueEmpty                          0x08003bf9   Thumb Code    26  queue.o(i.prvIsQueueEmpty)
    i.prvResetNextTaskUnblockTime            0x08003c14   Section        0  tasks.o(i.prvResetNextTaskUnblockTime)
    prvResetNextTaskUnblockTime              0x08003c15   Thumb Code    24  tasks.o(i.prvResetNextTaskUnblockTime)
    i.prvTaskExitError                       0x08003c30   Section        0  port.o(i.prvTaskExitError)
    prvTaskExitError                         0x08003c31   Thumb Code    34  port.o(i.prvTaskExitError)
    i.prvUnlockQueue                         0x08003c9c   Section        0  queue.o(i.prvUnlockQueue)
    prvUnlockQueue                           0x08003c9d   Thumb Code   106  queue.o(i.prvUnlockQueue)
    i.pvPortMalloc                           0x08003d08   Section        0  heap_4.o(i.pvPortMalloc)
    i.pxPortInitialiseStack                  0x08003e34   Section        0  port.o(i.pxPortInitialiseStack)
    i.spi_initialize                         0x08003e58   Section        0  spi.o(i.spi_initialize)
    spi_initialize                           0x08003e59   Thumb Code   206  spi.o(i.spi_initialize)
    i.spi_reset                              0x08003f38   Section        0  spi.o(i.spi_reset)
    spi_reset                                0x08003f39   Thumb Code    44  spi.o(i.spi_reset)
    i.spi_transmit                           0x08003f64   Section        0  spi.o(i.spi_transmit)
    spi_transmit                             0x08003f65   Thumb Code    26  spi.o(i.spi_transmit)
    i.spi_write_cmd                          0x08003f7e   Section        0  spi.o(i.spi_write_cmd)
    spi_write_cmd                            0x08003f7f   Thumb Code    24  spi.o(i.spi_write_cmd)
    i.spi_write_data                         0x08003f96   Section        0  spi.o(i.spi_write_data)
    spi_write_data                           0x08003f97   Thumb Code    24  spi.o(i.spi_write_data)
    i.ulTaskGenericNotifyTake                0x08003fb0   Section        0  tasks.o(i.ulTaskGenericNotifyTake)
    i.uxListRemove                           0x08004070   Section        0  list.o(i.uxListRemove)
    i.vListInitialise                        0x08004096   Section        0  list.o(i.vListInitialise)
    i.vListInitialiseItem                    0x080040ac   Section        0  list.o(i.vListInitialiseItem)
    i.vListInsert                            0x080040b2   Section        0  list.o(i.vListInsert)
    i.vListInsertEnd                         0x080040e2   Section        0  list.o(i.vListInsertEnd)
    i.vPortEnterCritical                     0x080040fc   Section        0  port.o(i.vPortEnterCritical)
    i.vPortExitCritical                      0x0800417c   Section        0  port.o(i.vPortExitCritical)
    i.vPortFree                              0x080041e8   Section        0  heap_4.o(i.vPortFree)
    i.vPortSetupTimerInterrupt               0x08004290   Section        0  port.o(i.vPortSetupTimerInterrupt)
    i.vPortValidateInterruptPriority         0x080042b4   Section        0  port.o(i.vPortValidateInterruptPriority)
    i.vTaskDelay                             0x08004348   Section        0  tasks.o(i.vTaskDelay)
    i.vTaskDelete                            0x080043c0   Section        0  tasks.o(i.vTaskDelete)
    i.vTaskInternalSetTimeOutState           0x08004498   Section        0  tasks.o(i.vTaskInternalSetTimeOutState)
    i.vTaskMissedYield                       0x080044a8   Section        0  tasks.o(i.vTaskMissedYield)
    i.vTaskPlaceOnEventList                  0x080044b4   Section        0  tasks.o(i.vTaskPlaceOnEventList)
    i.vTaskStartScheduler                    0x08004514   Section        0  tasks.o(i.vTaskStartScheduler)
    i.vTaskSuspendAll                        0x080045a8   Section        0  tasks.o(i.vTaskSuspendAll)
    i.vTaskSwitchContext                     0x080045b8   Section        0  tasks.o(i.vTaskSwitchContext)
    i.xPortStartScheduler                    0x08004640   Section        0  port.o(i.xPortStartScheduler)
    i.xQueueGenericCreate                    0x0800473c   Section        0  queue.o(i.xQueueGenericCreate)
    i.xQueueGenericReset                     0x080047d8   Section        0  queue.o(i.xQueueGenericReset)
    i.xQueueGenericSend                      0x0800488c   Section        0  queue.o(i.xQueueGenericSend)
    i.xQueueGenericSendFromISR               0x08004a0c   Section        0  queue.o(i.xQueueGenericSendFromISR)
    i.xQueueReceive                          0x08004afc   Section        0  queue.o(i.xQueueReceive)
    i.xQueueReceiveFromISR                   0x08004c58   Section        0  queue.o(i.xQueueReceiveFromISR)
    i.xTaskCheckForTimeOut                   0x08004d28   Section        0  tasks.o(i.xTaskCheckForTimeOut)
    i.xTaskCreate                            0x08004dcc   Section        0  tasks.o(i.xTaskCreate)
    i.xTaskGenericNotify                     0x08004e24   Section        0  tasks.o(i.xTaskGenericNotify)
    i.xTaskGetSchedulerState                 0x08004f50   Section        0  tasks.o(i.xTaskGetSchedulerState)
    i.xTaskIncrementTick                     0x08004f6c   Section        0  tasks.o(i.xTaskIncrementTick)
    i.xTaskPriorityDisinherit                0x08005064   Section        0  tasks.o(i.xTaskPriorityDisinherit)
    i.xTaskRemoveFromEventList               0x0800511c   Section        0  tasks.o(i.xTaskRemoveFromEventList)
    i.xTaskResumeAll                         0x080051c0   Section        0  tasks.o(i.xTaskResumeAll)
    .constdata                               0x080052b0   Section       36  rtos_main.o(.constdata)
    kCactusLen                               0x080052b0   Data           3  rtos_main.o(.constdata)
    kJumpTable                               0x080052b7   Data          16  rtos_main.o(.constdata)
    .constdata                               0x080052d4   Section     6267  oled.o(.constdata)
    .constdata                               0x08006b4f   Section       18  stm32f1xx_hal_rcc.o(.constdata)
    aPredivFactorTable                       0x08006b4f   Data           2  stm32f1xx_hal_rcc.o(.constdata)
    aPLLMULFactorTable                       0x08006b51   Data          16  stm32f1xx_hal_rcc.o(.constdata)
    .constdata                               0x08006b61   Section       16  system_stm32f1xx.o(.constdata)
    .constdata                               0x08006b71   Section        8  system_stm32f1xx.o(.constdata)
    .data                                    0x20000000   Section       44  rtos_main.o(.data)
    last_dino_y                              0x20000001   Data           1  rtos_main.o(.data)
    game_begin_flag                          0x20000002   Data           1  rtos_main.o(.data)
    cactus_ticks                             0x20000006   Data           2  rtos_main.o(.data)
    cactus_next                              0x20000008   Data           2  rtos_main.o(.data)
    cactus_ticks_multiplier                  0x2000000a   Data           2  rtos_main.o(.data)
    speed_accumulator                        0x2000000c   Data           2  rtos_main.o(.data)
    dino                                     0x2000000e   Data           3  rtos_main.o(.data)
    sys_tim                                  0x2000001c   Data           4  rtos_main.o(.data)
    .data                                    0x2000002c   Section        4  log.o(.data)
    .data                                    0x20000030   Section       96  key.o(.data)
    key1_state                               0x20000030   Data           8  key.o(.data)
    key2_state                               0x20000038   Data           8  key.o(.data)
    key3_state                               0x20000040   Data           8  key.o(.data)
    .data                                    0x20000090   Section       64  oled.o(.data)
    .data                                    0x200000d0   Section       24  spi.o(.data)
    .data                                    0x200000e8   Section       24  spi.o(.data)
    .data                                    0x20000100   Section       24  spi.o(.data)
    .data                                    0x20000118   Section       24  spi.o(.data)
    .data                                    0x20000130   Section       40  spi.o(.data)
    .data                                    0x20000158   Section       12  stm32f1xx_hal.o(.data)
    .data                                    0x20000164   Section        4  system_stm32f1xx.o(.data)
    .data                                    0x20000168   Section       64  tasks.o(.data)
    uxDeletedTasksWaitingCleanUp             0x2000016c   Data           4  tasks.o(.data)
    uxCurrentNumberOfTasks                   0x20000170   Data           4  tasks.o(.data)
    xTickCount                               0x20000174   Data           4  tasks.o(.data)
    uxTopReadyPriority                       0x20000178   Data           4  tasks.o(.data)
    xSchedulerRunning                        0x2000017c   Data           4  tasks.o(.data)
    xPendedTicks                             0x20000180   Data           4  tasks.o(.data)
    xYieldPending                            0x20000184   Data           4  tasks.o(.data)
    xNumOfOverflows                          0x20000188   Data           4  tasks.o(.data)
    uxTaskNumber                             0x2000018c   Data           4  tasks.o(.data)
    xNextTaskUnblockTime                     0x20000190   Data           4  tasks.o(.data)
    xIdleTaskHandle                          0x20000194   Data           4  tasks.o(.data)
    uxSchedulerSuspended                     0x2000019c   Data           4  tasks.o(.data)
    pxDelayedTaskList                        0x200001a0   Data           4  tasks.o(.data)
    pxOverflowDelayedTaskList                0x200001a4   Data           4  tasks.o(.data)
    .data                                    0x200001a8   Section       12  port.o(.data)
    ucMaxSysCallPriority                     0x200001a8   Data           1  port.o(.data)
    uxCriticalNesting                        0x200001ac   Data           4  port.o(.data)
    ulMaxPRIGROUPValue                       0x200001b0   Data           4  port.o(.data)
    .data                                    0x200001b4   Section       32  heap_4.o(.data)
    pxEnd                                    0x200001b4   Data           4  heap_4.o(.data)
    xFreeBytesRemaining                      0x200001b8   Data           4  heap_4.o(.data)
    xMinimumEverFreeBytesRemaining           0x200001bc   Data           4  heap_4.o(.data)
    xNumberOfSuccessfulAllocations           0x200001c0   Data           4  heap_4.o(.data)
    xNumberOfSuccessfulFrees                 0x200001c4   Data           4  heap_4.o(.data)
    xBlockAllocatedBit                       0x200001c8   Data           4  heap_4.o(.data)
    xStart                                   0x200001cc   Data           8  heap_4.o(.data)
    .data                                    0x200001d4   Section        4  rand.o(.data)
    _rand_state                              0x200001d4   Data           4  rand.o(.data)
    .data                                    0x200001d8   Section        4  stdout.o(.data)
    .bss                                     0x200001dc   Section       72  stm32f1xx_hal_timebase_tim.o(.bss)
    .bss                                     0x20000224   Section       12  rtos_main.o(.bss)
    cactus_information                       0x20000224   Data          12  rtos_main.o(.bss)
    .bss                                     0x20000230   Section       72  uart.o(.bss)
    .bss                                     0x20000278   Section       20  oled.o(.bss)
    oled_bus_instance                        0x20000278   Data          20  oled.o(.bss)
    .bss                                     0x2000028c   Section       88  spi.o(.bss)
    hspi3                                    0x2000028c   Data          88  spi.o(.bss)
    .bss                                     0x200002e4   Section       72  tim3.o(.bss)
    .bss                                     0x2000032c   Section      740  tasks.o(.bss)
    pxReadyTasksLists                        0x2000032c   Data         640  tasks.o(.bss)
    xDelayedTaskList1                        0x200005ac   Data          20  tasks.o(.bss)
    xDelayedTaskList2                        0x200005c0   Data          20  tasks.o(.bss)
    xPendingReadyList                        0x200005d4   Data          20  tasks.o(.bss)
    xTasksWaitingTermination                 0x200005e8   Data          20  tasks.o(.bss)
    xSuspendedTaskList                       0x200005fc   Data          20  tasks.o(.bss)
    .bss                                     0x20000610   Section    10240  heap_4.o(.bss)
    ucHeap                                   0x20000610   Data       10240  heap_4.o(.bss)
    STACK                                    0x20002e10   Section     1024  startup_stm32f103xe.o(STACK)

    Global Symbols

    Symbol Name                              Value     Ov Type        Size  Object(Section)

    BuildAttributes$$THM_ISAv4$P$D$K$B$S$PE$A:L22UL41UL21$X:L11$S22US41US21$IEEE1$IW$USESV6$~STKCKD$USESV7$~SHL$OSPACE$ROPI$EBA8$MICROLIB$REQ8$PRES8$EABIv2 0x00000000   Number         0  anon$$obj.o ABSOLUTE
    __ARM_use_no_argv                        0x00000000   Number         0  main.o ABSOLUTE
    _printf_a                                0x00000000   Number         0  stubs.o ABSOLUTE
    _printf_c                                0x00000000   Number         0  stubs.o ABSOLUTE
    _printf_charcount                        0x00000000   Number         0  stubs.o ABSOLUTE
    _printf_d                                0x00000000   Number         0  stubs.o ABSOLUTE
    _printf_e                                0x00000000   Number         0  stubs.o ABSOLUTE
    _printf_f                                0x00000000   Number         0  stubs.o ABSOLUTE
    _printf_flags                            0x00000000   Number         0  stubs.o ABSOLUTE
    _printf_fp_dec                           0x00000000   Number         0  stubs.o ABSOLUTE
    _printf_fp_hex                           0x00000000   Number         0  stubs.o ABSOLUTE
    _printf_g                                0x00000000   Number         0  stubs.o ABSOLUTE
    _printf_i                                0x00000000   Number         0  stubs.o ABSOLUTE
    _printf_int_dec                          0x00000000   Number         0  stubs.o ABSOLUTE
    _printf_l                                0x00000000   Number         0  stubs.o ABSOLUTE
    _printf_lc                               0x00000000   Number         0  stubs.o ABSOLUTE
    _printf_ll                               0x00000000   Number         0  stubs.o ABSOLUTE
    _printf_lld                              0x00000000   Number         0  stubs.o ABSOLUTE
    _printf_lli                              0x00000000   Number         0  stubs.o ABSOLUTE
    _printf_llo                              0x00000000   Number         0  stubs.o ABSOLUTE
    _printf_llu                              0x00000000   Number         0  stubs.o ABSOLUTE
    _printf_llx                              0x00000000   Number         0  stubs.o ABSOLUTE
    _printf_longlong_dec                     0x00000000   Number         0  stubs.o ABSOLUTE
    _printf_longlong_hex                     0x00000000   Number         0  stubs.o ABSOLUTE
    _printf_longlong_oct                     0x00000000   Number         0  stubs.o ABSOLUTE
    _printf_ls                               0x00000000   Number         0  stubs.o ABSOLUTE
    _printf_mbtowc                           0x00000000   Number         0  stubs.o ABSOLUTE
    _printf_n                                0x00000000   Number         0  stubs.o ABSOLUTE
    _printf_o                                0x00000000   Number         0  stubs.o ABSOLUTE
    _printf_p                                0x00000000   Number         0  stubs.o ABSOLUTE
    _printf_percent                          0x00000000   Number         0  stubs.o ABSOLUTE
    _printf_pre_padding                      0x00000000   Number         0  stubs.o ABSOLUTE
    _printf_return_value                     0x00000000   Number         0  stubs.o ABSOLUTE
    _printf_s                                0x00000000   Number         0  stubs.o ABSOLUTE
    _printf_sizespec                         0x00000000   Number         0  stubs.o ABSOLUTE
    _printf_str                              0x00000000   Number         0  stubs.o ABSOLUTE
    _printf_truncate_signed                  0x00000000   Number         0  stubs.o ABSOLUTE
    _printf_truncate_unsigned                0x00000000   Number         0  stubs.o ABSOLUTE
    _printf_u                                0x00000000   Number         0  stubs.o ABSOLUTE
    _printf_wc                               0x00000000   Number         0  stubs.o ABSOLUTE
    _printf_wctomb                           0x00000000   Number         0  stubs.o ABSOLUTE
    _printf_widthprec                        0x00000000   Number         0  stubs.o ABSOLUTE
    _printf_x                                0x00000000   Number         0  stubs.o ABSOLUTE
    __arm_fini_                               - Undefined Weak Reference
    __cpp_initialize__aeabi_                  - Undefined Weak Reference
    __cxa_finalize                            - Undefined Weak Reference
    _clock_init                               - Undefined Weak Reference
    _microlib_exit                            - Undefined Weak Reference
    __Vectors_Size                           0x00000130   Number         0  startup_stm32f103xe.o ABSOLUTE
    __Vectors                                0x08000000   Data           4  startup_stm32f103xe.o(RESET)
    __Vectors_End                            0x08000130   Data           0  startup_stm32f103xe.o(RESET)
    __main                                   0x08000131   Thumb Code     0  entry.o(.ARM.Collect$$$$00000000)
    _main_stk                                0x08000131   Thumb Code     0  entry2.o(.ARM.Collect$$$$00000001)
    _main_scatterload                        0x08000135   Thumb Code     0  entry5.o(.ARM.Collect$$$$00000004)
    __main_after_scatterload                 0x08000139   Thumb Code     0  entry5.o(.ARM.Collect$$$$00000004)
    _main_clock                              0x08000139   Thumb Code     0  entry7b.o(.ARM.Collect$$$$00000008)
    _main_cpp_init                           0x08000139   Thumb Code     0  entry8b.o(.ARM.Collect$$$$0000000A)
    _main_init                               0x08000139   Thumb Code     0  entry9a.o(.ARM.Collect$$$$0000000B)
    __rt_lib_shutdown_fini                   0x08000141   Thumb Code     0  entry12b.o(.ARM.Collect$$$$0000000E)
    __rt_final_cpp                           0x08000145   Thumb Code     0  entry10a.o(.ARM.Collect$$$$0000000F)
    __rt_final_exit                          0x08000145   Thumb Code     0  entry11a.o(.ARM.Collect$$$$00000011)
    SVC_Handler                              0x08000149   Thumb Code    32  port.o(.emb_text)
    __asm___6_port_c_39a90d8d__prvStartFirstTask 0x0800016d   Thumb Code    28  port.o(.emb_text)
    PendSV_Handler                           0x0800018d   Thumb Code    72  port.o(.emb_text)
    vPortGetIPSR                             0x080001d9   Thumb Code     6  port.o(.emb_text)
    Reset_Handler                            0x080001e1   Thumb Code     8  startup_stm32f103xe.o(.text)
    ADC1_2_IRQHandler                        0x080001fb   Thumb Code     0  startup_stm32f103xe.o(.text)
    ADC3_IRQHandler                          0x080001fb   Thumb Code     0  startup_stm32f103xe.o(.text)
    CAN1_RX1_IRQHandler                      0x080001fb   Thumb Code     0  startup_stm32f103xe.o(.text)
    CAN1_SCE_IRQHandler                      0x080001fb   Thumb Code     0  startup_stm32f103xe.o(.text)
    DMA1_Channel1_IRQHandler                 0x080001fb   Thumb Code     0  startup_stm32f103xe.o(.text)
    DMA1_Channel2_IRQHandler                 0x080001fb   Thumb Code     0  startup_stm32f103xe.o(.text)
    DMA1_Channel3_IRQHandler                 0x080001fb   Thumb Code     0  startup_stm32f103xe.o(.text)
    DMA1_Channel4_IRQHandler                 0x080001fb   Thumb Code     0  startup_stm32f103xe.o(.text)
    DMA1_Channel5_IRQHandler                 0x080001fb   Thumb Code     0  startup_stm32f103xe.o(.text)
    DMA1_Channel6_IRQHandler                 0x080001fb   Thumb Code     0  startup_stm32f103xe.o(.text)
    DMA1_Channel7_IRQHandler                 0x080001fb   Thumb Code     0  startup_stm32f103xe.o(.text)
    DMA2_Channel1_IRQHandler                 0x080001fb   Thumb Code     0  startup_stm32f103xe.o(.text)
    DMA2_Channel2_IRQHandler                 0x080001fb   Thumb Code     0  startup_stm32f103xe.o(.text)
    DMA2_Channel3_IRQHandler                 0x080001fb   Thumb Code     0  startup_stm32f103xe.o(.text)
    DMA2_Channel4_5_IRQHandler               0x080001fb   Thumb Code     0  startup_stm32f103xe.o(.text)
    EXTI0_IRQHandler                         0x080001fb   Thumb Code     0  startup_stm32f103xe.o(.text)
    EXTI15_10_IRQHandler                     0x080001fb   Thumb Code     0  startup_stm32f103xe.o(.text)
    EXTI1_IRQHandler                         0x080001fb   Thumb Code     0  startup_stm32f103xe.o(.text)
    EXTI2_IRQHandler                         0x080001fb   Thumb Code     0  startup_stm32f103xe.o(.text)
    EXTI3_IRQHandler                         0x080001fb   Thumb Code     0  startup_stm32f103xe.o(.text)
    EXTI4_IRQHandler                         0x080001fb   Thumb Code     0  startup_stm32f103xe.o(.text)
    EXTI9_5_IRQHandler                       0x080001fb   Thumb Code     0  startup_stm32f103xe.o(.text)
    FLASH_IRQHandler                         0x080001fb   Thumb Code     0  startup_stm32f103xe.o(.text)
    FSMC_IRQHandler                          0x080001fb   Thumb Code     0  startup_stm32f103xe.o(.text)
    I2C1_ER_IRQHandler                       0x080001fb   Thumb Code     0  startup_stm32f103xe.o(.text)
    I2C1_EV_IRQHandler                       0x080001fb   Thumb Code     0  startup_stm32f103xe.o(.text)
    I2C2_ER_IRQHandler                       0x080001fb   Thumb Code     0  startup_stm32f103xe.o(.text)
    I2C2_EV_IRQHandler                       0x080001fb   Thumb Code     0  startup_stm32f103xe.o(.text)
    PVD_IRQHandler                           0x080001fb   Thumb Code     0  startup_stm32f103xe.o(.text)
    RCC_IRQHandler                           0x080001fb   Thumb Code     0  startup_stm32f103xe.o(.text)
    RTC_Alarm_IRQHandler                     0x080001fb   Thumb Code     0  startup_stm32f103xe.o(.text)
    RTC_IRQHandler                           0x080001fb   Thumb Code     0  startup_stm32f103xe.o(.text)
    SDIO_IRQHandler                          0x080001fb   Thumb Code     0  startup_stm32f103xe.o(.text)
    SPI1_IRQHandler                          0x080001fb   Thumb Code     0  startup_stm32f103xe.o(.text)
    SPI2_IRQHandler                          0x080001fb   Thumb Code     0  startup_stm32f103xe.o(.text)
    SPI3_IRQHandler                          0x080001fb   Thumb Code     0  startup_stm32f103xe.o(.text)
    TAMPER_IRQHandler                        0x080001fb   Thumb Code     0  startup_stm32f103xe.o(.text)
    TIM1_BRK_IRQHandler                      0x080001fb   Thumb Code     0  startup_stm32f103xe.o(.text)
    TIM1_CC_IRQHandler                       0x080001fb   Thumb Code     0  startup_stm32f103xe.o(.text)
    TIM1_TRG_COM_IRQHandler                  0x080001fb   Thumb Code     0  startup_stm32f103xe.o(.text)
    TIM1_UP_IRQHandler                       0x080001fb   Thumb Code     0  startup_stm32f103xe.o(.text)
    TIM4_IRQHandler                          0x080001fb   Thumb Code     0  startup_stm32f103xe.o(.text)
    TIM5_IRQHandler                          0x080001fb   Thumb Code     0  startup_stm32f103xe.o(.text)
    TIM6_IRQHandler                          0x080001fb   Thumb Code     0  startup_stm32f103xe.o(.text)
    TIM7_IRQHandler                          0x080001fb   Thumb Code     0  startup_stm32f103xe.o(.text)
    TIM8_BRK_IRQHandler                      0x080001fb   Thumb Code     0  startup_stm32f103xe.o(.text)
    TIM8_CC_IRQHandler                       0x080001fb   Thumb Code     0  startup_stm32f103xe.o(.text)
    TIM8_TRG_COM_IRQHandler                  0x080001fb   Thumb Code     0  startup_stm32f103xe.o(.text)
    TIM8_UP_IRQHandler                       0x080001fb   Thumb Code     0  startup_stm32f103xe.o(.text)
    UART4_IRQHandler                         0x080001fb   Thumb Code     0  startup_stm32f103xe.o(.text)
    UART5_IRQHandler                         0x080001fb   Thumb Code     0  startup_stm32f103xe.o(.text)
    USART1_IRQHandler                        0x080001fb   Thumb Code     0  startup_stm32f103xe.o(.text)
    USART2_IRQHandler                        0x080001fb   Thumb Code     0  startup_stm32f103xe.o(.text)
    USART3_IRQHandler                        0x080001fb   Thumb Code     0  startup_stm32f103xe.o(.text)
    USBWakeUp_IRQHandler                     0x080001fb   Thumb Code     0  startup_stm32f103xe.o(.text)
    USB_HP_CAN1_TX_IRQHandler                0x080001fb   Thumb Code     0  startup_stm32f103xe.o(.text)
    USB_LP_CAN1_RX0_IRQHandler               0x080001fb   Thumb Code     0  startup_stm32f103xe.o(.text)
    WWDG_IRQHandler                          0x080001fb   Thumb Code     0  startup_stm32f103xe.o(.text)
    __aeabi_llsr                             0x08000205   Thumb Code    32  llushr.o(.text)
    _ll_ushift_r                             0x08000205   Thumb Code     0  llushr.o(.text)
    rand                                     0x08000225   Thumb Code    20  rand.o(.text)
    srand                                    0x08000239   Thumb Code     6  rand.o(.text)
    __aeabi_memcpy                           0x08000249   Thumb Code    36  memcpya.o(.text)
    __aeabi_memcpy4                          0x08000249   Thumb Code     0  memcpya.o(.text)
    __aeabi_memcpy8                          0x08000249   Thumb Code     0  memcpya.o(.text)
    __aeabi_memset                           0x0800026d   Thumb Code    14  memseta.o(.text)
    __aeabi_memset4                          0x0800026d   Thumb Code     0  memseta.o(.text)
    __aeabi_memset8                          0x0800026d   Thumb Code     0  memseta.o(.text)
    __aeabi_memclr                           0x0800027b   Thumb Code     4  memseta.o(.text)
    __aeabi_memclr4                          0x0800027b   Thumb Code     0  memseta.o(.text)
    __aeabi_memclr8                          0x0800027b   Thumb Code     0  memseta.o(.text)
    memset                                   0x0800027f   Thumb Code    18  memseta.o(.text)
    __aeabi_uidiv                            0x08000291   Thumb Code     0  uidiv.o(.text)
    __aeabi_uidivmod                         0x08000291   Thumb Code    44  uidiv.o(.text)
    __aeabi_uldivmod                         0x080002bd   Thumb Code    98  uldiv.o(.text)
    __I$use$fp                               0x0800031f   Thumb Code     0  iusefp.o(.text)
    __aeabi_dadd                             0x0800031f   Thumb Code   322  dadd.o(.text)
    __aeabi_dsub                             0x08000461   Thumb Code     6  dadd.o(.text)
    __aeabi_drsub                            0x08000467   Thumb Code     6  dadd.o(.text)
    __aeabi_dmul                             0x0800046d   Thumb Code   228  dmul.o(.text)
    __aeabi_ddiv                             0x08000551   Thumb Code   222  ddiv.o(.text)
    __aeabi_d2ulz                            0x0800062f   Thumb Code    48  dfixul.o(.text)
    __aeabi_cdrcmple                         0x08000661   Thumb Code    48  cdrcmple.o(.text)
    __scatterload                            0x08000691   Thumb Code    28  init.o(.text)
    __scatterload_rt2                        0x08000691   Thumb Code     0  init.o(.text)
    __aeabi_llsl                             0x080006b5   Thumb Code    30  llshl.o(.text)
    _ll_shift_l                              0x080006b5   Thumb Code     0  llshl.o(.text)
    __aeabi_lasr                             0x080006d3   Thumb Code    36  llsshr.o(.text)
    _ll_sshift_r                             0x080006d3   Thumb Code     0  llsshr.o(.text)
    _double_round                            0x080006f7   Thumb Code    30  depilogue.o(.text)
    _double_epilogue                         0x08000715   Thumb Code   156  depilogue.o(.text)
    __decompress                             0x080007b1   Thumb Code     0  __dczerorl2.o(.text)
    __decompress1                            0x080007b1   Thumb Code    86  __dczerorl2.o(.text)
    BusFault_Handler                         0x08000807   Thumb Code     2  stm32f1xx_it.o(i.BusFault_Handler)
    DebugMon_Handler                         0x08000809   Thumb Code     2  stm32f1xx_it.o(i.DebugMon_Handler)
    GPIO_Init_Universal                      0x0800080d   Thumb Code   170  gpio.o(i.GPIO_Init_Universal)
    GPIO_Read_Pin                            0x080008d1   Thumb Code    38  gpio.o(i.GPIO_Read_Pin)
    GPIO_Write_High                          0x080008f7   Thumb Code    30  gpio.o(i.GPIO_Write_High)
    GPIO_Write_Low                           0x08000915   Thumb Code    30  gpio.o(i.GPIO_Write_Low)
    HAL_Delay                                0x08000935   Thumb Code    32  stm32f1xx_hal.o(i.HAL_Delay)
    HAL_GPIO_Init                            0x08000959   Thumb Code   454  stm32f1xx_hal_gpio.o(i.HAL_GPIO_Init)
    HAL_GPIO_ReadPin                         0x08000b49   Thumb Code    10  stm32f1xx_hal_gpio.o(i.HAL_GPIO_ReadPin)
    HAL_GPIO_WritePin                        0x08000b53   Thumb Code    10  stm32f1xx_hal_gpio.o(i.HAL_GPIO_WritePin)
    HAL_GetTick                              0x08000b5d   Thumb Code     6  stm32f1xx_hal.o(i.HAL_GetTick)
    HAL_IncTick                              0x08000b69   Thumb Code    12  stm32f1xx_hal.o(i.HAL_IncTick)
    HAL_Init                                 0x08000b79   Thumb Code    32  stm32f1xx_hal.o(i.HAL_Init)
    HAL_InitTick                             0x08000b9d   Thumb Code   102  stm32f1xx_hal_timebase_tim.o(i.HAL_InitTick)
    HAL_MspInit                              0x08000c11   Thumb Code    52  stm32f1xx_hal_msp.o(i.HAL_MspInit)
    HAL_NVIC_EnableIRQ                       0x08000c4d   Thumb Code    26  stm32f1xx_hal_cortex.o(i.HAL_NVIC_EnableIRQ)
    HAL_NVIC_SetPriority                     0x08000c69   Thumb Code    60  stm32f1xx_hal_cortex.o(i.HAL_NVIC_SetPriority)
    HAL_NVIC_SetPriorityGrouping             0x08000ca9   Thumb Code    26  stm32f1xx_hal_cortex.o(i.HAL_NVIC_SetPriorityGrouping)
    HAL_RCC_ClockConfig                      0x08000ccd   Thumb Code   292  stm32f1xx_hal_rcc.o(i.HAL_RCC_ClockConfig)
    HAL_RCC_GetClockConfig                   0x08000e05   Thumb Code    54  stm32f1xx_hal_rcc.o(i.HAL_RCC_GetClockConfig)
    HAL_RCC_GetPCLK1Freq                     0x08000e45   Thumb Code    20  stm32f1xx_hal_rcc.o(i.HAL_RCC_GetPCLK1Freq)
    HAL_RCC_GetPCLK2Freq                     0x08000e65   Thumb Code    20  stm32f1xx_hal_rcc.o(i.HAL_RCC_GetPCLK2Freq)
    HAL_RCC_GetSysClockFreq                  0x08000e85   Thumb Code    58  stm32f1xx_hal_rcc.o(i.HAL_RCC_GetSysClockFreq)
    HAL_RCC_OscConfig                        0x08000ed1   Thumb Code   770  stm32f1xx_hal_rcc.o(i.HAL_RCC_OscConfig)
    HAL_SPI_Init                             0x080011e9   Thumb Code   178  stm32f1xx_hal_spi.o(i.HAL_SPI_Init)
    HAL_SPI_MspInit                          0x0800129b   Thumb Code     2  stm32f1xx_hal_spi.o(i.HAL_SPI_MspInit)
    HAL_SPI_Transmit                         0x0800129d   Thumb Code   362  stm32f1xx_hal_spi.o(i.HAL_SPI_Transmit)
    HAL_TIMEx_BreakCallback                  0x08001407   Thumb Code     2  stm32f1xx_hal_tim_ex.o(i.HAL_TIMEx_BreakCallback)
    HAL_TIMEx_CommutCallback                 0x08001409   Thumb Code     2  stm32f1xx_hal_tim_ex.o(i.HAL_TIMEx_CommutCallback)
    HAL_TIMEx_MasterConfigSynchronization    0x0800140d   Thumb Code   104  stm32f1xx_hal_tim_ex.o(i.HAL_TIMEx_MasterConfigSynchronization)
    HAL_TIM_Base_Init                        0x08001489   Thumb Code    90  stm32f1xx_hal_tim.o(i.HAL_TIM_Base_Init)
    HAL_TIM_Base_MspInit                     0x080014e5   Thumb Code    50  tim3.o(i.HAL_TIM_Base_MspInit)
    HAL_TIM_Base_Start_IT                    0x08001521   Thumb Code    88  stm32f1xx_hal_tim.o(i.HAL_TIM_Base_Start_IT)
    HAL_TIM_Base_Stop_IT                     0x0800158d   Thumb Code    48  stm32f1xx_hal_tim.o(i.HAL_TIM_Base_Stop_IT)
    HAL_TIM_ConfigClockSource                0x080015bd   Thumb Code   220  stm32f1xx_hal_tim.o(i.HAL_TIM_ConfigClockSource)
    HAL_TIM_IC_CaptureCallback               0x08001699   Thumb Code     2  stm32f1xx_hal_tim.o(i.HAL_TIM_IC_CaptureCallback)
    HAL_TIM_IRQHandler                       0x0800169b   Thumb Code   358  stm32f1xx_hal_tim.o(i.HAL_TIM_IRQHandler)
    HAL_TIM_OC_DelayElapsedCallback          0x08001801   Thumb Code     2  stm32f1xx_hal_tim.o(i.HAL_TIM_OC_DelayElapsedCallback)
    HAL_TIM_PWM_PulseFinishedCallback        0x08001803   Thumb Code     2  stm32f1xx_hal_tim.o(i.HAL_TIM_PWM_PulseFinishedCallback)
    HAL_TIM_PeriodElapsedCallback            0x08001805   Thumb Code   364  rtos_main.o(i.HAL_TIM_PeriodElapsedCallback)
    HAL_TIM_TriggerCallback                  0x08001991   Thumb Code     2  stm32f1xx_hal_tim.o(i.HAL_TIM_TriggerCallback)
    HAL_UART_Init                            0x08001993   Thumb Code   100  stm32f1xx_hal_uart.o(i.HAL_UART_Init)
    HAL_UART_MspInit                         0x080019f9   Thumb Code    94  uart.o(i.HAL_UART_MspInit)
    HAL_UART_Transmit                        0x08001a65   Thumb Code   154  stm32f1xx_hal_uart.o(i.HAL_UART_Transmit)
    HardFault_Handler                        0x08001aff   Thumb Code     2  stm32f1xx_it.o(i.HardFault_Handler)
    MemManage_Handler                        0x08001b01   Thumb Code     2  stm32f1xx_it.o(i.MemManage_Handler)
    NMI_Handler                              0x08001b03   Thumb Code     2  stm32f1xx_it.o(i.NMI_Handler)
    OLED_ClearPicture                        0x08001b05   Thumb Code   176  oled.o(i.OLED_ClearPicture)
    OLED_Pow                                 0x08001bb5   Thumb Code    14  oled.o(i.OLED_Pow)
    OLED_ShowCactus1                         0x08001bc5   Thumb Code   202  oled.o(i.OLED_ShowCactus1)
    OLED_ShowCactus2                         0x08001c95   Thumb Code   202  oled.o(i.OLED_ShowCactus2)
    OLED_ShowCactus3                         0x08001d65   Thumb Code   202  oled.o(i.OLED_ShowCactus3)
    OLED_ShowCloud                           0x08001e35   Thumb Code   226  oled.o(i.OLED_ShowCloud)
    OLED_ShowDino                            0x08001f1d   Thumb Code   100  oled.o(i.OLED_ShowDino)
    OLED_ShowDino_Jump                       0x08001f85   Thumb Code   104  oled.o(i.OLED_ShowDino_Jump)
    OLED_ShowGameBegin                       0x08001ff1   Thumb Code    94  oled.o(i.OLED_ShowGameBegin)
    OLED_ShowGameOver                        0x08002055   Thumb Code    94  oled.o(i.OLED_ShowGameOver)
    OLED_ShowGroud                           0x080020b9   Thumb Code   102  oled.o(i.OLED_ShowGroud)
    OLED_ShowNum                             0x08002125   Thumb Code    72  oled.o(i.OLED_ShowNum)
    Start_Task                               0x08002245   Thumb Code   196  rtos_main.o(i.Start_Task)
    SysTick_Handler                          0x08002375   Thumb Code    38  port.o(i.SysTick_Handler)
    SystemClock_Config                       0x080023a1   Thumb Code    92  main.o(i.SystemClock_Config)
    SystemInit                               0x080023fd   Thumb Code     2  system_stm32f1xx.o(i.SystemInit)
    TIM2_IRQHandler                          0x08002401   Thumb Code     6  stm32f1xx_it.o(i.TIM2_IRQHandler)
    TIM3_IRQHandler                          0x0800240d   Thumb Code     6  tim3.o(i.TIM3_IRQHandler)
    TIM3_Init                                0x08002419   Thumb Code    78  tim3.o(i.TIM3_Init)
    TIM_Base_SetConfig                       0x08002471   Thumb Code   120  stm32f1xx_hal_tim.o(i.TIM_Base_SetConfig)
    TIM_ETR_SetConfig                        0x080024fd   Thumb Code    20  stm32f1xx_hal_tim.o(i.TIM_ETR_SetConfig)
    Uart1_Initialize                         0x08002699   Thumb Code    42  uart.o(i.Uart1_Initialize)
    UsageFault_Handler                       0x080026cd   Thumb Code     2  stm32f1xx_it.o(i.UsageFault_Handler)
    __0printf                                0x080026d1   Thumb Code    22  printfa.o(i.__0printf)
    __1printf                                0x080026d1   Thumb Code     0  printfa.o(i.__0printf)
    __2printf                                0x080026d1   Thumb Code     0  printfa.o(i.__0printf)
    __c89printf                              0x080026d1   Thumb Code     0  printfa.o(i.__0printf)
    printf                                   0x080026d1   Thumb Code     0  printfa.o(i.__0printf)
    __0vsnprintf                             0x080026f1   Thumb Code    46  printfa.o(i.__0vsnprintf)
    __1vsnprintf                             0x080026f1   Thumb Code     0  printfa.o(i.__0vsnprintf)
    __2vsnprintf                             0x080026f1   Thumb Code     0  printfa.o(i.__0vsnprintf)
    __c89vsnprintf                           0x080026f1   Thumb Code     0  printfa.o(i.__0vsnprintf)
    vsnprintf                                0x080026f1   Thumb Code     0  printfa.o(i.__0vsnprintf)
    __scatterload_copy                       0x08002745   Thumb Code    14  handlers.o(i.__scatterload_copy)
    __scatterload_null                       0x08002753   Thumb Code     2  handlers.o(i.__scatterload_null)
    __scatterload_zeroinit                   0x08002755   Thumb Code    14  handlers.o(i.__scatterload_zeroinit)
    fputc                                    0x08003331   Thumb Code    20  uart.o(i.fputc)
    key_scan                                 0x080033bd   Thumb Code   116  key.o(i.key_scan)
    log_init                                 0x080034cd   Thumb Code    42  log.o(i.log_init)
    log_print                                0x08003521   Thumb Code    38  log.o(i.log_print)
    main                                     0x08003579   Thumb Code    32  main.o(i.main)
    oled_bind_spi                            0x080035ad   Thumb Code    32  oled.o(i.oled_bind_spi)
    oled_clear_screen                        0x080035cd   Thumb Code    48  oled.o(i.oled_clear_screen)
    oled_initialize                          0x080035fd   Thumb Code   374  oled.o(i.oled_initialize)
    oled_set_cursor                          0x08003773   Thumb Code    52  oled.o(i.oled_set_cursor)
    oled_show_char                           0x080037a9   Thumb Code   118  oled.o(i.oled_show_char)
    oled_show_string                         0x08003825   Thumb Code    44  oled.o(i.oled_show_string)
    pvPortMalloc                             0x08003d09   Thumb Code   232  heap_4.o(i.pvPortMalloc)
    pxPortInitialiseStack                    0x08003e35   Thumb Code    32  port.o(i.pxPortInitialiseStack)
    ulTaskGenericNotifyTake                  0x08003fb1   Thumb Code   136  tasks.o(i.ulTaskGenericNotifyTake)
    uxListRemove                             0x08004071   Thumb Code    38  list.o(i.uxListRemove)
    vListInitialise                          0x08004097   Thumb Code    22  list.o(i.vListInitialise)
    vListInitialiseItem                      0x080040ad   Thumb Code     6  list.o(i.vListInitialiseItem)
    vListInsert                              0x080040b3   Thumb Code    48  list.o(i.vListInsert)
    vListInsertEnd                           0x080040e3   Thumb Code    24  list.o(i.vListInsertEnd)
    vPortEnterCritical                       0x080040fd   Thumb Code    50  port.o(i.vPortEnterCritical)
    vPortExitCritical                        0x0800417d   Thumb Code    34  port.o(i.vPortExitCritical)
    vPortFree                                0x080041e9   Thumb Code   100  heap_4.o(i.vPortFree)
    vPortSetupTimerInterrupt                 0x08004291   Thumb Code    32  port.o(i.vPortSetupTimerInterrupt)
    vPortValidateInterruptPriority           0x080042b5   Thumb Code    70  port.o(i.vPortValidateInterruptPriority)
    vTaskDelay                               0x08004349   Thumb Code    62  tasks.o(i.vTaskDelay)
    vTaskDelete                              0x080043c1   Thumb Code   152  tasks.o(i.vTaskDelete)
    vTaskInternalSetTimeOutState             0x08004499   Thumb Code    12  tasks.o(i.vTaskInternalSetTimeOutState)
    vTaskMissedYield                         0x080044a9   Thumb Code     8  tasks.o(i.vTaskMissedYield)
    vTaskPlaceOnEventList                    0x080044b5   Thumb Code    44  tasks.o(i.vTaskPlaceOnEventList)
    vTaskStartScheduler                      0x08004515   Thumb Code    84  tasks.o(i.vTaskStartScheduler)
    vTaskSuspendAll                          0x080045a9   Thumb Code    10  tasks.o(i.vTaskSuspendAll)
    vTaskSwitchContext                       0x080045b9   Thumb Code    80  tasks.o(i.vTaskSwitchContext)
    xPortStartScheduler                      0x08004641   Thumb Code   170  port.o(i.xPortStartScheduler)
    xQueueGenericCreate                      0x0800473d   Thumb Code   108  queue.o(i.xQueueGenericCreate)
    xQueueGenericReset                       0x080047d9   Thumb Code   128  queue.o(i.xQueueGenericReset)
    xQueueGenericSend                        0x0800488d   Thumb Code   332  queue.o(i.xQueueGenericSend)
    xQueueGenericSendFromISR                 0x08004a0d   Thumb Code   190  queue.o(i.xQueueGenericSendFromISR)
    xQueueReceive                            0x08004afd   Thumb Code   294  queue.o(i.xQueueReceive)
    xQueueReceiveFromISR                     0x08004c59   Thumb Code   158  queue.o(i.xQueueReceiveFromISR)
    xTaskCheckForTimeOut                     0x08004d29   Thumb Code   110  tasks.o(i.xTaskCheckForTimeOut)
    xTaskCreate                              0x08004dcd   Thumb Code    86  tasks.o(i.xTaskCreate)
    xTaskGenericNotify                       0x08004e25   Thumb Code   238  tasks.o(i.xTaskGenericNotify)
    xTaskGetSchedulerState                   0x08004f51   Thumb Code    22  tasks.o(i.xTaskGetSchedulerState)
    xTaskIncrementTick                       0x08004f6d   Thumb Code   190  tasks.o(i.xTaskIncrementTick)
    xTaskPriorityDisinherit                  0x08005065   Thumb Code   128  tasks.o(i.xTaskPriorityDisinherit)
    xTaskRemoveFromEventList                 0x0800511d   Thumb Code   102  tasks.o(i.xTaskRemoveFromEventList)
    xTaskResumeAll                           0x080051c1   Thumb Code   180  tasks.o(i.xTaskResumeAll)
    OLED_F8x16                               0x080052d4   Data        1520  oled.o(.constdata)
    OLED_Ground                              0x080058c4   Data        1376  oled.o(.constdata)
    OLED_Cloud                               0x08005e24   Data          27  oled.o(.constdata)
    OLED_Dino                                0x08005e3f   Data         512  oled.o(.constdata)
    OLED_Dino_Jump                           0x0800603f   Data         720  oled.o(.constdata)
    OLED_Cactus1                             0x0800630f   Data          16  oled.o(.constdata)
    OLED_Cactus2                             0x0800631f   Data          32  oled.o(.constdata)
    OLED_Cactus3                             0x0800633f   Data          16  oled.o(.constdata)
    OLED_GameOver                            0x0800634f   Data        1024  oled.o(.constdata)
    OLED_GameBegin                           0x0800674f   Data        1024  oled.o(.constdata)
    AHBPrescTable                            0x08006b61   Data          16  system_stm32f1xx.o(.constdata)
    APBPrescTable                            0x08006b71   Data           8  system_stm32f1xx.o(.constdata)
    Region$$Table$$Base                      0x08006b7c   Number         0  anon$$obj.o(Region$$Table)
    Region$$Table$$Limit                     0x08006b9c   Number         0  anon$$obj.o(Region$$Table)
    Speed                                    0x20000000   Data           1  rtos_main.o(.data)
    Grade                                    0x20000004   Data           2  rtos_main.o(.data)
    display_task_handle                      0x20000014   Data           4  rtos_main.o(.data)
    gameover_task_handle                     0x20000018   Data           4  rtos_main.o(.data)
    xDinoEvent                               0x20000020   Data           4  rtos_main.o(.data)
    xDinoState                               0x20000024   Data           4  rtos_main.o(.data)
    xCactusEvt                               0x20000028   Data           4  rtos_main.o(.data)
    xLogQueue                                0x2000002c   Data           4  log.o(.data)
    key1                                     0x20000048   Data          24  key.o(.data)
    key2                                     0x20000060   Data          24  key.o(.data)
    key3                                     0x20000078   Data          24  key.o(.data)
    oled                                     0x20000090   Data          64  oled.o(.data)
    sda_config                               0x200000d0   Data          24  spi.o(.data)
    clk_config                               0x200000e8   Data          24  spi.o(.data)
    dc_config                                0x20000100   Data          24  spi.o(.data)
    res_config                               0x20000118   Data          24  spi.o(.data)
    user_spi3                                0x20000130   Data          40  spi.o(.data)
    uwTickFreq                               0x20000158   Data           1  stm32f1xx_hal.o(.data)
    uwTickPrio                               0x2000015c   Data           4  stm32f1xx_hal.o(.data)
    uwTick                                   0x20000160   Data           4  stm32f1xx_hal.o(.data)
    SystemCoreClock                          0x20000164   Data           4  system_stm32f1xx.o(.data)
    pxCurrentTCB                             0x20000168   Data           4  tasks.o(.data)
    uxTopUsedPriority                        0x20000198   Data           4  tasks.o(.data)
    __stdout                                 0x200001d8   Data           4  stdout.o(.data)
    htim2                                    0x200001dc   Data          72  stm32f1xx_hal_timebase_tim.o(.bss)
    huart1                                   0x20000230   Data          72  uart.o(.bss)
    htim3                                    0x200002e4   Data          72  tim3.o(.bss)
    __initial_sp                             0x20003210   Data           0  startup_stm32f103xe.o(STACK)



==============================================================================

Memory Map of the image

  Image Entry point : 0x08000131

  Load Region LR_IROM1 (Base: 0x08000000, Size: 0x00006d78, Max: 0x00040000, ABSOLUTE, COMPRESSED[0x00006c40])

    Execution Region ER_IROM1 (Exec base: 0x08000000, Load base: 0x08000000, Size: 0x00006b9c, Max: 0x00040000, ABSOLUTE)

    Exec Addr    Load Addr    Size         Type   Attr      Idx    E Section Name        Object

    0x08000000   0x08000000   0x00000130   Data   RO            3    RESET               startup_stm32f103xe.o
    0x08000130   0x08000130   0x00000000   Code   RO         4719  * .ARM.Collect$$$$00000000  mc_w.l(entry.o)
    0x08000130   0x08000130   0x00000004   Code   RO         4996    .ARM.Collect$$$$00000001  mc_w.l(entry2.o)
    0x08000134   0x08000134   0x00000004   Code   RO         4999    .ARM.Collect$$$$00000004  mc_w.l(entry5.o)
    0x08000138   0x08000138   0x00000000   Code   RO         5001    .ARM.Collect$$$$00000008  mc_w.l(entry7b.o)
    0x08000138   0x08000138   0x00000000   Code   RO         5003    .ARM.Collect$$$$0000000A  mc_w.l(entry8b.o)
    0x08000138   0x08000138   0x00000008   Code   RO         5004    .ARM.Collect$$$$0000000B  mc_w.l(entry9a.o)
    0x08000140   0x08000140   0x00000004   Code   RO         5011    .ARM.Collect$$$$0000000E  mc_w.l(entry12b.o)
    0x08000144   0x08000144   0x00000000   Code   RO         5006    .ARM.Collect$$$$0000000F  mc_w.l(entry10a.o)
    0x08000144   0x08000144   0x00000000   Code   RO         5008    .ARM.Collect$$$$00000011  mc_w.l(entry11a.o)
    0x08000144   0x08000144   0x00000004   Code   RO         4997    .ARM.Collect$$$$00002712  mc_w.l(entry2.o)
    0x08000148   0x08000148   0x00000096   Code   RO         4566    .emb_text           port.o
    0x080001de   0x080001de   0x00000002   PAD
    0x080001e0   0x080001e0   0x00000024   Code   RO            4    .text               startup_stm32f103xe.o
    0x08000204   0x08000204   0x00000020   Code   RO         4722    .text               mc_w.l(llushr.o)
    0x08000224   0x08000224   0x00000024   Code   RO         4724    .text               mc_w.l(rand.o)
    0x08000248   0x08000248   0x00000024   Code   RO         4727    .text               mc_w.l(memcpya.o)
    0x0800026c   0x0800026c   0x00000024   Code   RO         4731    .text               mc_w.l(memseta.o)
    0x08000290   0x08000290   0x0000002c   Code   RO         5013    .text               mc_w.l(uidiv.o)
    0x080002bc   0x080002bc   0x00000062   Code   RO         5015    .text               mc_w.l(uldiv.o)
    0x0800031e   0x0800031e   0x00000000   Code   RO         5017    .text               mc_w.l(iusefp.o)
    0x0800031e   0x0800031e   0x0000014e   Code   RO         5018    .text               mf_w.l(dadd.o)
    0x0800046c   0x0800046c   0x000000e4   Code   RO         5020    .text               mf_w.l(dmul.o)
    0x08000550   0x08000550   0x000000de   Code   RO         5022    .text               mf_w.l(ddiv.o)
    0x0800062e   0x0800062e   0x00000030   Code   RO         5024    .text               mf_w.l(dfixul.o)
    0x0800065e   0x0800065e   0x00000002   PAD
    0x08000660   0x08000660   0x00000030   Code   RO         5026    .text               mf_w.l(cdrcmple.o)
    0x08000690   0x08000690   0x00000024   Code   RO         5028    .text               mc_w.l(init.o)
    0x080006b4   0x080006b4   0x0000001e   Code   RO         5030    .text               mc_w.l(llshl.o)
    0x080006d2   0x080006d2   0x00000024   Code   RO         5032    .text               mc_w.l(llsshr.o)
    0x080006f6   0x080006f6   0x000000ba   Code   RO         5034    .text               mf_w.l(depilogue.o)
    0x080007b0   0x080007b0   0x00000056   Code   RO         5044    .text               mc_w.l(__dczerorl2.o)
    0x08000806   0x08000806   0x00000002   Code   RO          230    i.BusFault_Handler  stm32f1xx_it.o
    0x08000808   0x08000808   0x00000002   Code   RO          231    i.DebugMon_Handler  stm32f1xx_it.o
    0x0800080a   0x0800080a   0x00000002   PAD
    0x0800080c   0x0800080c   0x000000c4   Code   RO          179    i.GPIO_Init_Universal  gpio.o
    0x080008d0   0x080008d0   0x00000026   Code   RO          180    i.GPIO_Read_Pin     gpio.o
    0x080008f6   0x080008f6   0x0000001e   Code   RO          182    i.GPIO_Write_High   gpio.o
    0x08000914   0x08000914   0x0000001e   Code   RO          183    i.GPIO_Write_Low    gpio.o
    0x08000932   0x08000932   0x00000002   PAD
    0x08000934   0x08000934   0x00000024   Code   RO         1990    i.HAL_Delay         stm32f1xx_hal.o
    0x08000958   0x08000958   0x000001f0   Code   RO         2300    i.HAL_GPIO_Init     stm32f1xx_hal_gpio.o
    0x08000b48   0x08000b48   0x0000000a   Code   RO         2302    i.HAL_GPIO_ReadPin  stm32f1xx_hal_gpio.o
    0x08000b52   0x08000b52   0x0000000a   Code   RO         2304    i.HAL_GPIO_WritePin  stm32f1xx_hal_gpio.o
    0x08000b5c   0x08000b5c   0x0000000c   Code   RO         1994    i.HAL_GetTick       stm32f1xx_hal.o
    0x08000b68   0x08000b68   0x00000010   Code   RO         2000    i.HAL_IncTick       stm32f1xx_hal.o
    0x08000b78   0x08000b78   0x00000024   Code   RO         2001    i.HAL_Init          stm32f1xx_hal.o
    0x08000b9c   0x08000b9c   0x00000074   Code   RO          318    i.HAL_InitTick      stm32f1xx_hal_timebase_tim.o
    0x08000c10   0x08000c10   0x0000003c   Code   RO          294    i.HAL_MspInit       stm32f1xx_hal_msp.o
    0x08000c4c   0x08000c4c   0x0000001a   Code   RO         2460    i.HAL_NVIC_EnableIRQ  stm32f1xx_hal_cortex.o
    0x08000c66   0x08000c66   0x00000002   PAD
    0x08000c68   0x08000c68   0x00000040   Code   RO         2466    i.HAL_NVIC_SetPriority  stm32f1xx_hal_cortex.o
    0x08000ca8   0x08000ca8   0x00000024   Code   RO         2467    i.HAL_NVIC_SetPriorityGrouping  stm32f1xx_hal_cortex.o
    0x08000ccc   0x08000ccc   0x00000138   Code   RO         2158    i.HAL_RCC_ClockConfig  stm32f1xx_hal_rcc.o
    0x08000e04   0x08000e04   0x00000040   Code   RO         2162    i.HAL_RCC_GetClockConfig  stm32f1xx_hal_rcc.o
    0x08000e44   0x08000e44   0x00000020   Code   RO         2165    i.HAL_RCC_GetPCLK1Freq  stm32f1xx_hal_rcc.o
    0x08000e64   0x08000e64   0x00000020   Code   RO         2166    i.HAL_RCC_GetPCLK2Freq  stm32f1xx_hal_rcc.o
    0x08000e84   0x08000e84   0x0000004c   Code   RO         2167    i.HAL_RCC_GetSysClockFreq  stm32f1xx_hal_rcc.o
    0x08000ed0   0x08000ed0   0x00000318   Code   RO         2170    i.HAL_RCC_OscConfig  stm32f1xx_hal_rcc.o
    0x080011e8   0x080011e8   0x000000b2   Code   RO         3334    i.HAL_SPI_Init      stm32f1xx_hal_spi.o
    0x0800129a   0x0800129a   0x00000002   Code   RO         3336    i.HAL_SPI_MspInit   stm32f1xx_hal_spi.o
    0x0800129c   0x0800129c   0x0000016a   Code   RO         3342    i.HAL_SPI_Transmit  stm32f1xx_hal_spi.o
    0x08001406   0x08001406   0x00000002   Code   RO         1716    i.HAL_TIMEx_BreakCallback  stm32f1xx_hal_tim_ex.o
    0x08001408   0x08001408   0x00000002   Code   RO         1717    i.HAL_TIMEx_CommutCallback  stm32f1xx_hal_tim_ex.o
    0x0800140a   0x0800140a   0x00000002   PAD
    0x0800140c   0x0800140c   0x0000007c   Code   RO         1735    i.HAL_TIMEx_MasterConfigSynchronization  stm32f1xx_hal_tim_ex.o
    0x08001488   0x08001488   0x0000005a   Code   RO         1012    i.HAL_TIM_Base_Init  stm32f1xx_hal_tim.o
    0x080014e2   0x080014e2   0x00000002   PAD
    0x080014e4   0x080014e4   0x0000003c   Code   RO          932    i.HAL_TIM_Base_MspInit  tim3.o
    0x08001520   0x08001520   0x0000006c   Code   RO         1017    i.HAL_TIM_Base_Start_IT  stm32f1xx_hal_tim.o
    0x0800158c   0x0800158c   0x00000030   Code   RO         1020    i.HAL_TIM_Base_Stop_IT  stm32f1xx_hal_tim.o
    0x080015bc   0x080015bc   0x000000dc   Code   RO         1021    i.HAL_TIM_ConfigClockSource  stm32f1xx_hal_tim.o
    0x08001698   0x08001698   0x00000002   Code   RO         1046    i.HAL_TIM_IC_CaptureCallback  stm32f1xx_hal_tim.o
    0x0800169a   0x0800169a   0x00000166   Code   RO         1060    i.HAL_TIM_IRQHandler  stm32f1xx_hal_tim.o
    0x08001800   0x08001800   0x00000002   Code   RO         1063    i.HAL_TIM_OC_DelayElapsedCallback  stm32f1xx_hal_tim.o
    0x08001802   0x08001802   0x00000002   Code   RO         1090    i.HAL_TIM_PWM_PulseFinishedCallback  stm32f1xx_hal_tim.o
    0x08001804   0x08001804   0x0000018c   Code   RO          383    i.HAL_TIM_PeriodElapsedCallback  rtos_main.o
    0x08001990   0x08001990   0x00000002   Code   RO         1103    i.HAL_TIM_TriggerCallback  stm32f1xx_hal_tim.o
    0x08001992   0x08001992   0x00000064   Code   RO         2990    i.HAL_UART_Init     stm32f1xx_hal_uart.o
    0x080019f6   0x080019f6   0x00000002   PAD
    0x080019f8   0x080019f8   0x0000006c   Code   RO          590    i.HAL_UART_MspInit  uart.o
    0x08001a64   0x08001a64   0x0000009a   Code   RO         2998    i.HAL_UART_Transmit  stm32f1xx_hal_uart.o
    0x08001afe   0x08001afe   0x00000002   Code   RO          232    i.HardFault_Handler  stm32f1xx_it.o
    0x08001b00   0x08001b00   0x00000002   Code   RO          233    i.MemManage_Handler  stm32f1xx_it.o
    0x08001b02   0x08001b02   0x00000002   Code   RO          234    i.NMI_Handler       stm32f1xx_it.o
    0x08001b04   0x08001b04   0x000000b0   Code   RO          740    i.OLED_ClearPicture  oled.o
    0x08001bb4   0x08001bb4   0x0000000e   Code   RO          741    i.OLED_Pow          oled.o
    0x08001bc2   0x08001bc2   0x00000002   PAD
    0x08001bc4   0x08001bc4   0x000000d0   Code   RO          742    i.OLED_ShowCactus1  oled.o
    0x08001c94   0x08001c94   0x000000d0   Code   RO          743    i.OLED_ShowCactus2  oled.o
    0x08001d64   0x08001d64   0x000000d0   Code   RO          744    i.OLED_ShowCactus3  oled.o
    0x08001e34   0x08001e34   0x000000e8   Code   RO          745    i.OLED_ShowCloud    oled.o
    0x08001f1c   0x08001f1c   0x00000068   Code   RO          746    i.OLED_ShowDino     oled.o
    0x08001f84   0x08001f84   0x0000006c   Code   RO          747    i.OLED_ShowDino_Jump  oled.o
    0x08001ff0   0x08001ff0   0x00000064   Code   RO          748    i.OLED_ShowGameBegin  oled.o
    0x08002054   0x08002054   0x00000064   Code   RO          749    i.OLED_ShowGameOver  oled.o
    0x080020b8   0x080020b8   0x0000006c   Code   RO          750    i.OLED_ShowGroud    oled.o
    0x08002124   0x08002124   0x00000048   Code   RO          751    i.OLED_ShowNum      oled.o
    0x0800216c   0x0800216c   0x00000020   Code   RO         3372    i.SPI_EndRxTxTransaction  stm32f1xx_hal_spi.o
    0x0800218c   0x0800218c   0x000000b8   Code   RO         3377    i.SPI_WaitFlagStateUntilTimeout  stm32f1xx_hal_spi.o
    0x08002244   0x08002244   0x00000130   Code   RO          384    i.Start_Task        rtos_main.o
    0x08002374   0x08002374   0x0000002c   Code   RO         4567    i.SysTick_Handler   port.o
    0x080023a0   0x080023a0   0x0000005c   Code   RO           14    i.SystemClock_Config  main.o
    0x080023fc   0x080023fc   0x00000002   Code   RO         3646    i.SystemInit        system_stm32f1xx.o
    0x080023fe   0x080023fe   0x00000002   PAD
    0x08002400   0x08002400   0x0000000c   Code   RO          235    i.TIM2_IRQHandler   stm32f1xx_it.o
    0x0800240c   0x0800240c   0x0000000c   Code   RO          933    i.TIM3_IRQHandler   tim3.o
    0x08002418   0x08002418   0x00000058   Code   RO          934    i.TIM3_Init         tim3.o
    0x08002470   0x08002470   0x0000008c   Code   RO         1105    i.TIM_Base_SetConfig  stm32f1xx_hal_tim.o
    0x080024fc   0x080024fc   0x00000014   Code   RO         1116    i.TIM_ETR_SetConfig  stm32f1xx_hal_tim.o
    0x08002510   0x08002510   0x00000010   Code   RO         1117    i.TIM_ITRx_SetConfig  stm32f1xx_hal_tim.o
    0x08002520   0x08002520   0x00000022   Code   RO         1123    i.TIM_TI1_ConfigInputStage  stm32f1xx_hal_tim.o
    0x08002542   0x08002542   0x00000024   Code   RO         1125    i.TIM_TI2_ConfigInputStage  stm32f1xx_hal_tim.o
    0x08002566   0x08002566   0x00000002   PAD
    0x08002568   0x08002568   0x000000b8   Code   RO         3016    i.UART_SetConfig    stm32f1xx_hal_uart.o
    0x08002620   0x08002620   0x00000076   Code   RO         3019    i.UART_WaitOnFlagUntilTimeout  stm32f1xx_hal_uart.o
    0x08002696   0x08002696   0x00000002   PAD
    0x08002698   0x08002698   0x00000034   Code   RO          591    i.Uart1_Initialize  uart.o
    0x080026cc   0x080026cc   0x00000002   Code   RO          236    i.UsageFault_Handler  stm32f1xx_it.o
    0x080026ce   0x080026ce   0x00000002   PAD
    0x080026d0   0x080026d0   0x00000020   Code   RO         4968    i.__0printf         mc_w.l(printfa.o)
    0x080026f0   0x080026f0   0x00000034   Code   RO         4973    i.__0vsnprintf      mc_w.l(printfa.o)
    0x08002724   0x08002724   0x00000020   Code   RO         2473    i.__NVIC_SetPriority  stm32f1xx_hal_cortex.o
    0x08002744   0x08002744   0x0000000e   Code   RO         5038    i.__scatterload_copy  mc_w.l(handlers.o)
    0x08002752   0x08002752   0x00000002   Code   RO         5039    i.__scatterload_null  mc_w.l(handlers.o)
    0x08002754   0x08002754   0x0000000e   Code   RO         5040    i.__scatterload_zeroinit  mc_w.l(handlers.o)
    0x08002762   0x08002762   0x00000002   PAD
    0x08002764   0x08002764   0x00000184   Code   RO         4975    i._fp_digits        mc_w.l(printfa.o)
    0x080028e8   0x080028e8   0x000006b4   Code   RO         4976    i._printf_core      mc_w.l(printfa.o)
    0x08002f9c   0x08002f9c   0x00000024   Code   RO         4977    i._printf_post_padding  mc_w.l(printfa.o)
    0x08002fc0   0x08002fc0   0x0000002e   Code   RO         4978    i._printf_pre_padding  mc_w.l(printfa.o)
    0x08002fee   0x08002fee   0x00000016   Code   RO         4979    i._snputc           mc_w.l(printfa.o)
    0x08003004   0x08003004   0x0000032c   Code   RO          385    i.display_task      rtos_main.o
    0x08003330   0x08003330   0x00000018   Code   RO          592    i.fputc             uart.o
    0x08003348   0x08003348   0x00000074   Code   RO          386    i.gameover_task     rtos_main.o
    0x080033bc   0x080033bc   0x00000078   Code   RO          710    i.key_scan          key.o
    0x08003434   0x08003434   0x00000098   Code   RO          387    i.key_task          rtos_main.o
    0x080034cc   0x080034cc   0x00000054   Code   RO          637    i.log_init          log.o
    0x08003520   0x08003520   0x0000002c   Code   RO          638    i.log_print         log.o
    0x0800354c   0x0800354c   0x0000002c   Code   RO          388    i.log_task          rtos_main.o
    0x08003578   0x08003578   0x00000034   Code   RO           15    i.main              main.o
    0x080035ac   0x080035ac   0x00000020   Code   RO          752    i.oled_bind_spi     oled.o
    0x080035cc   0x080035cc   0x00000030   Code   RO          753    i.oled_clear_screen  oled.o
    0x080035fc   0x080035fc   0x00000176   Code   RO          754    i.oled_initialize   oled.o
    0x08003772   0x08003772   0x00000034   Code   RO          755    i.oled_set_cursor   oled.o
    0x080037a6   0x080037a6   0x00000002   PAD
    0x080037a8   0x080037a8   0x0000007c   Code   RO          756    i.oled_show_char    oled.o
    0x08003824   0x08003824   0x0000002c   Code   RO          757    i.oled_show_string  oled.o
    0x08003850   0x08003850   0x00000070   Code   RO         4217    i.prvAddCurrentTaskToDelayedList  tasks.o
    0x080038c0   0x080038c0   0x000000d0   Code   RO         4218    i.prvAddNewTaskToReadyList  tasks.o
    0x08003990   0x08003990   0x00000026   Code   RO         3883    i.prvCopyDataFromQueue  queue.o
    0x080039b6   0x080039b6   0x0000006c   Code   RO         3884    i.prvCopyDataToQueue  queue.o
    0x08003a22   0x08003a22   0x00000014   Code   RO         4219    i.prvDeleteTCB      tasks.o
    0x08003a36   0x08003a36   0x00000002   PAD
    0x08003a38   0x08003a38   0x0000004c   Code   RO         4655    i.prvHeapInit       heap_4.o
    0x08003a84   0x08003a84   0x0000005c   Code   RO         4220    i.prvIdleTask       tasks.o
    0x08003ae0   0x08003ae0   0x000000cc   Code   RO         4221    i.prvInitialiseNewTask  tasks.o
    0x08003bac   0x08003bac   0x0000004c   Code   RO         4656    i.prvInsertBlockIntoFreeList  heap_4.o
    0x08003bf8   0x08003bf8   0x0000001a   Code   RO         3885    i.prvIsQueueEmpty   queue.o
    0x08003c12   0x08003c12   0x00000002   PAD
    0x08003c14   0x08003c14   0x0000001c   Code   RO         4222    i.prvResetNextTaskUnblockTime  tasks.o
    0x08003c30   0x08003c30   0x0000006c   Code   RO         4568    i.prvTaskExitError  port.o
    0x08003c9c   0x08003c9c   0x0000006a   Code   RO         3886    i.prvUnlockQueue    queue.o
    0x08003d06   0x08003d06   0x00000002   PAD
    0x08003d08   0x08003d08   0x0000012c   Code   RO         4657    i.pvPortMalloc      heap_4.o
    0x08003e34   0x08003e34   0x00000024   Code   RO         4569    i.pxPortInitialiseStack  port.o
    0x08003e58   0x08003e58   0x000000e0   Code   RO          878    i.spi_initialize    spi.o
    0x08003f38   0x08003f38   0x0000002c   Code   RO          879    i.spi_reset         spi.o
    0x08003f64   0x08003f64   0x0000001a   Code   RO          880    i.spi_transmit      spi.o
    0x08003f7e   0x08003f7e   0x00000018   Code   RO          881    i.spi_write_cmd     spi.o
    0x08003f96   0x08003f96   0x00000018   Code   RO          882    i.spi_write_data    spi.o
    0x08003fae   0x08003fae   0x00000002   PAD
    0x08003fb0   0x08003fb0   0x000000c0   Code   RO         4225    i.ulTaskGenericNotifyTake  tasks.o
    0x08004070   0x08004070   0x00000026   Code   RO         3831    i.uxListRemove      list.o
    0x08004096   0x08004096   0x00000016   Code   RO         3832    i.vListInitialise   list.o
    0x080040ac   0x080040ac   0x00000006   Code   RO         3833    i.vListInitialiseItem  list.o
    0x080040b2   0x080040b2   0x00000030   Code   RO         3834    i.vListInsert       list.o
    0x080040e2   0x080040e2   0x00000018   Code   RO         3835    i.vListInsertEnd    list.o
    0x080040fa   0x080040fa   0x00000002   PAD
    0x080040fc   0x080040fc   0x00000080   Code   RO         4571    i.vPortEnterCritical  port.o
    0x0800417c   0x0800417c   0x0000006c   Code   RO         4572    i.vPortExitCritical  port.o
    0x080041e8   0x080041e8   0x000000a8   Code   RO         4658    i.vPortFree         heap_4.o
    0x08004290   0x08004290   0x00000024   Code   RO         4573    i.vPortSetupTimerInterrupt  port.o
    0x080042b4   0x080042b4   0x00000094   Code   RO         4574    i.vPortValidateInterruptPriority  port.o
    0x08004348   0x08004348   0x00000078   Code   RO         4231    i.vTaskDelay        tasks.o
    0x080043c0   0x080043c0   0x000000d8   Code   RO         4232    i.vTaskDelete       tasks.o
    0x08004498   0x08004498   0x00000010   Code   RO         4235    i.vTaskInternalSetTimeOutState  tasks.o
    0x080044a8   0x080044a8   0x0000000c   Code   RO         4236    i.vTaskMissedYield  tasks.o
    0x080044b4   0x080044b4   0x00000060   Code   RO         4237    i.vTaskPlaceOnEventList  tasks.o
    0x08004514   0x08004514   0x00000094   Code   RO         4244    i.vTaskStartScheduler  tasks.o
    0x080045a8   0x080045a8   0x00000010   Code   RO         4246    i.vTaskSuspendAll   tasks.o
    0x080045b8   0x080045b8   0x00000088   Code   RO         4247    i.vTaskSwitchContext  tasks.o
    0x08004640   0x08004640   0x000000fc   Code   RO         4575    i.xPortStartScheduler  port.o
    0x0800473c   0x0800473c   0x0000009c   Code   RO         3895    i.xQueueGenericCreate  queue.o
    0x080047d8   0x080047d8   0x000000b4   Code   RO         3896    i.xQueueGenericReset  queue.o
    0x0800488c   0x0800488c   0x00000180   Code   RO         3897    i.xQueueGenericSend  queue.o
    0x08004a0c   0x08004a0c   0x000000f0   Code   RO         3898    i.xQueueGenericSendFromISR  queue.o
    0x08004afc   0x08004afc   0x0000015c   Code   RO         3904    i.xQueueReceive     queue.o
    0x08004c58   0x08004c58   0x000000d0   Code   RO         3905    i.xQueueReceiveFromISR  queue.o
    0x08004d28   0x08004d28   0x000000a4   Code   RO         4249    i.xTaskCheckForTimeOut  tasks.o
    0x08004dcc   0x08004dcc   0x00000056   Code   RO         4250    i.xTaskCreate       tasks.o
    0x08004e22   0x08004e22   0x00000002   PAD
    0x08004e24   0x08004e24   0x0000012c   Code   RO         4252    i.xTaskGenericNotify  tasks.o
    0x08004f50   0x08004f50   0x0000001c   Code   RO         4257    i.xTaskGetSchedulerState  tasks.o
    0x08004f6c   0x08004f6c   0x000000f8   Code   RO         4260    i.xTaskIncrementTick  tasks.o
    0x08005064   0x08005064   0x000000b8   Code   RO         4261    i.xTaskPriorityDisinherit  tasks.o
    0x0800511c   0x0800511c   0x000000a4   Code   RO         4263    i.xTaskRemoveFromEventList  tasks.o
    0x080051c0   0x080051c0   0x000000f0   Code   RO         4264    i.xTaskResumeAll    tasks.o
    0x080052b0   0x080052b0   0x00000024   Data   RO          391    .constdata          rtos_main.o
    0x080052d4   0x080052d4   0x0000187b   Data   RO          760    .constdata          oled.o
    0x08006b4f   0x08006b4f   0x00000012   Data   RO         2171    .constdata          stm32f1xx_hal_rcc.o
    0x08006b61   0x08006b61   0x00000010   Data   RO         3647    .constdata          system_stm32f1xx.o
    0x08006b71   0x08006b71   0x00000008   Data   RO         3648    .constdata          system_stm32f1xx.o
    0x08006b79   0x08006b79   0x00000003   PAD
    0x08006b7c   0x08006b7c   0x00000020   Data   RO         5036    Region$$Table       anon$$obj.o


    Execution Region RW_IRAM1 (Exec base: 0x20000000, Load base: 0x08006b9c, Size: 0x00003210, Max: 0x0000c000, ABSOLUTE, COMPRESSED[0x000000a4])

    Exec Addr    Load Addr    Size         Type   Attr      Idx    E Section Name        Object

    0x20000000   COMPRESSED   0x0000002c   Data   RW          392    .data               rtos_main.o
    0x2000002c   COMPRESSED   0x00000004   Data   RW          639    .data               log.o
    0x20000030   COMPRESSED   0x00000060   Data   RW          711    .data               key.o
    0x20000090   COMPRESSED   0x00000040   Data   RW          761    .data               oled.o
    0x200000d0   COMPRESSED   0x00000018   Data   RW          884    .data               spi.o
    0x200000e8   COMPRESSED   0x00000018   Data   RW          885    .data               spi.o
    0x20000100   COMPRESSED   0x00000018   Data   RW          886    .data               spi.o
    0x20000118   COMPRESSED   0x00000018   Data   RW          887    .data               spi.o
    0x20000130   COMPRESSED   0x00000028   Data   RW          888    .data               spi.o
    0x20000158   COMPRESSED   0x0000000c   Data   RW         2008    .data               stm32f1xx_hal.o
    0x20000164   COMPRESSED   0x00000004   Data   RW         3649    .data               system_stm32f1xx.o
    0x20000168   COMPRESSED   0x00000040   Data   RW         4267    .data               tasks.o
    0x200001a8   COMPRESSED   0x0000000c   Data   RW         4576    .data               port.o
    0x200001b4   COMPRESSED   0x00000020   Data   RW         4664    .data               heap_4.o
    0x200001d4   COMPRESSED   0x00000004   Data   RW         4725    .data               mc_w.l(rand.o)
    0x200001d8   COMPRESSED   0x00000004   Data   RW         5012    .data               mc_w.l(stdout.o)
    0x200001dc        -       0x00000048   Zero   RW          321    .bss                stm32f1xx_hal_timebase_tim.o
    0x20000224        -       0x0000000c   Zero   RW          389    .bss                rtos_main.o
    0x20000230        -       0x00000048   Zero   RW          593    .bss                uart.o
    0x20000278        -       0x00000014   Zero   RW          759    .bss                oled.o
    0x2000028c        -       0x00000058   Zero   RW          883    .bss                spi.o
    0x200002e4        -       0x00000048   Zero   RW          935    .bss                tim3.o
    0x2000032c        -       0x000002e4   Zero   RW         4266    .bss                tasks.o
    0x20000610        -       0x00002800   Zero   RW         4663    .bss                heap_4.o
    0x20002e10        -       0x00000400   Zero   RW            1    STACK               startup_stm32f103xe.o


==============================================================================

Image component sizes


      Code (inc. data)   RO Data    RW Data    ZI Data      Debug   Object Name

         0          0          0          0          0       7556   event_groups.o
       294         26          0          0          0       2853   gpio.o
       620        150          0         32      10240       4163   heap_4.o
       120          4          0         96          0       1832   key.o
       138          0          0          0          0       3174   list.o
       128         48          0          4          0       9575   log.o
       144         20          0          0          0     497112   main.o
      2312         56       6267         64         20      18478   oled.o
      1010        412          0         12          0      10185   port.o
      1794        306          0          0          0      18409   queue.o
      1824        296         36         44         12     451322   rtos_main.o
       342         18          0        136         88       4131   spi.o
        36          8        304          0       1024        800   startup_stm32f103xe.o
       100         18          0         12          0       5830   stm32f1xx_hal.o
       158         14          0          0          0      28138   stm32f1xx_hal_cortex.o
       516         42          0          0          0       3475   stm32f1xx_hal_gpio.o
        60          8          0          0          0        874   stm32f1xx_hal_msp.o
      1308         94         18          0          0       5861   stm32f1xx_hal_rcc.o
       758          4          0          0          0       4900   stm32f1xx_hal_spi.o
      1078         40          0          0          0      10524   stm32f1xx_hal_tim.o
       128         20          0          0          0       2473   stm32f1xx_hal_tim_ex.o
       116         14          0          0         72       1411   stm32f1xx_hal_timebase_tim.o
       556          6          0          0          0       3956   stm32f1xx_hal_uart.o
        24          6          0          0          0       2999   stm32f1xx_it.o
         2          0         24          4          0       1107   system_stm32f1xx.o
      3030        822          0         64        740      31297   tasks.o
       160         26          0          0         72       2037   tim3.o
       184         28          0          0         72       2175   uart.o

    ----------------------------------------------------------------------
     16978       2486       6684        468      12340    1136647   Object Totals
         0          0         32          0          0          0   (incl. Generated)
        38          0          3          0          0          0   (incl. Padding)

    ----------------------------------------------------------------------

      Code (inc. data)   RO Data    RW Data    ZI Data      Debug   Library Member Name

        86          0          0          0          0          0   __dczerorl2.o
         0          0          0          0          0          0   entry.o
         0          0          0          0          0          0   entry10a.o
         0          0          0          0          0          0   entry11a.o
         4          0          0          0          0          0   entry12b.o
         8          4          0          0          0          0   entry2.o
         4          0          0          0          0          0   entry5.o
         0          0          0          0          0          0   entry7b.o
         0          0          0          0          0          0   entry8b.o
         8          4          0          0          0          0   entry9a.o
        30          0          0          0          0          0   handlers.o
        36          8          0          0          0         68   init.o
         0          0          0          0          0          0   iusefp.o
        30          0          0          0          0         68   llshl.o
        36          0          0          0          0         68   llsshr.o
        32          0          0          0          0         68   llushr.o
        36          0          0          0          0         68   memcpya.o
        36          0          0          0          0        108   memseta.o
      2292         96          0          0          0        612   printfa.o
        36         10          0          4          0        136   rand.o
         0          0          0          4          0          0   stdout.o
        44          0          0          0          0         80   uidiv.o
        98          0          0          0          0         92   uldiv.o
        48          0          0          0          0         68   cdrcmple.o
       334          0          0          0          0        148   dadd.o
       222          0          0          0          0        100   ddiv.o
       186          0          0          0          0        176   depilogue.o
        48          0          0          0          0         68   dfixul.o
       228          0          0          0          0         96   dmul.o

    ----------------------------------------------------------------------
      3886        122          0          8          0       2024   Library Totals
         4          0          0          0          0          0   (incl. Padding)

    ----------------------------------------------------------------------

      Code (inc. data)   RO Data    RW Data    ZI Data      Debug   Library Name

      2816        122          0          8          0       1368   mc_w.l
      1066          0          0          0          0        656   mf_w.l

    ----------------------------------------------------------------------
      3886        122          0          8          0       2024   Library Totals

    ----------------------------------------------------------------------

==============================================================================


      Code (inc. data)   RO Data    RW Data    ZI Data      Debug   

     20864       2608       6684        476      12340    1130323   Grand Totals
     20864       2608       6684        164      12340    1130323   ELF Image Totals (compressed)
     20864       2608       6684        164          0          0   ROM Totals

==============================================================================

    Total RO  Size (Code + RO Data)                27548 (  26.90kB)
    Total RW  Size (RW Data + ZI Data)             12816 (  12.52kB)
    Total ROM Size (Code + RO Data + RW Data)      27712 (  27.06kB)

==============================================================================

